<html>
<body>
<pre>
<h1>µVision Build Log</h1>
<h2>Tool Versions:</h2>
IDE-Version: ¦ÌVision V5.29.0.0
Copyright (C) 2019 ARM Ltd and ARM Germany GmbH. All rights reserved.
License Information: Xilin Qian, NJTECH, LIC=9WSKC-7HUJV-Z9XG9-4G97Q-LC2L7-K2JR1
 
Tool Versions:
Toolchain:       MDK-ARM Plus  Version: 5.29.0.0
Toolchain Path:  C:\Keil_v5\ARM\ARMCC\Bin
C Compiler:      Armcc.exe V5.06 update 6 (build 750)
Assembler:       Armasm.exe V5.06 update 6 (build 750)
Linker/Locator:  ArmLink.exe V5.06 update 6 (build 750)
Library Manager: ArmAr.exe V5.06 update 6 (build 750)
Hex Converter:   FromElf.exe V5.06 update 6 (build 750)
CPU DLL:         SARMCM3.DLL V5.29.0.0
Dialog DLL:      DCM.DLL V1.17.3.0
Target DLL:      CMSIS_AGDI.dll V1.32.0.0
Dialog DLL:      TCM.DLL V1.36.5.0
 
<h2>Project:</h2>
E:\CubeMXprj\HAL_06_LCD\MDK-ARM\HAL_06_LCD.uvprojx
Project File Date:  01/12/2023

<h2>Output:</h2>
*** Using Compiler 'V5.06 update 6 (build 750)', folder: 'C:\Keil_v5\ARM\ARMCC\Bin'
Build target 'HAL_06_LCD'
compiling main.c...
../Src/main.c(236): warning:  #1035-D: single-precision operand implicitly converted to double-precision
  		sprintf(text,"  AUTO PA:%d%%   ",(int)(get_adc(&hadc2)/3.3*100)/1);
../Src/main.c(260): warning:  #1035-D: single-precision operand implicitly converted to double-precision
  		__HAL_TIM_SetCompare(&htim16,TIM_CHANNEL_1,(int)(get_adc(&hadc2)/3.3*100)/1);
../Src/main.c(260): warning:  #1035-D: single-precision operand implicitly converted to double-precision
  		__HAL_TIM_SetCompare(&htim16,TIM_CHANNEL_1,(int)(get_adc(&hadc2)/3.3*100)/1);
../Src/main.c(260): warning:  #1035-D: single-precision operand implicitly converted to double-precision
  		__HAL_TIM_SetCompare(&htim16,TIM_CHANNEL_1,(int)(get_adc(&hadc2)/3.3*100)/1);
../Src/main.c(260): warning:  #1035-D: single-precision operand implicitly converted to double-precision
  		__HAL_TIM_SetCompare(&htim16,TIM_CHANNEL_1,(int)(get_adc(&hadc2)/3.3*100)/1);
../Src/main.c(260): warning:  #1035-D: single-precision operand implicitly converted to double-precision
  		__HAL_TIM_SetCompare(&htim16,TIM_CHANNEL_1,(int)(get_adc(&hadc2)/3.3*100)/1);
../Src/main.c(260): warning:  #1035-D: single-precision operand implicitly converted to double-precision
  		__HAL_TIM_SetCompare(&htim16,TIM_CHANNEL_1,(int)(get_adc(&hadc2)/3.3*100)/1);
../Src/main.c(261): warning:  #1035-D: single-precision operand implicitly converted to double-precision
  		__HAL_TIM_SetCompare(&htim17,TIM_CHANNEL_1,(int)(get_adc(&hadc2)/3.3*100)/1);
../Src/main.c(261): warning:  #1035-D: single-precision operand implicitly converted to double-precision
  		__HAL_TIM_SetCompare(&htim17,TIM_CHANNEL_1,(int)(get_adc(&hadc2)/3.3*100)/1);
../Src/main.c(261): warning:  #1035-D: single-precision operand implicitly converted to double-precision
  		__HAL_TIM_SetCompare(&htim17,TIM_CHANNEL_1,(int)(get_adc(&hadc2)/3.3*100)/1);
../Src/main.c(261): warning:  #1035-D: single-precision operand implicitly converted to double-precision
  		__HAL_TIM_SetCompare(&htim17,TIM_CHANNEL_1,(int)(get_adc(&hadc2)/3.3*100)/1);
../Src/main.c(261): warning:  #1035-D: single-precision operand implicitly converted to double-precision
  		__HAL_TIM_SetCompare(&htim17,TIM_CHANNEL_1,(int)(get_adc(&hadc2)/3.3*100)/1);
../Src/main.c(261): warning:  #1035-D: single-precision operand implicitly converted to double-precision
  		__HAL_TIM_SetCompare(&htim17,TIM_CHANNEL_1,(int)(get_adc(&hadc2)/3.3*100)/1);
../Src/main.c: 13 warnings, 0 errors
linking...
Program Size: Code=16724 RO-data=5080 RW-data=48 ZI-data=1360  
FromELF: creating hex file...
"HAL_06_LCD\HAL_06_LCD.axf" - 0 Error(s), 13 Warning(s).

<h2>Software Packages used:</h2>

Package Vendor: ARM
                http://www.keil.com/pack/ARM.CMSIS.5.6.0.pack
                ARM.CMSIS.5.6.0
                CMSIS (Cortex Microcontroller Software Interface Standard)
   * Component: CORE Version: 5.3.0

Package Vendor: Keil
                https://www.keil.com/pack/Keil.STM32G4xx_DFP.1.5.0.pack
                Keil.STM32G4xx_DFP.1.5.0
                STMicroelectronics STM32G4 Series Device Support, Drivers and Examples

<h2>Collection of Component include folders:</h2>
  .\RTE\_HAL_06_LCD
  C:\Keil_v5\Packs\ARM\CMSIS\5.6.0\CMSIS\Core\Include
  C:\Keil_v5\Packs\Keil\STM32G4xx_DFP\1.5.0\Drivers\CMSIS\Device\ST\STM32G4xx\Include

<h2>Collection of Component Files used:</h2>

   * Component: ARM::CMSIS:CORE:5.3.0
Build Time Elapsed:  00:00:02
</pre>
</body>
</html>
