Component: ARM Compiler 5.06 update 6 (build 750) Tool: armlink [4d35ed]

==============================================================================

Section Cross References

    startup_stm32g431xx.o(RESET) refers to startup_stm32g431xx.o(STACK) for __initial_sp
    startup_stm32g431xx.o(RESET) refers to startup_stm32g431xx.o(.text) for Reset_Handler
    startup_stm32g431xx.o(RESET) refers to stm32g4xx_it.o(i.NMI_Handler) for NMI_Handler
    startup_stm32g431xx.o(RESET) refers to stm32g4xx_it.o(i.HardFault_Handler) for HardFault_Handler
    startup_stm32g431xx.o(RESET) refers to stm32g4xx_it.o(i.MemManage_Handler) for MemManage_Handler
    startup_stm32g431xx.o(RESET) refers to stm32g4xx_it.o(i.BusFault_Handler) for BusFault_Handler
    startup_stm32g431xx.o(RESET) refers to stm32g4xx_it.o(i.UsageFault_Handler) for UsageFault_Handler
    startup_stm32g431xx.o(RESET) refers to stm32g4xx_it.o(i.SVC_Handler) for SVC_Handler
    startup_stm32g431xx.o(RESET) refers to stm32g4xx_it.o(i.DebugMon_Handler) for DebugMon_Handler
    startup_stm32g431xx.o(RESET) refers to stm32g4xx_it.o(i.PendSV_Handler) for PendSV_Handler
    startup_stm32g431xx.o(RESET) refers to stm32g4xx_it.o(i.SysTick_Handler) for SysTick_Handler
    startup_stm32g431xx.o(RESET) refers to stm32g4xx_it.o(i.TIM3_IRQHandler) for TIM3_IRQHandler
    startup_stm32g431xx.o(RESET) refers to stm32g4xx_it.o(i.TIM4_IRQHandler) for TIM4_IRQHandler
    startup_stm32g431xx.o(RESET) refers to stm32g4xx_it.o(i.USART1_IRQHandler) for USART1_IRQHandler
    startup_stm32g431xx.o(.text) refers to system_stm32g4xx.o(i.SystemInit) for SystemInit
    startup_stm32g431xx.o(.text) refers to entry.o(.ARM.Collect$$$$00000000) for __main
    lcd.o(i.LCD_BusIn) refers to memseta.o(.text) for __aeabi_memclr4
    lcd.o(i.LCD_BusIn) refers to stm32g4xx_hal_gpio.o(i.HAL_GPIO_Init) for HAL_GPIO_Init
    lcd.o(i.LCD_BusOut) refers to memseta.o(.text) for __aeabi_memclr4
    lcd.o(i.LCD_BusOut) refers to stm32g4xx_hal_gpio.o(i.HAL_GPIO_Init) for HAL_GPIO_Init
    lcd.o(i.LCD_Clear) refers to lcd.o(i.LCD_SetCursor) for LCD_SetCursor
    lcd.o(i.LCD_Clear) refers to lcd.o(i.LCD_WriteRAM_Prepare) for LCD_WriteRAM_Prepare
    lcd.o(i.LCD_Clear) refers to lcd.o(i.LCD_WriteRAM) for LCD_WriteRAM
    lcd.o(i.LCD_ClearLine) refers to lcd.o(i.LCD_DisplayStringLine) for LCD_DisplayStringLine
    lcd.o(i.LCD_CtrlLinesConfig) refers to memseta.o(.text) for __aeabi_memclr4
    lcd.o(i.LCD_CtrlLinesConfig) refers to stm32g4xx_hal_gpio.o(i.HAL_GPIO_Init) for HAL_GPIO_Init
    lcd.o(i.LCD_CtrlLinesConfig) refers to lcd.o(i.LCD_BusOut) for LCD_BusOut
    lcd.o(i.LCD_DisplayChar) refers to lcd.o(i.LCD_DrawChar) for LCD_DrawChar
    lcd.o(i.LCD_DisplayChar) refers to lcd.o(.constdata) for .constdata
    lcd.o(i.LCD_DisplayOff) refers to lcd.o(i.LCD_WriteReg) for LCD_WriteReg
    lcd.o(i.LCD_DisplayOn) refers to lcd.o(i.LCD_WriteReg) for LCD_WriteReg
    lcd.o(i.LCD_DisplayStringLine) refers to lcd.o(i.LCD_DisplayChar) for LCD_DisplayChar
    lcd.o(i.LCD_DrawChar) refers to lcd.o(i.LCD_SetCursor) for LCD_SetCursor
    lcd.o(i.LCD_DrawChar) refers to lcd.o(i.LCD_WriteRAM_Prepare) for LCD_WriteRAM_Prepare
    lcd.o(i.LCD_DrawChar) refers to lcd.o(i.LCD_WriteRAM) for LCD_WriteRAM
    lcd.o(i.LCD_DrawChar) refers to lcd.o(.data) for .data
    lcd.o(i.LCD_DrawCircle) refers to lcd.o(i.LCD_SetCursor) for LCD_SetCursor
    lcd.o(i.LCD_DrawCircle) refers to lcd.o(i.LCD_WriteRAM_Prepare) for LCD_WriteRAM_Prepare
    lcd.o(i.LCD_DrawCircle) refers to lcd.o(i.LCD_WriteRAM) for LCD_WriteRAM
    lcd.o(i.LCD_DrawCircle) refers to lcd.o(.data) for .data
    lcd.o(i.LCD_DrawLine) refers to lcd.o(i.LCD_SetCursor) for LCD_SetCursor
    lcd.o(i.LCD_DrawLine) refers to lcd.o(i.LCD_WriteRAM_Prepare) for LCD_WriteRAM_Prepare
    lcd.o(i.LCD_DrawLine) refers to lcd.o(i.LCD_WriteRAM) for LCD_WriteRAM
    lcd.o(i.LCD_DrawLine) refers to lcd.o(.data) for .data
    lcd.o(i.LCD_DrawMonoPict) refers to lcd.o(i.LCD_SetCursor) for LCD_SetCursor
    lcd.o(i.LCD_DrawMonoPict) refers to lcd.o(i.LCD_WriteRAM_Prepare) for LCD_WriteRAM_Prepare
    lcd.o(i.LCD_DrawMonoPict) refers to lcd.o(i.LCD_WriteRAM) for LCD_WriteRAM
    lcd.o(i.LCD_DrawMonoPict) refers to lcd.o(.data) for .data
    lcd.o(i.LCD_DrawPicture) refers to lcd.o(i.LCD_SetCursor) for LCD_SetCursor
    lcd.o(i.LCD_DrawPicture) refers to lcd.o(i.LCD_WriteRAM_Prepare) for LCD_WriteRAM_Prepare
    lcd.o(i.LCD_DrawPicture) refers to lcd.o(i.LCD_WriteRAM) for LCD_WriteRAM
    lcd.o(i.LCD_DrawRect) refers to lcd.o(i.LCD_DrawLine) for LCD_DrawLine
    lcd.o(i.LCD_Init) refers to lcd.o(i.LCD_CtrlLinesConfig) for LCD_CtrlLinesConfig
    lcd.o(i.LCD_Init) refers to lcd.o(i.LCD_ReadReg) for LCD_ReadReg
    lcd.o(i.LCD_Init) refers to lcd.o(i.REG_932X_Init) for REG_932X_Init
    lcd.o(i.LCD_Init) refers to lcd.o(i.REG_8230_Init) for REG_8230_Init
    lcd.o(i.LCD_Init) refers to lcd.o(.data) for .data
    lcd.o(i.LCD_PowerOn) refers to lcd.o(i.LCD_WriteReg) for LCD_WriteReg
[...]
    ..\\bsp\\led.c                           0x00000000   Number         0  led.o ABSOLUTE
    ..\\bsp\\myadc.c                         0x00000000   Number         0  myadc.o ABSOLUTE
    ..\bsp\i2c.c                             0x00000000   Number         0  i2c.o ABSOLUTE
    ..\bsp\interrupt.c                       0x00000000   Number         0  interrupt.o ABSOLUTE
    ..\bsp\led.c                             0x00000000   Number         0  led.o ABSOLUTE
    ..\bsp\myadc.c                           0x00000000   Number         0  myadc.o ABSOLUTE
    cdrcmple.s                               0x00000000   Number         0  cdrcmple.o ABSOLUTE
    dc.s                                     0x00000000   Number         0  dc.o ABSOLUTE
    handlers.s                               0x00000000   Number         0  handlers.o ABSOLUTE
    init.s                                   0x00000000   Number         0  init.o ABSOLUTE
    startup_stm32g431xx.s                    0x00000000   Number         0  startup_stm32g431xx.o ABSOLUTE
    RESET                                    0x08000000   Section      472  startup_stm32g431xx.o(RESET)
    .ARM.Collect$$$$00000000                 0x080001d8   Section        0  entry.o(.ARM.Collect$$$$00000000)
    .ARM.Collect$$$$00000001                 0x080001d8   Section        4  entry2.o(.ARM.Collect$$$$00000001)
    .ARM.Collect$$$$00000004                 0x080001dc   Section        4  entry5.o(.ARM.Collect$$$$00000004)
    .ARM.Collect$$$$00000008                 0x080001e0   Section        0  entry7b.o(.ARM.Collect$$$$00000008)
    .ARM.Collect$$$$0000000A                 0x080001e0   Section        0  entry8b.o(.ARM.Collect$$$$0000000A)
    .ARM.Collect$$$$0000000B                 0x080001e0   Section        8  entry9a.o(.ARM.Collect$$$$0000000B)
    .ARM.Collect$$$$0000000D                 0x080001e8   Section        0  entry10a.o(.ARM.Collect$$$$0000000D)
    .ARM.Collect$$$$0000000F                 0x080001e8   Section        0  entry11a.o(.ARM.Collect$$$$0000000F)
    .ARM.Collect$$$$00002712                 0x080001e8   Section        4  entry2.o(.ARM.Collect$$$$00002712)
    __lit__00000000                          0x080001e8   Data           4  entry2.o(.ARM.Collect$$$$00002712)
    .text                                    0x080001ec   Section       36  startup_stm32g431xx.o(.text)
    $v0                                      0x080001ec   Number         0  startup_stm32g431xx.o(.text)
    .text                                    0x08000210   Section        0  uldiv.o(.text)
    .text                                    0x08000272   Section        0  memseta.o(.text)
    .text                                    0x08000296   Section        0  strlen.o(.text)
    .text                                    0x080002a4   Section        0  dmul.o(.text)
    .text                                    0x08000388   Section        0  dfltui.o(.text)
    .text                                    0x080003a2   Section        0  f2d.o(.text)
    .text                                    0x080003c8   Section       48  cdrcmple.o(.text)
    .text                                    0x080003f8   Section        0  d2f.o(.text)
    .text                                    0x08000430   Section        0  uidiv.o(.text)
    .text                                    0x0800045c   Section        0  llshl.o(.text)
    .text                                    0x0800047a   Section        0  llushr.o(.text)
    .text                                    0x0800049a   Section        0  fepilogue.o(.text)
    .text                                    0x0800049a   Section        0  iusefp.o(.text)
    .text                                    0x08000508   Section        0  depilogue.o(.text)
    .text                                    0x080005c2   Section        0  dadd.o(.text)
    .text                                    0x08000710   Section        0  ddiv.o(.text)
    .text                                    0x080007ee   Section        0  dfixul.o(.text)
    .text                                    0x08000820   Section       36  init.o(.text)
    .text                                    0x08000844   Section        0  llsshr.o(.text)
    i.ADC_Enable                             0x08000868   Section        0  stm32g4xx_hal_adc.o(i.ADC_Enable)
    i.BusFault_Handler                       0x080008dc   Section        0  stm32g4xx_it.o(i.BusFault_Handler)
    i.DebugMon_Handler                       0x080008de   Section        0  stm32g4xx_it.o(i.DebugMon_Handler)
    i.Delay_LCD                              0x080008e0   Section        0  lcd.o(i.Delay_LCD)
    i.Error_Handler                          0x080008fc   Section        0  main.o(i.Error_Handler)
    i.HAL_ADC_ConfigChannel                  0x08000900   Section        0  stm32g4xx_hal_adc.o(i.HAL_ADC_ConfigChannel)
    i.HAL_ADC_GetValue                       0x08000d18   Section        0  stm32g4xx_hal_adc.o(i.HAL_ADC_GetValue)
    i.HAL_ADC_Init                           0x08000d20   Section        0  stm32g4xx_hal_adc.o(i.HAL_ADC_Init)
    i.HAL_ADC_MspInit                        0x08000f1c   Section        0  adc.o(i.HAL_ADC_MspInit)
    i.HAL_ADC_Start                          0x08000f94   Section        0  stm32g4xx_hal_adc.o(i.HAL_ADC_Start)
    i.HAL_DMA_Abort                          0x08001088   Section        0  stm32g4xx_hal_dma.o(i.HAL_DMA_Abort)
    i.HAL_DMA_Abort_IT                       0x080010f2   Section        0  stm32g4xx_hal_dma.o(i.HAL_DMA_Abort_IT)
    i.HAL_Delay                              0x0800116c   Section        0  stm32g4xx_hal.o(i.HAL_Delay)
    i.HAL_GPIO_Init                          0x08001190   Section        0  stm32g4xx_hal_gpio.o(i.HAL_GPIO_Init)
    i.HAL_GPIO_ReadPin                       0x080013d8   Section        0  stm32g4xx_hal_gpio.o(i.HAL_GPIO_ReadPin)
    i.HAL_GPIO_WritePin                      0x080013e2   Section        0  stm32g4xx_hal_gpio.o(i.HAL_GPIO_WritePin)
    i.HAL_GetTick                            0x080013ec   Section        0  stm32g4xx_hal.o(i.HAL_GetTick)
    i.HAL_IncTick                            0x080013f8   Section        0  stm32g4xx_hal.o(i.HAL_IncTick)
    i.HAL_Init                               0x08001408   Section        0  stm32g4xx_hal.o(i.HAL_Init)
    i.HAL_InitTick                           0x08001428   Section        0  stm32g4xx_hal.o(i.HAL_InitTick)
    i.HAL_MspInit                            0x0800146c   Section        0  stm32g4xx_hal_msp.o(i.HAL_MspInit)
    i.HAL_NVIC_EnableIRQ                     0x0800149c   Section        0  stm32g4xx_hal_cortex.o(i.HAL_NVIC_EnableIRQ)
    i.HAL_NVIC_SetPriority                   0x080014b8   Section        0  stm32g4xx_hal_cortex.o(i.HAL_NVIC_SetPriority)
    i.HAL_NVIC_SetPriorityGrouping           0x080014f8   Section        0  stm32g4xx_hal_cortex.o(i.HAL_NVIC_SetPriorityGrouping)
    i.HAL_PWREx_ControlVoltageScaling        0x0800151c   Section        0  stm32g4xx_hal_pwr_ex.o(i.HAL_PWREx_ControlVoltageScaling)
    i.HAL_PWREx_DisableUCPDDeadBattery       0x080015d8   Section        0  stm32g4xx_hal_pwr_ex.o(i.HAL_PWREx_DisableUCPDDeadBattery)
    i.HAL_RCCEx_PeriphCLKConfig              0x080015e8   Section        0  stm32g4xx_hal_rcc_ex.o(i.HAL_RCCEx_PeriphCLKConfig)
    i.HAL_RCC_ClockConfig                    0x08001870   Section        0  stm32g4xx_hal_rcc.o(i.HAL_RCC_ClockConfig)
    i.HAL_RCC_GetPCLK1Freq                   0x08001a4c   Section        0  stm32g4xx_hal_rcc.o(i.HAL_RCC_GetPCLK1Freq)
    i.HAL_RCC_GetPCLK2Freq                   0x08001a70   Section        0  stm32g4xx_hal_rcc.o(i.HAL_RCC_GetPCLK2Freq)
    i.HAL_RCC_GetSysClockFreq                0x08001a94   Section        0  stm32g4xx_hal_rcc.o(i.HAL_RCC_GetSysClockFreq)
    i.HAL_RCC_OscConfig                      0x08001b04   Section        0  stm32g4xx_hal_rcc.o(i.HAL_RCC_OscConfig)
    i.HAL_RTC_GetDate                        0x08001f10   Section        0  stm32g4xx_hal_rtc.o(i.HAL_RTC_GetDate)
    i.HAL_RTC_GetTime                        0x08001f54   Section        0  stm32g4xx_hal_rtc.o(i.HAL_RTC_GetTime)
    i.HAL_RTC_Init                           0x08001fa8   Section        0  stm32g4xx_hal_rtc.o(i.HAL_RTC_Init)
    i.HAL_RTC_MspInit                        0x0800203c   Section        0  rtc.o(i.HAL_RTC_MspInit)
    i.HAL_RTC_SetDate                        0x08002094   Section        0  stm32g4xx_hal_rtc.o(i.HAL_RTC_SetDate)
    i.HAL_RTC_SetTime                        0x08002134   Section        0  stm32g4xx_hal_rtc.o(i.HAL_RTC_SetTime)
    i.HAL_RTC_WaitForSynchro                 0x08002200   Section        0  stm32g4xx_hal_rtc.o(i.HAL_RTC_WaitForSynchro)
    i.HAL_SYSTICK_Config                     0x08002236   Section        0  stm32g4xx_hal_cortex.o(i.HAL_SYSTICK_Config)
    i.HAL_TIMEx_Break2Callback               0x0800225e   Section        0  stm32g4xx_hal_tim_ex.o(i.HAL_TIMEx_Break2Callback)
    i.HAL_TIMEx_BreakCallback                0x08002260   Section        0  stm32g4xx_hal_tim_ex.o(i.HAL_TIMEx_BreakCallback)
    i.HAL_TIMEx_CommutCallback               0x08002262   Section        0  stm32g4xx_hal_tim_ex.o(i.HAL_TIMEx_CommutCallback)
    i.HAL_TIMEx_DirectionChangeCallback      0x08002264   Section        0  stm32g4xx_hal_tim_ex.o(i.HAL_TIMEx_DirectionChangeCallback)
    i.HAL_TIMEx_EncoderIndexCallback         0x08002266   Section        0  stm32g4xx_hal_tim_ex.o(i.HAL_TIMEx_EncoderIndexCallback)
    i.HAL_TIMEx_IndexErrorCallback           0x08002268   Section        0  stm32g4xx_hal_tim_ex.o(i.HAL_TIMEx_IndexErrorCallback)
    i.HAL_TIMEx_MasterConfigSynchronization  0x0800226c   Section        0  stm32g4xx_hal_tim_ex.o(i.HAL_TIMEx_MasterConfigSynchronization)
    i.HAL_TIMEx_TransitionErrorCallback      0x08002308   Section        0  stm32g4xx_hal_tim_ex.o(i.HAL_TIMEx_TransitionErrorCallback)
    i.HAL_TIM_Base_Init                      0x0800230a   Section        0  stm32g4xx_hal_tim.o(i.HAL_TIM_Base_Init)
    i.HAL_TIM_Base_MspInit                   0x0800236c   Section        0  tim.o(i.HAL_TIM_Base_MspInit)
    i.HAL_TIM_Base_Start_IT                  0x080023d0   Section        0  stm32g4xx_hal_tim.o(i.HAL_TIM_Base_Start_IT)
    i.HAL_TIM_ConfigClockSource              0x08002448   Section        0  stm32g4xx_hal_tim.o(i.HAL_TIM_ConfigClockSource)
    i.HAL_TIM_IC_CaptureCallback             0x08002548   Section        0  stm32g4xx_hal_tim.o(i.HAL_TIM_IC_CaptureCallback)
    i.HAL_TIM_IRQHandler                     0x0800254a   Section        0  stm32g4xx_hal_tim.o(i.HAL_TIM_IRQHandler)
    i.HAL_TIM_OC_DelayElapsedCallback        0x08002746   Section        0  stm32g4xx_hal_tim.o(i.HAL_TIM_OC_DelayElapsedCallback)
    i.HAL_TIM_PWM_PulseFinishedCallback      0x08002748   Section        0  stm32g4xx_hal_tim.o(i.HAL_TIM_PWM_PulseFinishedCallback)
    i.HAL_TIM_PeriodElapsedCallback          0x0800274c   Section        0  interrupt.o(i.HAL_TIM_PeriodElapsedCallback)
    i.HAL_TIM_TriggerCallback                0x0800282c   Section        0  stm32g4xx_hal_tim.o(i.HAL_TIM_TriggerCallback)
    i.HAL_UARTEx_DisableFifoMode             0x0800282e   Section        0  stm32g4xx_hal_uart_ex.o(i.HAL_UARTEx_DisableFifoMode)
    i.HAL_UARTEx_RxEventCallback             0x0800286c   Section        0  stm32g4xx_hal_uart.o(i.HAL_UARTEx_RxEventCallback)
    i.HAL_UARTEx_RxFifoFullCallback          0x0800286e   Section        0  stm32g4xx_hal_uart_ex.o(i.HAL_UARTEx_RxFifoFullCallback)
    i.HAL_UARTEx_SetRxFifoThreshold          0x08002870   Section        0  stm32g4xx_hal_uart_ex.o(i.HAL_UARTEx_SetRxFifoThreshold)
    i.HAL_UARTEx_SetTxFifoThreshold          0x080028bc   Section        0  stm32g4xx_hal_uart_ex.o(i.HAL_UARTEx_SetTxFifoThreshold)
    i.HAL_UARTEx_TxFifoEmptyCallback         0x08002908   Section        0  stm32g4xx_hal_uart_ex.o(i.HAL_UARTEx_TxFifoEmptyCallback)
    i.HAL_UARTEx_WakeupCallback              0x0800290a   Section        0  stm32g4xx_hal_uart_ex.o(i.HAL_UARTEx_WakeupCallback)
    i.HAL_UART_ErrorCallback                 0x0800290c   Section        0  stm32g4xx_hal_uart.o(i.HAL_UART_ErrorCallback)
    i.HAL_UART_IRQHandler                    0x08002910   Section        0  stm32g4xx_hal_uart.o(i.HAL_UART_IRQHandler)
    i.HAL_UART_Init                          0x08002bf0   Section        0  stm32g4xx_hal_uart.o(i.HAL_UART_Init)
    i.HAL_UART_MspInit                       0x08002c5c   Section        0  usart.o(i.HAL_UART_MspInit)
    i.HAL_UART_Receive_IT                    0x08002ce8   Section        0  stm32g4xx_hal_uart.o(i.HAL_UART_Receive_IT)
    i.HAL_UART_RxCpltCallback                0x08002d3c   Section        0  interrupt.o(i.HAL_UART_RxCpltCallback)
    i.HAL_UART_Transmit                      0x08002d70   Section        0  stm32g4xx_hal_uart.o(i.HAL_UART_Transmit)
    i.HAL_UART_TxCpltCallback                0x08002e2c   Section        0  stm32g4xx_hal_uart.o(i.HAL_UART_TxCpltCallback)
    i.HardFault_Handler                      0x08002e2e   Section        0  stm32g4xx_it.o(i.HardFault_Handler)
    i.I2CReceiveByte                         0x08002e30   Section        0  i2c.o(i.I2CReceiveByte)
    i.I2CSendByte                            0x08002e7e   Section        0  i2c.o(i.I2CSendByte)
    i.I2CStart                               0x08002ecc   Section        0  i2c.o(i.I2CStart)
    i.I2CStop                                0x08002f02   Section        0  i2c.o(i.I2CStop)
    i.I2CWaitAck                             0x08002f38   Section        0  i2c.o(i.I2CWaitAck)
    i.LCD_BusIn                              0x08002f88   Section        0  lcd.o(i.LCD_BusIn)
    i.LCD_BusOut                             0x08002fb4   Section        0  lcd.o(i.LCD_BusOut)
    i.LCD_Clear                              0x08002fe4   Section        0  lcd.o(i.LCD_Clear)
    i.LCD_CtrlLinesConfig                    0x08003008   Section        0  lcd.o(i.LCD_CtrlLinesConfig)
    i.LCD_DisplayChar                        0x08003098   Section        0  lcd.o(i.LCD_DisplayChar)
    i.LCD_DisplayStringLine                  0x080030b0   Section        0  lcd.o(i.LCD_DisplayStringLine)
    i.LCD_DrawChar                           0x080030dc   Section        0  lcd.o(i.LCD_DrawChar)
    i.LCD_Init                               0x08003134   Section        0  lcd.o(i.LCD_Init)
    i.LCD_ReadReg                            0x08003168   Section        0  lcd.o(i.LCD_ReadReg)
    i.LCD_SetBackColor                       0x080031e8   Section        0  lcd.o(i.LCD_SetBackColor)
    i.LCD_SetCursor                          0x080031f8   Section        0  lcd.o(i.LCD_SetCursor)
    i.LCD_SetTextColor                       0x08003210   Section        0  lcd.o(i.LCD_SetTextColor)
    i.LCD_WriteRAM                           0x08003220   Section        0  lcd.o(i.LCD_WriteRAM)
    i.LCD_WriteRAM_Prepare                   0x08003278   Section        0  lcd.o(i.LCD_WriteRAM_Prepare)
    i.LCD_WriteReg                           0x080032d4   Section        0  lcd.o(i.LCD_WriteReg)
    i.LL_ADC_GetOffsetChannel                0x08003340   Section        0  stm32g4xx_hal_adc.o(i.LL_ADC_GetOffsetChannel)
    LL_ADC_GetOffsetChannel                  0x08003341   Thumb Code    12  stm32g4xx_hal_adc.o(i.LL_ADC_GetOffsetChannel)
    i.LL_ADC_INJ_IsConversionOngoing         0x0800334c   Section        0  stm32g4xx_hal_adc.o(i.LL_ADC_INJ_IsConversionOngoing)
    LL_ADC_INJ_IsConversionOngoing           0x0800334d   Thumb Code     8  stm32g4xx_hal_adc.o(i.LL_ADC_INJ_IsConversionOngoing)
    i.LL_ADC_REG_IsConversionOngoing         0x08003354   Section        0  stm32g4xx_hal_adc.o(i.LL_ADC_REG_IsConversionOngoing)
    LL_ADC_REG_IsConversionOngoing           0x08003355   Thumb Code     8  stm32g4xx_hal_adc.o(i.LL_ADC_REG_IsConversionOngoing)
    i.LL_ADC_SetChannelSamplingTime          0x0800335c   Section        0  stm32g4xx_hal_adc.o(i.LL_ADC_SetChannelSamplingTime)
    LL_ADC_SetChannelSamplingTime            0x0800335d   Thumb Code    30  stm32g4xx_hal_adc.o(i.LL_ADC_SetChannelSamplingTime)
    i.LL_ADC_SetOffsetState                  0x0800337a   Section        0  stm32g4xx_hal_adc.o(i.LL_ADC_SetOffsetState)
    LL_ADC_SetOffsetState                    0x0800337b   Thumb Code    16  stm32g4xx_hal_adc.o(i.LL_ADC_SetOffsetState)
    i.MX_ADC2_Init                           0x0800338c   Section        0  adc.o(i.MX_ADC2_Init)
    i.MX_GPIO_Init                           0x08003408   Section        0  gpio.o(i.MX_GPIO_Init)
    i.MX_RTC_Init                            0x08003524   Section        0  rtc.o(i.MX_RTC_Init)
    i.MX_TIM3_Init                           0x080035b4   Section        0  tim.o(i.MX_TIM3_Init)
    i.MX_TIM4_Init                           0x0800361c   Section        0  tim.o(i.MX_TIM4_Init)
    i.MX_USART1_UART_Init                    0x08003684   Section        0  usart.o(i.MX_USART1_UART_Init)
    i.MemManage_Handler                      0x080036ec   Section        0  stm32g4xx_it.o(i.MemManage_Handler)
    i.NMI_Handler                            0x080036ee   Section        0  stm32g4xx_it.o(i.NMI_Handler)
    i.PendSV_Handler                         0x080036f0   Section        0  stm32g4xx_it.o(i.PendSV_Handler)
    i.REG_8230_Init                          0x080036f2   Section        0  lcd.o(i.REG_8230_Init)
    i.REG_932X_Init                          0x08003804   Section        0  lcd.o(i.REG_932X_Init)
    i.RTC_Bcd2ToByte                         0x08003a06   Section        0  stm32g4xx_hal_rtc.o(i.RTC_Bcd2ToByte)
    i.RTC_ByteToBcd2                         0x08003a18   Section        0  stm32g4xx_hal_rtc.o(i.RTC_ByteToBcd2)
    i.RTC_EnterInitMode                      0x08003a30   Section        0  stm32g4xx_hal_rtc.o(i.RTC_EnterInitMode)
    i.RTC_ExitInitMode                       0x08003a7a   Section        0  stm32g4xx_hal_rtc.o(i.RTC_ExitInitMode)
    i.SCL_Output                             0x08003acc   Section        0  i2c.o(i.SCL_Output)
    i.SDA_Input                              0x08003ae4   Section        0  i2c.o(i.SDA_Input)
    i.SDA_Input_Mode                         0x08003afc   Section        0  i2c.o(i.SDA_Input_Mode)
    i.SDA_Output                             0x08003b28   Section        0  i2c.o(i.SDA_Output)
    i.SDA_Output_Mode                        0x08003b40   Section        0  i2c.o(i.SDA_Output_Mode)
    i.SVC_Handler                            0x08003b6c   Section        0  stm32g4xx_it.o(i.SVC_Handler)
    i.SysTick_Handler                        0x08003b6e   Section        0  stm32g4xx_it.o(i.SysTick_Handler)
    i.SystemClock_Config                     0x08003b72   Section        0  main.o(i.SystemClock_Config)
    i.SystemInit                             0x08003bd4   Section        0  system_stm32g4xx.o(i.SystemInit)
    i.TIM3_IRQHandler                        0x08003bf0   Section        0  stm32g4xx_it.o(i.TIM3_IRQHandler)
    i.TIM4_IRQHandler                        0x08003bfc   Section        0  stm32g4xx_it.o(i.TIM4_IRQHandler)
    i.TIM_Base_SetConfig                     0x08003c08   Section        0  stm32g4xx_hal_tim.o(i.TIM_Base_SetConfig)
    i.TIM_ETR_SetConfig                      0x08003cb8   Section        0  stm32g4xx_hal_tim.o(i.TIM_ETR_SetConfig)
    i.TIM_ITRx_SetConfig                     0x08003ccc   Section        0  stm32g4xx_hal_tim.o(i.TIM_ITRx_SetConfig)
    TIM_ITRx_SetConfig                       0x08003ccd   Thumb Code    16  stm32g4xx_hal_tim.o(i.TIM_ITRx_SetConfig)
    i.TIM_TI1_ConfigInputStage               0x08003ce0   Section        0  stm32g4xx_hal_tim.o(i.TIM_TI1_ConfigInputStage)
    TIM_TI1_ConfigInputStage                 0x08003ce1   Thumb Code    34  stm32g4xx_hal_tim.o(i.TIM_TI1_ConfigInputStage)
    i.TIM_TI2_ConfigInputStage               0x08003d02   Section        0  stm32g4xx_hal_tim.o(i.TIM_TI2_ConfigInputStage)
    TIM_TI2_ConfigInputStage                 0x08003d03   Thumb Code    36  stm32g4xx_hal_tim.o(i.TIM_TI2_ConfigInputStage)
    i.UARTEx_SetNbDataToProcess              0x08003d28   Section        0  stm32g4xx_hal_uart_ex.o(i.UARTEx_SetNbDataToProcess)
    UARTEx_SetNbDataToProcess                0x08003d29   Thumb Code    62  stm32g4xx_hal_uart_ex.o(i.UARTEx_SetNbDataToProcess)
    i.UART_AdvFeatureConfig                  0x08003d6c   Section        0  stm32g4xx_hal_uart.o(i.UART_AdvFeatureConfig)
    i.UART_CheckIdleState                    0x08003e34   Section        0  stm32g4xx_hal_uart.o(i.UART_CheckIdleState)
    i.UART_DMAAbortOnError                   0x08003e94   Section        0  stm32g4xx_hal_uart.o(i.UART_DMAAbortOnError)
    UART_DMAAbortOnError                     0x08003e95   Thumb Code    20  stm32g4xx_hal_uart.o(i.UART_DMAAbortOnError)
    i.UART_EndRxTransfer                     0x08003ea8   Section        0  stm32g4xx_hal_uart.o(i.UART_EndRxTransfer)
    UART_EndRxTransfer                       0x08003ea9   Thumb Code    78  stm32g4xx_hal_uart.o(i.UART_EndRxTransfer)
    i.UART_RxISR_16BIT                       0x08003efc   Section        0  stm32g4xx_hal_uart.o(i.UART_RxISR_16BIT)
    UART_RxISR_16BIT                         0x08003efd   Thumb Code   162  stm32g4xx_hal_uart.o(i.UART_RxISR_16BIT)
    i.UART_RxISR_16BIT_FIFOEN                0x08003fa0   Section        0  stm32g4xx_hal_uart.o(i.UART_RxISR_16BIT_FIFOEN)
    UART_RxISR_16BIT_FIFOEN                  0x08003fa1   Thumb Code   364  stm32g4xx_hal_uart.o(i.UART_RxISR_16BIT_FIFOEN)
    i.UART_RxISR_8BIT                        0x08004114   Section        0  stm32g4xx_hal_uart.o(i.UART_RxISR_8BIT)
    UART_RxISR_8BIT                          0x08004115   Thumb Code   162  stm32g4xx_hal_uart.o(i.UART_RxISR_8BIT)
    i.UART_RxISR_8BIT_FIFOEN                 0x080041b8   Section        0  stm32g4xx_hal_uart.o(i.UART_RxISR_8BIT_FIFOEN)
    UART_RxISR_8BIT_FIFOEN                   0x080041b9   Thumb Code   364  stm32g4xx_hal_uart.o(i.UART_RxISR_8BIT_FIFOEN)
    i.UART_SetConfig                         0x0800432c   Section        0  stm32g4xx_hal_uart.o(i.UART_SetConfig)
    i.UART_Start_Receive_IT                  0x080045a0   Section        0  stm32g4xx_hal_uart.o(i.UART_Start_Receive_IT)
    i.UART_WaitOnFlagUntilTimeout            0x080046b8   Section        0  stm32g4xx_hal_uart.o(i.UART_WaitOnFlagUntilTimeout)
    i.USART1_IRQHandler                      0x08004780   Section        0  stm32g4xx_it.o(i.USART1_IRQHandler)
    i.UsageFault_Handler                     0x0800478c   Section        0  stm32g4xx_it.o(i.UsageFault_Handler)
    i.__0sprintf                             0x08004790   Section        0  printfa.o(i.__0sprintf)
    i.__NVIC_SetPriority                     0x080047b8   Section        0  stm32g4xx_hal_cortex.o(i.__NVIC_SetPriority)
    __NVIC_SetPriority                       0x080047b9   Thumb Code    32  stm32g4xx_hal_cortex.o(i.__NVIC_SetPriority)
    i.__scatterload_copy                     0x080047d8   Section       14  handlers.o(i.__scatterload_copy)
    i.__scatterload_null                     0x080047e6   Section        2  handlers.o(i.__scatterload_null)
    i.__scatterload_zeroinit                 0x080047e8   Section       14  handlers.o(i.__scatterload_zeroinit)
    i._fp_digits                             0x080047f8   Section        0  printfa.o(i._fp_digits)
    _fp_digits                               0x080047f9   Thumb Code   366  printfa.o(i._fp_digits)
    i._printf_core                           0x0800497c   Section        0  printfa.o(i._printf_core)
    _printf_core                             0x0800497d   Thumb Code  1744  printfa.o(i._printf_core)
    i._printf_post_padding                   0x08005058   Section        0  printfa.o(i._printf_post_padding)
    _printf_post_padding                     0x08005059   Thumb Code    36  printfa.o(i._printf_post_padding)
    i._printf_pre_padding                    0x0800507c   Section        0  printfa.o(i._printf_pre_padding)
    _printf_pre_padding                      0x0800507d   Thumb Code    46  printfa.o(i._printf_pre_padding)
    i._sputc                                 0x080050aa   Section        0  printfa.o(i._sputc)
    _sputc                                   0x080050ab   Thumb Code    10  printfa.o(i._sputc)
    i.adc_send                               0x080050b4   Section        0  main.o(i.adc_send)
    i.delay1                                 0x0800518c   Section        0  i2c.o(i.delay1)
    delay1                                   0x0800518d   Thumb Code    12  i2c.o(i.delay1)
    i.disp_proc                              0x08005198   Section        0  main.o(i.disp_proc)
    i.eeprom_read                            0x08005460   Section        0  i2c.o(i.eeprom_read)
    i.eeprom_write                           0x080054a0   Section        0  i2c.o(i.eeprom_write)
    i.get_adc                                0x080054d0   Section        0  myadc.o(i.get_adc)
    i.key_proc                               0x08005514   Section        0  main.o(i.key_proc)
    i.ld1                                    0x080055d0   Section        0  led.o(i.ld1)
    i.led_init                               0x08005610   Section        0  led.o(i.led_init)
    i.led_proc                               0x08005640   Section        0  main.o(i.led_proc)
    i.main                                   0x0800569c   Section        0  main.o(i.main)
    i.rx_proc                                0x0800577c   Section        0  main.o(i.rx_proc)
    .constdata                               0x08005870   Section     4560  lcd.o(.constdata)
    .constdata                               0x08006a40   Section       16  system_stm32g4xx.o(.constdata)
    .constdata                               0x08006a50   Section        8  system_stm32g4xx.o(.constdata)
    .constdata                               0x08006a58   Section       24  stm32g4xx_hal_uart.o(.constdata)
    .constdata                               0x08006a70   Section       16  stm32g4xx_hal_uart_ex.o(.constdata)
    numerator                                0x08006a70   Data           8  stm32g4xx_hal_uart_ex.o(.constdata)
    denominator                              0x08006a78   Data           8  stm32g4xx_hal_uart_ex.o(.constdata)
    .data                                    0x20000000   Section        6  lcd.o(.data)
    TextColor                                0x20000000   Data           2  lcd.o(.data)
    BackColor                                0x20000002   Data           2  lcd.o(.data)
    .data                                    0x20000008   Section       28  main.o(.data)
    .data                                    0x20000024   Section        4  system_stm32g4xx.o(.data)
    .data                                    0x20000028   Section       12  stm32g4xx_hal.o(.data)
    .data                                    0x20000034   Section       18  interrupt.o(.data)
    .bss                                     0x20000048   Section       20  main.o(.bss)
    .bss                                     0x2000005c   Section      108  adc.o(.bss)
    .bss                                     0x200000c8   Section       40  rtc.o(.bss)
    .bss                                     0x200000f0   Section      152  tim.o(.bss)
    .bss                                     0x20000188   Section      144  usart.o(.bss)
    .bss                                     0x20000218   Section       30  interrupt.o(.bss)
    STACK                                    0x20000238   Section     1024  startup_stm32g431xx.o(STACK)

    Global Symbols

    Symbol Name                              Value     Ov Type        Size  Object(Section)

    BuildAttributes$$THM_ISAv4$E$P$D$K$B$S$7EM$VFPi3$EXTD16$VFPS$VFMA$PE$A:L22UL41UL21$X:L11$S22US41US21$IEEE1$IW$USESV6$~STKCKD$USESV7$~SHL$OTIME$ROPI$EBA8$MICROLIB$REQ8$PRES8$EABIv2 0x00000000   Number         0  anon$$obj.o ABSOLUTE
    __ARM_use_no_argv                        0x00000000   Number         0  main.o ABSOLUTE
    _printf_a                                0x00000000   Number         0  stubs.o ABSOLUTE
    _printf_c                                0x00000000   Number         0  stubs.o ABSOLUTE
    _printf_charcount                        0x00000000   Number         0  stubs.o ABSOLUTE
    _printf_d                                0x00000000   Number         0  stubs.o ABSOLUTE
    _printf_e                                0x00000000   Number         0  stubs.o ABSOLUTE
    _printf_f                                0x00000000   Number         0  stubs.o ABSOLUTE
    _printf_flags                            0x00000000   Number         0  stubs.o ABSOLUTE
    _printf_fp_dec                           0x00000000   Number         0  stubs.o ABSOLUTE
    _printf_fp_hex                           0x00000000   Number         0  stubs.o ABSOLUTE
    _printf_g                                0x00000000   Number         0  stubs.o ABSOLUTE
    _printf_i                                0x00000000   Number         0  stubs.o ABSOLUTE
    _printf_int_dec                          0x00000000   Number         0  stubs.o ABSOLUTE
    _printf_l                                0x00000000   Number         0  stubs.o ABSOLUTE
    _printf_lc                               0x00000000   Number         0  stubs.o ABSOLUTE
    _printf_ll                               0x00000000   Number         0  stubs.o ABSOLUTE
    _printf_lld                              0x00000000   Number         0  stubs.o ABSOLUTE
    _printf_lli                              0x00000000   Number         0  stubs.o ABSOLUTE
    _printf_llo                              0x00000000   Number         0  stubs.o ABSOLUTE
    _printf_llu                              0x00000000   Number         0  stubs.o ABSOLUTE
    _printf_llx                              0x00000000   Number         0  stubs.o ABSOLUTE
    _printf_longlong_dec                     0x00000000   Number         0  stubs.o ABSOLUTE
    _printf_longlong_hex                     0x00000000   Number         0  stubs.o ABSOLUTE
    _printf_longlong_oct                     0x00000000   Number         0  stubs.o ABSOLUTE
    _printf_ls                               0x00000000   Number         0  stubs.o ABSOLUTE
    _printf_mbtowc                           0x00000000   Number         0  stubs.o ABSOLUTE
    _printf_n                                0x00000000   Number         0  stubs.o ABSOLUTE
    _printf_o                                0x00000000   Number         0  stubs.o ABSOLUTE
    _printf_p                                0x00000000   Number         0  stubs.o ABSOLUTE
    _printf_percent                          0x00000000   Number         0  stubs.o ABSOLUTE
    _printf_pre_padding                      0x00000000   Number         0  stubs.o ABSOLUTE
    _printf_return_value                     0x00000000   Number         0  stubs.o ABSOLUTE
    _printf_s                                0x00000000   Number         0  stubs.o ABSOLUTE
    _printf_sizespec                         0x00000000   Number         0  stubs.o ABSOLUTE
    _printf_str                              0x00000000   Number         0  stubs.o ABSOLUTE
    _printf_truncate_signed                  0x00000000   Number         0  stubs.o ABSOLUTE
    _printf_truncate_unsigned                0x00000000   Number         0  stubs.o ABSOLUTE
    _printf_u                                0x00000000   Number         0  stubs.o ABSOLUTE
    _printf_wc                               0x00000000   Number         0  stubs.o ABSOLUTE
    _printf_wctomb                           0x00000000   Number         0  stubs.o ABSOLUTE
    _printf_widthprec                        0x00000000   Number         0  stubs.o ABSOLUTE
    _printf_x                                0x00000000   Number         0  stubs.o ABSOLUTE
    __cpp_initialize__aeabi_                  - Undefined Weak Reference
    __cxa_finalize                            - Undefined Weak Reference
    __decompress                              - Undefined Weak Reference
    _clock_init                               - Undefined Weak Reference
    _microlib_exit                            - Undefined Weak Reference
    __Vectors_Size                           0x000001d8   Number         0  startup_stm32g431xx.o ABSOLUTE
    __Vectors                                0x08000000   Data           4  startup_stm32g431xx.o(RESET)
    __Vectors_End                            0x080001d8   Data           0  startup_stm32g431xx.o(RESET)
    __main                                   0x080001d9   Thumb Code     0  entry.o(.ARM.Collect$$$$00000000)
    _main_stk                                0x080001d9   Thumb Code     0  entry2.o(.ARM.Collect$$$$00000001)
    _main_scatterload                        0x080001dd   Thumb Code     0  entry5.o(.ARM.Collect$$$$00000004)
    __main_after_scatterload                 0x080001e1   Thumb Code     0  entry5.o(.ARM.Collect$$$$00000004)
    _main_clock                              0x080001e1   Thumb Code     0  entry7b.o(.ARM.Collect$$$$00000008)
    _main_cpp_init                           0x080001e1   Thumb Code     0  entry8b.o(.ARM.Collect$$$$0000000A)
    _main_init                               0x080001e1   Thumb Code     0  entry9a.o(.ARM.Collect$$$$0000000B)
    __rt_final_cpp                           0x080001e9   Thumb Code     0  entry10a.o(.ARM.Collect$$$$0000000D)
    __rt_final_exit                          0x080001e9   Thumb Code     0  entry11a.o(.ARM.Collect$$$$0000000F)
    Reset_Handler                            0x080001ed   Thumb Code     8  startup_stm32g431xx.o(.text)
    ADC1_2_IRQHandler                        0x08000207   Thumb Code     0  startup_stm32g431xx.o(.text)
    COMP1_2_3_IRQHandler                     0x08000207   Thumb Code     0  startup_stm32g431xx.o(.text)
    COMP4_IRQHandler                         0x08000207   Thumb Code     0  startup_stm32g431xx.o(.text)
    CORDIC_IRQHandler                        0x08000207   Thumb Code     0  startup_stm32g431xx.o(.text)
    CRS_IRQHandler                           0x08000207   Thumb Code     0  startup_stm32g431xx.o(.text)
    DMA1_Channel1_IRQHandler                 0x08000207   Thumb Code     0  startup_stm32g431xx.o(.text)
    DMA1_Channel2_IRQHandler                 0x08000207   Thumb Code     0  startup_stm32g431xx.o(.text)
    DMA1_Channel3_IRQHandler                 0x08000207   Thumb Code     0  startup_stm32g431xx.o(.text)
    DMA1_Channel4_IRQHandler                 0x08000207   Thumb Code     0  startup_stm32g431xx.o(.text)
    DMA1_Channel5_IRQHandler                 0x08000207   Thumb Code     0  startup_stm32g431xx.o(.text)
    DMA1_Channel6_IRQHandler                 0x08000207   Thumb Code     0  startup_stm32g431xx.o(.text)
    DMA2_Channel1_IRQHandler                 0x08000207   Thumb Code     0  startup_stm32g431xx.o(.text)
    DMA2_Channel2_IRQHandler                 0x08000207   Thumb Code     0  startup_stm32g431xx.o(.text)
    DMA2_Channel3_IRQHandler                 0x08000207   Thumb Code     0  startup_stm32g431xx.o(.text)
    DMA2_Channel4_IRQHandler                 0x08000207   Thumb Code     0  startup_stm32g431xx.o(.text)
    DMA2_Channel5_IRQHandler                 0x08000207   Thumb Code     0  startup_stm32g431xx.o(.text)
    DMA2_Channel6_IRQHandler                 0x08000207   Thumb Code     0  startup_stm32g431xx.o(.text)
    DMAMUX_OVR_IRQHandler                    0x08000207   Thumb Code     0  startup_stm32g431xx.o(.text)
    EXTI0_IRQHandler                         0x08000207   Thumb Code     0  startup_stm32g431xx.o(.text)
    EXTI15_10_IRQHandler                     0x08000207   Thumb Code     0  startup_stm32g431xx.o(.text)
    EXTI1_IRQHandler                         0x08000207   Thumb Code     0  startup_stm32g431xx.o(.text)
    EXTI2_IRQHandler                         0x08000207   Thumb Code     0  startup_stm32g431xx.o(.text)
    EXTI3_IRQHandler                         0x08000207   Thumb Code     0  startup_stm32g431xx.o(.text)
    EXTI4_IRQHandler                         0x08000207   Thumb Code     0  startup_stm32g431xx.o(.text)
    EXTI9_5_IRQHandler                       0x08000207   Thumb Code     0  startup_stm32g431xx.o(.text)
    FDCAN1_IT0_IRQHandler                    0x08000207   Thumb Code     0  startup_stm32g431xx.o(.text)
    FDCAN1_IT1_IRQHandler                    0x08000207   Thumb Code     0  startup_stm32g431xx.o(.text)
    FLASH_IRQHandler                         0x08000207   Thumb Code     0  startup_stm32g431xx.o(.text)
    FMAC_IRQHandler                          0x08000207   Thumb Code     0  startup_stm32g431xx.o(.text)
    FPU_IRQHandler                           0x08000207   Thumb Code     0  startup_stm32g431xx.o(.text)
    I2C1_ER_IRQHandler                       0x08000207   Thumb Code     0  startup_stm32g431xx.o(.text)
    I2C1_EV_IRQHandler                       0x08000207   Thumb Code     0  startup_stm32g431xx.o(.text)
    I2C2_ER_IRQHandler                       0x08000207   Thumb Code     0  startup_stm32g431xx.o(.text)
    I2C2_EV_IRQHandler                       0x08000207   Thumb Code     0  startup_stm32g431xx.o(.text)
    I2C3_ER_IRQHandler                       0x08000207   Thumb Code     0  startup_stm32g431xx.o(.text)
    I2C3_EV_IRQHandler                       0x08000207   Thumb Code     0  startup_stm32g431xx.o(.text)
    LPTIM1_IRQHandler                        0x08000207   Thumb Code     0  startup_stm32g431xx.o(.text)
    LPUART1_IRQHandler                       0x08000207   Thumb Code     0  startup_stm32g431xx.o(.text)
    PVD_PVM_IRQHandler                       0x08000207   Thumb Code     0  startup_stm32g431xx.o(.text)
    RCC_IRQHandler                           0x08000207   Thumb Code     0  startup_stm32g431xx.o(.text)
    RNG_IRQHandler                           0x08000207   Thumb Code     0  startup_stm32g431xx.o(.text)
    RTC_Alarm_IRQHandler                     0x08000207   Thumb Code     0  startup_stm32g431xx.o(.text)
    RTC_TAMP_LSECSS_IRQHandler               0x08000207   Thumb Code     0  startup_stm32g431xx.o(.text)
    RTC_WKUP_IRQHandler                      0x08000207   Thumb Code     0  startup_stm32g431xx.o(.text)
    SAI1_IRQHandler                          0x08000207   Thumb Code     0  startup_stm32g431xx.o(.text)
    SPI1_IRQHandler                          0x08000207   Thumb Code     0  startup_stm32g431xx.o(.text)
    SPI2_IRQHandler                          0x08000207   Thumb Code     0  startup_stm32g431xx.o(.text)
    SPI3_IRQHandler                          0x08000207   Thumb Code     0  startup_stm32g431xx.o(.text)
    TIM1_BRK_TIM15_IRQHandler                0x08000207   Thumb Code     0  startup_stm32g431xx.o(.text)
    TIM1_CC_IRQHandler                       0x08000207   Thumb Code     0  startup_stm32g431xx.o(.text)
    TIM1_TRG_COM_TIM17_IRQHandler            0x08000207   Thumb Code     0  startup_stm32g431xx.o(.text)
    TIM1_UP_TIM16_IRQHandler                 0x08000207   Thumb Code     0  startup_stm32g431xx.o(.text)
    TIM2_IRQHandler                          0x08000207   Thumb Code     0  startup_stm32g431xx.o(.text)
    TIM6_DAC_IRQHandler                      0x08000207   Thumb Code     0  startup_stm32g431xx.o(.text)
    TIM7_DAC_IRQHandler                      0x08000207   Thumb Code     0  startup_stm32g431xx.o(.text)
    TIM8_BRK_IRQHandler                      0x08000207   Thumb Code     0  startup_stm32g431xx.o(.text)
    TIM8_CC_IRQHandler                       0x08000207   Thumb Code     0  startup_stm32g431xx.o(.text)
    TIM8_TRG_COM_IRQHandler                  0x08000207   Thumb Code     0  startup_stm32g431xx.o(.text)
    TIM8_UP_IRQHandler                       0x08000207   Thumb Code     0  startup_stm32g431xx.o(.text)
    UART4_IRQHandler                         0x08000207   Thumb Code     0  startup_stm32g431xx.o(.text)
    UCPD1_IRQHandler                         0x08000207   Thumb Code     0  startup_stm32g431xx.o(.text)
    USART2_IRQHandler                        0x08000207   Thumb Code     0  startup_stm32g431xx.o(.text)
    USART3_IRQHandler                        0x08000207   Thumb Code     0  startup_stm32g431xx.o(.text)
    USBWakeUp_IRQHandler                     0x08000207   Thumb Code     0  startup_stm32g431xx.o(.text)
    USB_HP_IRQHandler                        0x08000207   Thumb Code     0  startup_stm32g431xx.o(.text)
    USB_LP_IRQHandler                        0x08000207   Thumb Code     0  startup_stm32g431xx.o(.text)
    WWDG_IRQHandler                          0x08000207   Thumb Code     0  startup_stm32g431xx.o(.text)
    __aeabi_uldivmod                         0x08000211   Thumb Code    98  uldiv.o(.text)
    __aeabi_memset                           0x08000273   Thumb Code    14  memseta.o(.text)
    __aeabi_memset4                          0x08000273   Thumb Code     0  memseta.o(.text)
    __aeabi_memset8                          0x08000273   Thumb Code     0  memseta.o(.text)
    __aeabi_memclr                           0x08000281   Thumb Code     4  memseta.o(.text)
    __aeabi_memclr4                          0x08000281   Thumb Code     0  memseta.o(.text)
    __aeabi_memclr8                          0x08000281   Thumb Code     0  memseta.o(.text)
    _memset$wrapper                          0x08000285   Thumb Code    18  memseta.o(.text)
    strlen                                   0x08000297   Thumb Code    14  strlen.o(.text)
    __aeabi_dmul                             0x080002a5   Thumb Code   228  dmul.o(.text)
    __aeabi_ui2d                             0x08000389   Thumb Code    26  dfltui.o(.text)
    __aeabi_f2d                              0x080003a3   Thumb Code    38  f2d.o(.text)
    __aeabi_cdrcmple                         0x080003c9   Thumb Code    48  cdrcmple.o(.text)
    __aeabi_d2f                              0x080003f9   Thumb Code    56  d2f.o(.text)
    __aeabi_uidiv                            0x08000431   Thumb Code     0  uidiv.o(.text)
    __aeabi_uidivmod                         0x08000431   Thumb Code    44  uidiv.o(.text)
    __aeabi_llsl                             0x0800045d   Thumb Code    30  llshl.o(.text)
    _ll_shift_l                              0x0800045d   Thumb Code     0  llshl.o(.text)
    __aeabi_llsr                             0x0800047b   Thumb Code    32  llushr.o(.text)
    _ll_ushift_r                             0x0800047b   Thumb Code     0  llushr.o(.text)
    __I$use$fp                               0x0800049b   Thumb Code     0  iusefp.o(.text)
    _float_round                             0x0800049b   Thumb Code    18  fepilogue.o(.text)
    _float_epilogue                          0x080004ad   Thumb Code    92  fepilogue.o(.text)
    _double_round                            0x08000509   Thumb Code    30  depilogue.o(.text)
    _double_epilogue                         0x08000527   Thumb Code   156  depilogue.o(.text)
    __aeabi_dadd                             0x080005c3   Thumb Code   322  dadd.o(.text)
    __aeabi_dsub                             0x08000705   Thumb Code     6  dadd.o(.text)
    __aeabi_drsub                            0x0800070b   Thumb Code     6  dadd.o(.text)
    __aeabi_ddiv                             0x08000711   Thumb Code   222  ddiv.o(.text)
    __aeabi_d2ulz                            0x080007ef   Thumb Code    48  dfixul.o(.text)
    __scatterload                            0x08000821   Thumb Code    28  init.o(.text)
    __scatterload_rt2                        0x08000821   Thumb Code     0  init.o(.text)
    __aeabi_lasr                             0x08000845   Thumb Code    36  llsshr.o(.text)
    _ll_sshift_r                             0x08000845   Thumb Code     0  llsshr.o(.text)
    ADC_Enable                               0x08000869   Thumb Code   110  stm32g4xx_hal_adc.o(i.ADC_Enable)
    BusFault_Handler                         0x080008dd   Thumb Code     2  stm32g4xx_it.o(i.BusFault_Handler)
    DebugMon_Handler                         0x080008df   Thumb Code     2  stm32g4xx_it.o(i.DebugMon_Handler)
    Delay_LCD                                0x080008e1   Thumb Code    28  lcd.o(i.Delay_LCD)
    Error_Handler                            0x080008fd   Thumb Code     2  main.o(i.Error_Handler)
    HAL_ADC_ConfigChannel                    0x08000901   Thumb Code   998  stm32g4xx_hal_adc.o(i.HAL_ADC_ConfigChannel)
    HAL_ADC_GetValue                         0x08000d19   Thumb Code     6  stm32g4xx_hal_adc.o(i.HAL_ADC_GetValue)
    HAL_ADC_Init                             0x08000d21   Thumb Code   476  stm32g4xx_hal_adc.o(i.HAL_ADC_Init)
    HAL_ADC_MspInit                          0x08000f1d   Thumb Code   106  adc.o(i.HAL_ADC_MspInit)
    HAL_ADC_Start                            0x08000f95   Thumb Code   230  stm32g4xx_hal_adc.o(i.HAL_ADC_Start)
    HAL_DMA_Abort                            0x08001089   Thumb Code   106  stm32g4xx_hal_dma.o(i.HAL_DMA_Abort)
    HAL_DMA_Abort_IT                         0x080010f3   Thumb Code   120  stm32g4xx_hal_dma.o(i.HAL_DMA_Abort_IT)
    HAL_Delay                                0x0800116d   Thumb Code    32  stm32g4xx_hal.o(i.HAL_Delay)
    HAL_GPIO_Init                            0x08001191   Thumb Code   550  stm32g4xx_hal_gpio.o(i.HAL_GPIO_Init)
    HAL_GPIO_ReadPin                         0x080013d9   Thumb Code    10  stm32g4xx_hal_gpio.o(i.HAL_GPIO_ReadPin)
    HAL_GPIO_WritePin                        0x080013e3   Thumb Code    10  stm32g4xx_hal_gpio.o(i.HAL_GPIO_WritePin)
    HAL_GetTick                              0x080013ed   Thumb Code     6  stm32g4xx_hal.o(i.HAL_GetTick)
    HAL_IncTick                              0x080013f9   Thumb Code    12  stm32g4xx_hal.o(i.HAL_IncTick)
    HAL_Init                                 0x08001409   Thumb Code    30  stm32g4xx_hal.o(i.HAL_Init)
    HAL_InitTick                             0x08001429   Thumb Code    58  stm32g4xx_hal.o(i.HAL_InitTick)
    HAL_MspInit                              0x0800146d   Thumb Code    42  stm32g4xx_hal_msp.o(i.HAL_MspInit)
    HAL_NVIC_EnableIRQ                       0x0800149d   Thumb Code    26  stm32g4xx_hal_cortex.o(i.HAL_NVIC_EnableIRQ)
    HAL_NVIC_SetPriority                     0x080014b9   Thumb Code    60  stm32g4xx_hal_cortex.o(i.HAL_NVIC_SetPriority)
    HAL_NVIC_SetPriorityGrouping             0x080014f9   Thumb Code    26  stm32g4xx_hal_cortex.o(i.HAL_NVIC_SetPriorityGrouping)
    HAL_PWREx_ControlVoltageScaling          0x0800151d   Thumb Code   174  stm32g4xx_hal_pwr_ex.o(i.HAL_PWREx_ControlVoltageScaling)
    HAL_PWREx_DisableUCPDDeadBattery         0x080015d9   Thumb Code    12  stm32g4xx_hal_pwr_ex.o(i.HAL_PWREx_DisableUCPDDeadBattery)
    HAL_RCCEx_PeriphCLKConfig                0x080015e9   Thumb Code   638  stm32g4xx_hal_rcc_ex.o(i.HAL_RCCEx_PeriphCLKConfig)
    HAL_RCC_ClockConfig                      0x08001871   Thumb Code   444  stm32g4xx_hal_rcc.o(i.HAL_RCC_ClockConfig)
    HAL_RCC_GetPCLK1Freq                     0x08001a4d   Thumb Code    24  stm32g4xx_hal_rcc.o(i.HAL_RCC_GetPCLK1Freq)
    HAL_RCC_GetPCLK2Freq                     0x08001a71   Thumb Code    24  stm32g4xx_hal_rcc.o(i.HAL_RCC_GetPCLK2Freq)
    HAL_RCC_GetSysClockFreq                  0x08001a95   Thumb Code    98  stm32g4xx_hal_rcc.o(i.HAL_RCC_GetSysClockFreq)
    HAL_RCC_OscConfig                        0x08001b05   Thumb Code  1036  stm32g4xx_hal_rcc.o(i.HAL_RCC_OscConfig)
    HAL_RTC_GetDate                          0x08001f11   Thumb Code    62  stm32g4xx_hal_rtc.o(i.HAL_RTC_GetDate)
    HAL_RTC_GetTime                          0x08001f55   Thumb Code    78  stm32g4xx_hal_rtc.o(i.HAL_RTC_GetTime)
    HAL_RTC_Init                             0x08001fa9   Thumb Code   142  stm32g4xx_hal_rtc.o(i.HAL_RTC_Init)
    HAL_RTC_MspInit                          0x0800203d   Thumb Code    78  rtc.o(i.HAL_RTC_MspInit)
    HAL_RTC_SetDate                          0x08002095   Thumb Code   156  stm32g4xx_hal_rtc.o(i.HAL_RTC_SetDate)
    HAL_RTC_SetTime                          0x08002135   Thumb Code   198  stm32g4xx_hal_rtc.o(i.HAL_RTC_SetTime)
    HAL_RTC_WaitForSynchro                   0x08002201   Thumb Code    54  stm32g4xx_hal_rtc.o(i.HAL_RTC_WaitForSynchro)
    HAL_SYSTICK_Config                       0x08002237   Thumb Code    40  stm32g4xx_hal_cortex.o(i.HAL_SYSTICK_Config)
    HAL_TIMEx_Break2Callback                 0x0800225f   Thumb Code     2  stm32g4xx_hal_tim_ex.o(i.HAL_TIMEx_Break2Callback)
    HAL_TIMEx_BreakCallback                  0x08002261   Thumb Code     2  stm32g4xx_hal_tim_ex.o(i.HAL_TIMEx_BreakCallback)
    HAL_TIMEx_CommutCallback                 0x08002263   Thumb Code     2  stm32g4xx_hal_tim_ex.o(i.HAL_TIMEx_CommutCallback)
    HAL_TIMEx_DirectionChangeCallback        0x08002265   Thumb Code     2  stm32g4xx_hal_tim_ex.o(i.HAL_TIMEx_DirectionChangeCallback)
    HAL_TIMEx_EncoderIndexCallback           0x08002267   Thumb Code     2  stm32g4xx_hal_tim_ex.o(i.HAL_TIMEx_EncoderIndexCallback)
    HAL_TIMEx_IndexErrorCallback             0x08002269   Thumb Code     2  stm32g4xx_hal_tim_ex.o(i.HAL_TIMEx_IndexErrorCallback)
    HAL_TIMEx_MasterConfigSynchronization    0x0800226d   Thumb Code   132  stm32g4xx_hal_tim_ex.o(i.HAL_TIMEx_MasterConfigSynchronization)
    HAL_TIMEx_TransitionErrorCallback        0x08002309   Thumb Code     2  stm32g4xx_hal_tim_ex.o(i.HAL_TIMEx_TransitionErrorCallback)
    HAL_TIM_Base_Init                        0x0800230b   Thumb Code    98  stm32g4xx_hal_tim.o(i.HAL_TIM_Base_Init)
    HAL_TIM_Base_MspInit                     0x0800236d   Thumb Code    86  tim.o(i.HAL_TIM_Base_MspInit)
    HAL_TIM_Base_Start_IT                    0x080023d1   Thumb Code    94  stm32g4xx_hal_tim.o(i.HAL_TIM_Base_Start_IT)
    HAL_TIM_ConfigClockSource                0x08002449   Thumb Code   246  stm32g4xx_hal_tim.o(i.HAL_TIM_ConfigClockSource)
    HAL_TIM_IC_CaptureCallback               0x08002549   Thumb Code     2  stm32g4xx_hal_tim.o(i.HAL_TIM_IC_CaptureCallback)
    HAL_TIM_IRQHandler                       0x0800254b   Thumb Code   508  stm32g4xx_hal_tim.o(i.HAL_TIM_IRQHandler)
    HAL_TIM_OC_DelayElapsedCallback          0x08002747   Thumb Code     2  stm32g4xx_hal_tim.o(i.HAL_TIM_OC_DelayElapsedCallback)
    HAL_TIM_PWM_PulseFinishedCallback        0x08002749   Thumb Code     2  stm32g4xx_hal_tim.o(i.HAL_TIM_PWM_PulseFinishedCallback)
    HAL_TIM_PeriodElapsedCallback            0x0800274d   Thumb Code   198  interrupt.o(i.HAL_TIM_PeriodElapsedCallback)
    HAL_TIM_TriggerCallback                  0x0800282d   Thumb Code     2  stm32g4xx_hal_tim.o(i.HAL_TIM_TriggerCallback)
    HAL_UARTEx_DisableFifoMode               0x0800282f   Thumb Code    62  stm32g4xx_hal_uart_ex.o(i.HAL_UARTEx_DisableFifoMode)
    HAL_UARTEx_RxEventCallback               0x0800286d   Thumb Code     2  stm32g4xx_hal_uart.o(i.HAL_UARTEx_RxEventCallback)
    HAL_UARTEx_RxFifoFullCallback            0x0800286f   Thumb Code     2  stm32g4xx_hal_uart_ex.o(i.HAL_UARTEx_RxFifoFullCallback)
    HAL_UARTEx_SetRxFifoThreshold            0x08002871   Thumb Code    76  stm32g4xx_hal_uart_ex.o(i.HAL_UARTEx_SetRxFifoThreshold)
    HAL_UARTEx_SetTxFifoThreshold            0x080028bd   Thumb Code    76  stm32g4xx_hal_uart_ex.o(i.HAL_UARTEx_SetTxFifoThreshold)
    HAL_UARTEx_TxFifoEmptyCallback           0x08002909   Thumb Code     2  stm32g4xx_hal_uart_ex.o(i.HAL_UARTEx_TxFifoEmptyCallback)
    HAL_UARTEx_WakeupCallback                0x0800290b   Thumb Code     2  stm32g4xx_hal_uart_ex.o(i.HAL_UARTEx_WakeupCallback)
    HAL_UART_ErrorCallback                   0x0800290d   Thumb Code     2  stm32g4xx_hal_uart.o(i.HAL_UART_ErrorCallback)
    HAL_UART_IRQHandler                      0x08002911   Thumb Code   722  stm32g4xx_hal_uart.o(i.HAL_UART_IRQHandler)
    HAL_UART_Init                            0x08002bf1   Thumb Code   106  stm32g4xx_hal_uart.o(i.HAL_UART_Init)
    HAL_UART_MspInit                         0x08002c5d   Thumb Code   132  usart.o(i.HAL_UART_MspInit)
    HAL_UART_Receive_IT                      0x08002ce9   Thumb Code    80  stm32g4xx_hal_uart.o(i.HAL_UART_Receive_IT)
    HAL_UART_RxCpltCallback                  0x08002d3d   Thumb Code    40  interrupt.o(i.HAL_UART_RxCpltCallback)
    HAL_UART_Transmit                        0x08002d71   Thumb Code   188  stm32g4xx_hal_uart.o(i.HAL_UART_Transmit)
    HAL_UART_TxCpltCallback                  0x08002e2d   Thumb Code     2  stm32g4xx_hal_uart.o(i.HAL_UART_TxCpltCallback)
    HardFault_Handler                        0x08002e2f   Thumb Code     2  stm32g4xx_it.o(i.HardFault_Handler)
    I2CReceiveByte                           0x08002e31   Thumb Code    78  i2c.o(i.I2CReceiveByte)
    I2CSendByte                              0x08002e7f   Thumb Code    78  i2c.o(i.I2CSendByte)
    I2CStart                                 0x08002ecd   Thumb Code    54  i2c.o(i.I2CStart)
    I2CStop                                  0x08002f03   Thumb Code    54  i2c.o(i.I2CStop)
    I2CWaitAck                               0x08002f39   Thumb Code    80  i2c.o(i.I2CWaitAck)
    LCD_BusIn                                0x08002f89   Thumb Code    40  lcd.o(i.LCD_BusIn)
    LCD_BusOut                               0x08002fb5   Thumb Code    42  lcd.o(i.LCD_BusOut)
    LCD_Clear                                0x08002fe5   Thumb Code    36  lcd.o(i.LCD_Clear)
    LCD_CtrlLinesConfig                      0x08003009   Thumb Code   136  lcd.o(i.LCD_CtrlLinesConfig)
    LCD_DisplayChar                          0x08003099   Thumb Code    18  lcd.o(i.LCD_DisplayChar)
    LCD_DisplayStringLine                    0x080030b1   Thumb Code    42  lcd.o(i.LCD_DisplayStringLine)
    LCD_DrawChar                             0x080030dd   Thumb Code    84  lcd.o(i.LCD_DrawChar)
    LCD_Init                                 0x08003135   Thumb Code    46  lcd.o(i.LCD_Init)
    LCD_ReadReg                              0x08003169   Thumb Code   120  lcd.o(i.LCD_ReadReg)
    LCD_SetBackColor                         0x080031e9   Thumb Code    12  lcd.o(i.LCD_SetBackColor)
    LCD_SetCursor                            0x080031f9   Thumb Code    24  lcd.o(i.LCD_SetCursor)
    LCD_SetTextColor                         0x08003211   Thumb Code    12  lcd.o(i.LCD_SetTextColor)
    LCD_WriteRAM                             0x08003221   Thumb Code    80  lcd.o(i.LCD_WriteRAM)
    LCD_WriteRAM_Prepare                     0x08003279   Thumb Code    82  lcd.o(i.LCD_WriteRAM_Prepare)
    LCD_WriteReg                             0x080032d5   Thumb Code   100  lcd.o(i.LCD_WriteReg)
    MX_ADC2_Init                             0x0800338d   Thumb Code   110  adc.o(i.MX_ADC2_Init)
    MX_GPIO_Init                             0x08003409   Thumb Code   268  gpio.o(i.MX_GPIO_Init)
    MX_RTC_Init                              0x08003525   Thumb Code   134  rtc.o(i.MX_RTC_Init)
    MX_TIM3_Init                             0x080035b5   Thumb Code    96  tim.o(i.MX_TIM3_Init)
    MX_TIM4_Init                             0x0800361d   Thumb Code    96  tim.o(i.MX_TIM4_Init)
    MX_USART1_UART_Init                      0x08003685   Thumb Code    94  usart.o(i.MX_USART1_UART_Init)
    MemManage_Handler                        0x080036ed   Thumb Code     2  stm32g4xx_it.o(i.MemManage_Handler)
    NMI_Handler                              0x080036ef   Thumb Code     2  stm32g4xx_it.o(i.NMI_Handler)
    PendSV_Handler                           0x080036f1   Thumb Code     2  stm32g4xx_it.o(i.PendSV_Handler)
    REG_8230_Init                            0x080036f3   Thumb Code   274  lcd.o(i.REG_8230_Init)
    REG_932X_Init                            0x08003805   Thumb Code   514  lcd.o(i.REG_932X_Init)
    RTC_Bcd2ToByte                           0x08003a07   Thumb Code    18  stm32g4xx_hal_rtc.o(i.RTC_Bcd2ToByte)
    RTC_ByteToBcd2                           0x08003a19   Thumb Code    24  stm32g4xx_hal_rtc.o(i.RTC_ByteToBcd2)
    RTC_EnterInitMode                        0x08003a31   Thumb Code    74  stm32g4xx_hal_rtc.o(i.RTC_EnterInitMode)
    RTC_ExitInitMode                         0x08003a7b   Thumb Code    80  stm32g4xx_hal_rtc.o(i.RTC_ExitInitMode)
    SCL_Output                               0x08003acd   Thumb Code    20  i2c.o(i.SCL_Output)
    SDA_Input                                0x08003ae5   Thumb Code    18  i2c.o(i.SDA_Input)
    SDA_Input_Mode                           0x08003afd   Thumb Code    40  i2c.o(i.SDA_Input_Mode)
    SDA_Output                               0x08003b29   Thumb Code    20  i2c.o(i.SDA_Output)
    SDA_Output_Mode                          0x08003b41   Thumb Code    40  i2c.o(i.SDA_Output_Mode)
    SVC_Handler                              0x08003b6d   Thumb Code     2  stm32g4xx_it.o(i.SVC_Handler)
    SysTick_Handler                          0x08003b6f   Thumb Code     4  stm32g4xx_it.o(i.SysTick_Handler)
    SystemClock_Config                       0x08003b73   Thumb Code    98  main.o(i.SystemClock_Config)
    SystemInit                               0x08003bd5   Thumb Code    22  system_stm32g4xx.o(i.SystemInit)
    TIM3_IRQHandler                          0x08003bf1   Thumb Code     6  stm32g4xx_it.o(i.TIM3_IRQHandler)
    TIM4_IRQHandler                          0x08003bfd   Thumb Code     6  stm32g4xx_it.o(i.TIM4_IRQHandler)
    TIM_Base_SetConfig                       0x08003c09   Thumb Code   146  stm32g4xx_hal_tim.o(i.TIM_Base_SetConfig)
    TIM_ETR_SetConfig                        0x08003cb9   Thumb Code    20  stm32g4xx_hal_tim.o(i.TIM_ETR_SetConfig)
    UART_AdvFeatureConfig                    0x08003d6d   Thumb Code   200  stm32g4xx_hal_uart.o(i.UART_AdvFeatureConfig)
    UART_CheckIdleState                      0x08003e35   Thumb Code    96  stm32g4xx_hal_uart.o(i.UART_CheckIdleState)
    UART_SetConfig                           0x0800432d   Thumb Code   582  stm32g4xx_hal_uart.o(i.UART_SetConfig)
    UART_Start_Receive_IT                    0x080045a1   Thumb Code   262  stm32g4xx_hal_uart.o(i.UART_Start_Receive_IT)
    UART_WaitOnFlagUntilTimeout              0x080046b9   Thumb Code   198  stm32g4xx_hal_uart.o(i.UART_WaitOnFlagUntilTimeout)
    USART1_IRQHandler                        0x08004781   Thumb Code     6  stm32g4xx_it.o(i.USART1_IRQHandler)
    UsageFault_Handler                       0x0800478d   Thumb Code     2  stm32g4xx_it.o(i.UsageFault_Handler)
    __0sprintf                               0x08004791   Thumb Code    34  printfa.o(i.__0sprintf)
    __1sprintf                               0x08004791   Thumb Code     0  printfa.o(i.__0sprintf)
    __2sprintf                               0x08004791   Thumb Code     0  printfa.o(i.__0sprintf)
    __c89sprintf                             0x08004791   Thumb Code     0  printfa.o(i.__0sprintf)
    sprintf                                  0x08004791   Thumb Code     0  printfa.o(i.__0sprintf)
    __scatterload_copy                       0x080047d9   Thumb Code    14  handlers.o(i.__scatterload_copy)
    __scatterload_null                       0x080047e7   Thumb Code     2  handlers.o(i.__scatterload_null)
    __scatterload_zeroinit                   0x080047e9   Thumb Code    14  handlers.o(i.__scatterload_zeroinit)
    adc_send                                 0x080050b5   Thumb Code   170  main.o(i.adc_send)
    disp_proc                                0x08005199   Thumb Code   446  main.o(i.disp_proc)
    eeprom_read                              0x08005461   Thumb Code    64  i2c.o(i.eeprom_read)
    eeprom_write                             0x080054a1   Thumb Code    48  i2c.o(i.eeprom_write)
    get_adc                                  0x080054d1   Thumb Code    52  myadc.o(i.get_adc)
    key_proc                                 0x08005515   Thumb Code   180  main.o(i.key_proc)
    ld1                                      0x080055d1   Thumb Code    56  led.o(i.ld1)
    led_init                                 0x08005611   Thumb Code    40  led.o(i.led_init)
    led_proc                                 0x08005641   Thumb Code    76  main.o(i.led_proc)
    main                                     0x0800569d   Thumb Code   188  main.o(i.main)
    rx_proc                                  0x0800577d   Thumb Code   216  main.o(i.rx_proc)
    ASCII_Table                              0x08005870   Data        4560  lcd.o(.constdata)
    AHBPrescTable                            0x08006a40   Data          16  system_stm32g4xx.o(.constdata)
    APBPrescTable                            0x08006a50   Data           8  system_stm32g4xx.o(.constdata)
    UARTPrescTable                           0x08006a58   Data          24  stm32g4xx_hal_uart.o(.constdata)
    Region$$Table$$Base                      0x08006a80   Number         0  anon$$obj.o(Region$$Table)
    Region$$Table$$Limit                     0x08006aa0   Number         0  anon$$obj.o(Region$$Table)
    dummy                                    0x20000004   Data           2  lcd.o(.data)
    view                                     0x20000008   Data           1  main.o(.data)
    is_led_open                              0x20000009   Data           1  main.o(.data)
    led_flag                                 0x2000000a   Data           1  main.o(.data)
    whitch_para                              0x2000000b   Data           1  main.o(.data)
    send_flag                                0x2000000c   Data           1  main.o(.data)
    k_8                                      0x2000000e   Data           2  main.o(.data)
    timeset                                  0x20000010   Data           3  main.o(.data)
    timeset0                                 0x20000013   Data           3  main.o(.data)
    k                                        0x20000018   Data           4  main.o(.data)
    k_new                                    0x2000001c   Data           4  main.o(.data)
    Y_M_D_Date                               0x20000020   Data           4  main.o(.data)
    SystemCoreClock                          0x20000024   Data           4  system_stm32g4xx.o(.data)
    uwTickPrio                               0x20000028   Data           4  stm32g4xx_hal.o(.data)
    uwTickFreq                               0x2000002c   Data           4  stm32g4xx_hal.o(.data)
    uwTick                                   0x20000030   Data           4  stm32g4xx_hal.o(.data)
    count                                    0x20000034   Data           1  interrupt.o(.data)
    rxtemp                                   0x20000035   Data           1  interrupt.o(.data)
    rxpointer                                0x20000036   Data           1  interrupt.o(.data)
    cnt                                      0x20000038   Data           2  interrupt.o(.data)
    key                                      0x2000003a   Data          12  interrupt.o(.data)
    H_M_S_Time                               0x20000048   Data          20  main.o(.bss)
    hadc2                                    0x2000005c   Data         108  adc.o(.bss)
    hrtc                                     0x200000c8   Data          40  rtc.o(.bss)
    htim3                                    0x200000f0   Data          76  tim.o(.bss)
    htim4                                    0x2000013c   Data          76  tim.o(.bss)
    huart1                                   0x20000188   Data         144  usart.o(.bss)
    rxdata                                   0x20000218   Data          30  interrupt.o(.bss)
    __initial_sp                             0x20000638   Data           0  startup_stm32g431xx.o(STACK)



==============================================================================

Memory Map of the image

  Image Entry point : 0x080001d9

  Load Region LR_IROM1 (Base: 0x08000000, Size: 0x00006ae8, Max: 0x00020000, ABSOLUTE)

    Execution Region ER_IROM1 (Exec base: 0x08000000, Load base: 0x08000000, Size: 0x00006aa0, Max: 0x00020000, ABSOLUTE)

    Exec Addr    Load Addr    Size         Type   Attr      Idx    E Section Name        Object

    0x08000000   0x08000000   0x000001d8   Data   RO            3    RESET               startup_stm32g431xx.o
    0x080001d8   0x080001d8   0x00000000   Code   RO         5065  * .ARM.Collect$$$$00000000  mc_w.l(entry.o)
    0x080001d8   0x080001d8   0x00000004   Code   RO         5345    .ARM.Collect$$$$00000001  mc_w.l(entry2.o)
    0x080001dc   0x080001dc   0x00000004   Code   RO         5348    .ARM.Collect$$$$00000004  mc_w.l(entry5.o)
    0x080001e0   0x080001e0   0x00000000   Code   RO         5350    .ARM.Collect$$$$00000008  mc_w.l(entry7b.o)
    0x080001e0   0x080001e0   0x00000000   Code   RO         5352    .ARM.Collect$$$$0000000A  mc_w.l(entry8b.o)
    0x080001e0   0x080001e0   0x00000008   Code   RO         5353    .ARM.Collect$$$$0000000B  mc_w.l(entry9a.o)
    0x080001e8   0x080001e8   0x00000000   Code   RO         5355    .ARM.Collect$$$$0000000D  mc_w.l(entry10a.o)
    0x080001e8   0x080001e8   0x00000000   Code   RO         5357    .ARM.Collect$$$$0000000F  mc_w.l(entry11a.o)
    0x080001e8   0x080001e8   0x00000004   Code   RO         5346    .ARM.Collect$$$$00002712  mc_w.l(entry2.o)
    0x080001ec   0x080001ec   0x00000024   Code   RO            4    .text               startup_stm32g431xx.o
    0x08000210   0x08000210   0x00000062   Code   RO         5068    .text               mc_w.l(uldiv.o)
    0x08000272   0x08000272   0x00000024   Code   RO         5070    .text               mc_w.l(memseta.o)
    0x08000296   0x08000296   0x0000000e   Code   RO         5072    .text               mc_w.l(strlen.o)
    0x080002a4   0x080002a4   0x000000e4   Code   RO         5335    .text               mf_w.l(dmul.o)
    0x08000388   0x08000388   0x0000001a   Code   RO         5337    .text               mf_w.l(dfltui.o)
    0x080003a2   0x080003a2   0x00000026   Code   RO         5339    .text               mf_w.l(f2d.o)
    0x080003c8   0x080003c8   0x00000030   Code   RO         5341    .text               mf_w.l(cdrcmple.o)
    0x080003f8   0x080003f8   0x00000038   Code   RO         5343    .text               mf_w.l(d2f.o)
    0x08000430   0x08000430   0x0000002c   Code   RO         5362    .text               mc_w.l(uidiv.o)
    0x0800045c   0x0800045c   0x0000001e   Code   RO         5364    .text               mc_w.l(llshl.o)
    0x0800047a   0x0800047a   0x00000020   Code   RO         5366    .text               mc_w.l(llushr.o)
    0x0800049a   0x0800049a   0x00000000   Code   RO         5368    .text               mc_w.l(iusefp.o)
    0x0800049a   0x0800049a   0x0000006e   Code   RO         5369    .text               mf_w.l(fepilogue.o)
    0x08000508   0x08000508   0x000000ba   Code   RO         5371    .text               mf_w.l(depilogue.o)
    0x080005c2   0x080005c2   0x0000014e   Code   RO         5373    .text               mf_w.l(dadd.o)
    0x08000710   0x08000710   0x000000de   Code   RO         5375    .text               mf_w.l(ddiv.o)
    0x080007ee   0x080007ee   0x00000030   Code   RO         5377    .text               mf_w.l(dfixul.o)
    0x0800081e   0x0800081e   0x00000002   PAD
    0x08000820   0x08000820   0x00000024   Code   RO         5379    .text               mc_w.l(init.o)
    0x08000844   0x08000844   0x00000024   Code   RO         5382    .text               mc_w.l(llsshr.o)
    0x08000868   0x08000868   0x00000074   Code   RO          809    i.ADC_Enable        stm32g4xx_hal_adc.o
    0x080008dc   0x080008dc   0x00000002   Code   RO          648    i.BusFault_Handler  stm32g4xx_it.o
    0x080008de   0x080008de   0x00000002   Code   RO          649    i.DebugMon_Handler  stm32g4xx_it.o
    0x080008e0   0x080008e0   0x0000001c   Code   RO           13    i.Delay_LCD         lcd.o
    0x080008fc   0x080008fc   0x00000002   Code   RO          361    i.Error_Handler     main.o
    0x080008fe   0x080008fe   0x00000002   PAD
    0x08000900   0x08000900   0x00000418   Code   RO          811    i.HAL_ADC_ConfigChannel  stm32g4xx_hal_adc.o
    0x08000d18   0x08000d18   0x00000006   Code   RO          818    i.HAL_ADC_GetValue  stm32g4xx_hal_adc.o
    0x08000d1e   0x08000d1e   0x00000002   PAD
    0x08000d20   0x08000d20   0x000001fc   Code   RO          820    i.HAL_ADC_Init      stm32g4xx_hal_adc.o
    0x08000f1c   0x08000f1c   0x00000078   Code   RO          475    i.HAL_ADC_MspInit   adc.o
    0x08000f94   0x08000f94   0x000000f4   Code   RO          826    i.HAL_ADC_Start     stm32g4xx_hal_adc.o
    0x08001088   0x08001088   0x0000006a   Code   RO         2087    i.HAL_DMA_Abort     stm32g4xx_hal_dma.o
    0x080010f2   0x080010f2   0x00000078   Code   RO         2088    i.HAL_DMA_Abort_IT  stm32g4xx_hal_dma.o
    0x0800116a   0x0800116a   0x00000002   PAD
    0x0800116c   0x0800116c   0x00000024   Code   RO         1258    i.HAL_Delay         stm32g4xx_hal.o
    0x08001190   0x08001190   0x00000248   Code   RO         1949    i.HAL_GPIO_Init     stm32g4xx_hal_gpio.o
    0x080013d8   0x080013d8   0x0000000a   Code   RO         1951    i.HAL_GPIO_ReadPin  stm32g4xx_hal_gpio.o
    0x080013e2   0x080013e2   0x0000000a   Code   RO         1953    i.HAL_GPIO_WritePin  stm32g4xx_hal_gpio.o
    0x080013ec   0x080013ec   0x0000000c   Code   RO         1262    i.HAL_GetTick       stm32g4xx_hal.o
    0x080013f8   0x080013f8   0x00000010   Code   RO         1265    i.HAL_IncTick       stm32g4xx_hal.o
    0x08001408   0x08001408   0x0000001e   Code   RO         1266    i.HAL_Init          stm32g4xx_hal.o
    0x08001426   0x08001426   0x00000002   PAD
    0x08001428   0x08001428   0x00000044   Code   RO         1267    i.HAL_InitTick      stm32g4xx_hal.o
    0x0800146c   0x0800146c   0x00000030   Code   RO          742    i.HAL_MspInit       stm32g4xx_hal_msp.o
    0x0800149c   0x0800149c   0x0000001a   Code   RO         2596    i.HAL_NVIC_EnableIRQ  stm32g4xx_hal_cortex.o
    0x080014b6   0x080014b6   0x00000002   PAD
    0x080014b8   0x080014b8   0x00000040   Code   RO         2602    i.HAL_NVIC_SetPriority  stm32g4xx_hal_cortex.o
    0x080014f8   0x080014f8   0x00000024   Code   RO         2603    i.HAL_NVIC_SetPriorityGrouping  stm32g4xx_hal_cortex.o
    0x0800151c   0x0800151c   0x000000bc   Code   RO         2352    i.HAL_PWREx_ControlVoltageScaling  stm32g4xx_hal_pwr_ex.o
    0x080015d8   0x080015d8   0x00000010   Code   RO         2364    i.HAL_PWREx_DisableUCPDDeadBattery  stm32g4xx_hal_pwr_ex.o
    0x080015e8   0x080015e8   0x00000288   Code   RO         1611    i.HAL_RCCEx_PeriphCLKConfig  stm32g4xx_hal_rcc_ex.o
    0x08001870   0x08001870   0x000001dc   Code   RO         1486    i.HAL_RCC_ClockConfig  stm32g4xx_hal_rcc.o
    0x08001a4c   0x08001a4c   0x00000024   Code   RO         1494    i.HAL_RCC_GetPCLK1Freq  stm32g4xx_hal_rcc.o
    0x08001a70   0x08001a70   0x00000024   Code   RO         1495    i.HAL_RCC_GetPCLK2Freq  stm32g4xx_hal_rcc.o
    0x08001a94   0x08001a94   0x00000070   Code   RO         1496    i.HAL_RCC_GetSysClockFreq  stm32g4xx_hal_rcc.o
    0x08001b04   0x08001b04   0x0000040c   Code   RO         1499    i.HAL_RCC_OscConfig  stm32g4xx_hal_rcc.o
    0x08001f10   0x08001f10   0x00000044   Code   RO         2736    i.HAL_RTC_GetDate   stm32g4xx_hal_rtc.o
    0x08001f54   0x08001f54   0x00000054   Code   RO         2738    i.HAL_RTC_GetTime   stm32g4xx_hal_rtc.o
    0x08001fa8   0x08001fa8   0x00000094   Code   RO         2739    i.HAL_RTC_Init      stm32g4xx_hal_rtc.o
    0x0800203c   0x0800203c   0x00000058   Code   RO          517    i.HAL_RTC_MspInit   rtc.o
    0x08002094   0x08002094   0x000000a0   Code   RO         2745    i.HAL_RTC_SetDate   stm32g4xx_hal_rtc.o
    0x08002134   0x08002134   0x000000cc   Code   RO         2746    i.HAL_RTC_SetTime   stm32g4xx_hal_rtc.o
    0x08002200   0x08002200   0x00000036   Code   RO         2747    i.HAL_RTC_WaitForSynchro  stm32g4xx_hal_rtc.o
    0x08002236   0x08002236   0x00000028   Code   RO         2607    i.HAL_SYSTICK_Config  stm32g4xx_hal_cortex.o
    0x0800225e   0x0800225e   0x00000002   Code   RO         3897    i.HAL_TIMEx_Break2Callback  stm32g4xx_hal_tim_ex.o
    0x08002260   0x08002260   0x00000002   Code   RO         3898    i.HAL_TIMEx_BreakCallback  stm32g4xx_hal_tim_ex.o
    0x08002262   0x08002262   0x00000002   Code   RO         3899    i.HAL_TIMEx_CommutCallback  stm32g4xx_hal_tim_ex.o
    0x08002264   0x08002264   0x00000002   Code   RO         3910    i.HAL_TIMEx_DirectionChangeCallback  stm32g4xx_hal_tim_ex.o
    0x08002266   0x08002266   0x00000002   Code   RO         3924    i.HAL_TIMEx_EncoderIndexCallback  stm32g4xx_hal_tim_ex.o
    0x08002268   0x08002268   0x00000002   Code   RO         3938    i.HAL_TIMEx_IndexErrorCallback  stm32g4xx_hal_tim_ex.o
    0x0800226a   0x0800226a   0x00000002   PAD
    0x0800226c   0x0800226c   0x0000009c   Code   RO         3939    i.HAL_TIMEx_MasterConfigSynchronization  stm32g4xx_hal_tim_ex.o
    0x08002308   0x08002308   0x00000002   Code   RO         3960    i.HAL_TIMEx_TransitionErrorCallback  stm32g4xx_hal_tim_ex.o
    0x0800230a   0x0800230a   0x00000062   Code   RO         3183    i.HAL_TIM_Base_Init  stm32g4xx_hal_tim.o
    0x0800236c   0x0800236c   0x00000064   Code   RO          559    i.HAL_TIM_Base_MspInit  tim.o
    0x080023d0   0x080023d0   0x00000078   Code   RO         3188    i.HAL_TIM_Base_Start_IT  stm32g4xx_hal_tim.o
    0x08002448   0x08002448   0x00000100   Code   RO         3192    i.HAL_TIM_ConfigClockSource  stm32g4xx_hal_tim.o
    0x08002548   0x08002548   0x00000002   Code   RO         3217    i.HAL_TIM_IC_CaptureCallback  stm32g4xx_hal_tim.o
    0x0800254a   0x0800254a   0x000001fc   Code   RO         3231    i.HAL_TIM_IRQHandler  stm32g4xx_hal_tim.o
    0x08002746   0x08002746   0x00000002   Code   RO         3234    i.HAL_TIM_OC_DelayElapsedCallback  stm32g4xx_hal_tim.o
    0x08002748   0x08002748   0x00000002   Code   RO         3261    i.HAL_TIM_PWM_PulseFinishedCallback  stm32g4xx_hal_tim.o
    0x0800274a   0x0800274a   0x00000002   PAD
    0x0800274c   0x0800274c   0x000000e0   Code   RO         4885    i.HAL_TIM_PeriodElapsedCallback  interrupt.o
    0x0800282c   0x0800282c   0x00000002   Code   RO         3274    i.HAL_TIM_TriggerCallback  stm32g4xx_hal_tim.o
    0x0800282e   0x0800282e   0x0000003e   Code   RO         4746    i.HAL_UARTEx_DisableFifoMode  stm32g4xx_hal_uart_ex.o
    0x0800286c   0x0800286c   0x00000002   Code   RO         4335    i.HAL_UARTEx_RxEventCallback  stm32g4xx_hal_uart.o
    0x0800286e   0x0800286e   0x00000002   Code   RO         4753    i.HAL_UARTEx_RxFifoFullCallback  stm32g4xx_hal_uart_ex.o
    0x08002870   0x08002870   0x0000004c   Code   RO         4754    i.HAL_UARTEx_SetRxFifoThreshold  stm32g4xx_hal_uart_ex.o
    0x080028bc   0x080028bc   0x0000004c   Code   RO         4755    i.HAL_UARTEx_SetTxFifoThreshold  stm32g4xx_hal_uart_ex.o
    0x08002908   0x08002908   0x00000002   Code   RO         4757    i.HAL_UARTEx_TxFifoEmptyCallback  stm32g4xx_hal_uart_ex.o
    0x0800290a   0x0800290a   0x00000002   Code   RO         4758    i.HAL_UARTEx_WakeupCallback  stm32g4xx_hal_uart_ex.o
    0x0800290c   0x0800290c   0x00000002   Code   RO         4351    i.HAL_UART_ErrorCallback  stm32g4xx_hal_uart.o
    0x0800290e   0x0800290e   0x00000002   PAD
    0x08002910   0x08002910   0x000002e0   Code   RO         4354    i.HAL_UART_IRQHandler  stm32g4xx_hal_uart.o
    0x08002bf0   0x08002bf0   0x0000006a   Code   RO         4355    i.HAL_UART_Init     stm32g4xx_hal_uart.o
    0x08002c5a   0x08002c5a   0x00000002   PAD
    0x08002c5c   0x08002c5c   0x0000008c   Code   RO          607    i.HAL_UART_MspInit  usart.o
    0x08002ce8   0x08002ce8   0x00000054   Code   RO         4360    i.HAL_UART_Receive_IT  stm32g4xx_hal_uart.o
    0x08002d3c   0x08002d3c   0x00000034   Code   RO         4886    i.HAL_UART_RxCpltCallback  interrupt.o
    0x08002d70   0x08002d70   0x000000bc   Code   RO         4364    i.HAL_UART_Transmit  stm32g4xx_hal_uart.o
    0x08002e2c   0x08002e2c   0x00000002   Code   RO         4367    i.HAL_UART_TxCpltCallback  stm32g4xx_hal_uart.o
    0x08002e2e   0x08002e2e   0x00000002   Code   RO          650    i.HardFault_Handler  stm32g4xx_it.o
    0x08002e30   0x08002e30   0x0000004e   Code   RO         4924    i.I2CReceiveByte    i2c.o
    0x08002e7e   0x08002e7e   0x0000004e   Code   RO         4926    i.I2CSendByte       i2c.o
    0x08002ecc   0x08002ecc   0x00000036   Code   RO         4928    i.I2CStart          i2c.o
    0x08002f02   0x08002f02   0x00000036   Code   RO         4929    i.I2CStop           i2c.o
    0x08002f38   0x08002f38   0x00000050   Code   RO         4930    i.I2CWaitAck        i2c.o
    0x08002f88   0x08002f88   0x0000002c   Code   RO           14    i.LCD_BusIn         lcd.o
    0x08002fb4   0x08002fb4   0x00000030   Code   RO           15    i.LCD_BusOut        lcd.o
    0x08002fe4   0x08002fe4   0x00000024   Code   RO           16    i.LCD_Clear         lcd.o
    0x08003008   0x08003008   0x00000090   Code   RO           18    i.LCD_CtrlLinesConfig  lcd.o
    0x08003098   0x08003098   0x00000018   Code   RO           19    i.LCD_DisplayChar   lcd.o
    0x080030b0   0x080030b0   0x0000002a   Code   RO           22    i.LCD_DisplayStringLine  lcd.o
    0x080030da   0x080030da   0x00000002   PAD
    0x080030dc   0x080030dc   0x00000058   Code   RO           23    i.LCD_DrawChar      lcd.o
    0x08003134   0x08003134   0x00000034   Code   RO           29    i.LCD_Init          lcd.o
    0x08003168   0x08003168   0x00000080   Code   RO           32    i.LCD_ReadReg       lcd.o
    0x080031e8   0x080031e8   0x00000010   Code   RO           33    i.LCD_SetBackColor  lcd.o
    0x080031f8   0x080031f8   0x00000018   Code   RO           34    i.LCD_SetCursor     lcd.o
    0x08003210   0x08003210   0x00000010   Code   RO           36    i.LCD_SetTextColor  lcd.o
    0x08003220   0x08003220   0x00000058   Code   RO           39    i.LCD_WriteRAM      lcd.o
    0x08003278   0x08003278   0x0000005c   Code   RO           40    i.LCD_WriteRAM_Prepare  lcd.o
    0x080032d4   0x080032d4   0x0000006c   Code   RO           41    i.LCD_WriteReg      lcd.o
    0x08003340   0x08003340   0x0000000c   Code   RO          834    i.LL_ADC_GetOffsetChannel  stm32g4xx_hal_adc.o
    0x0800334c   0x0800334c   0x00000008   Code   RO          835    i.LL_ADC_INJ_IsConversionOngoing  stm32g4xx_hal_adc.o
    0x08003354   0x08003354   0x00000008   Code   RO          836    i.LL_ADC_REG_IsConversionOngoing  stm32g4xx_hal_adc.o
    0x0800335c   0x0800335c   0x0000001e   Code   RO          839    i.LL_ADC_SetChannelSamplingTime  stm32g4xx_hal_adc.o
    0x0800337a   0x0800337a   0x00000010   Code   RO          840    i.LL_ADC_SetOffsetState  stm32g4xx_hal_adc.o
    0x0800338a   0x0800338a   0x00000002   PAD
    0x0800338c   0x0800338c   0x0000007c   Code   RO          476    i.MX_ADC2_Init      adc.o
    0x08003408   0x08003408   0x0000011c   Code   RO          450    i.MX_GPIO_Init      gpio.o
    0x08003524   0x08003524   0x00000090   Code   RO          518    i.MX_RTC_Init       rtc.o
    0x080035b4   0x080035b4   0x00000068   Code   RO          560    i.MX_TIM3_Init      tim.o
    0x0800361c   0x0800361c   0x00000068   Code   RO          561    i.MX_TIM4_Init      tim.o
    0x08003684   0x08003684   0x00000068   Code   RO          608    i.MX_USART1_UART_Init  usart.o
    0x080036ec   0x080036ec   0x00000002   Code   RO          651    i.MemManage_Handler  stm32g4xx_it.o
    0x080036ee   0x080036ee   0x00000002   Code   RO          652    i.NMI_Handler       stm32g4xx_it.o
    0x080036f0   0x080036f0   0x00000002   Code   RO          653    i.PendSV_Handler    stm32g4xx_it.o
    0x080036f2   0x080036f2   0x00000112   Code   RO           42    i.REG_8230_Init     lcd.o
    0x08003804   0x08003804   0x00000202   Code   RO           43    i.REG_932X_Init     lcd.o
    0x08003a06   0x08003a06   0x00000012   Code   RO         2748    i.RTC_Bcd2ToByte    stm32g4xx_hal_rtc.o
    0x08003a18   0x08003a18   0x00000018   Code   RO         2749    i.RTC_ByteToBcd2    stm32g4xx_hal_rtc.o
    0x08003a30   0x08003a30   0x0000004a   Code   RO         2750    i.RTC_EnterInitMode  stm32g4xx_hal_rtc.o
    0x08003a7a   0x08003a7a   0x00000050   Code   RO         2751    i.RTC_ExitInitMode  stm32g4xx_hal_rtc.o
    0x08003aca   0x08003aca   0x00000002   PAD
    0x08003acc   0x08003acc   0x00000018   Code   RO         4931    i.SCL_Output        i2c.o
    0x08003ae4   0x08003ae4   0x00000018   Code   RO         4932    i.SDA_Input         i2c.o
    0x08003afc   0x08003afc   0x0000002c   Code   RO         4933    i.SDA_Input_Mode    i2c.o
    0x08003b28   0x08003b28   0x00000018   Code   RO         4934    i.SDA_Output        i2c.o
    0x08003b40   0x08003b40   0x0000002c   Code   RO         4935    i.SDA_Output_Mode   i2c.o
    0x08003b6c   0x08003b6c   0x00000002   Code   RO          654    i.SVC_Handler       stm32g4xx_it.o
    0x08003b6e   0x08003b6e   0x00000004   Code   RO          655    i.SysTick_Handler   stm32g4xx_it.o
    0x08003b72   0x08003b72   0x00000062   Code   RO          362    i.SystemClock_Config  main.o
    0x08003bd4   0x08003bd4   0x0000001c   Code   RO          767    i.SystemInit        system_stm32g4xx.o
    0x08003bf0   0x08003bf0   0x0000000c   Code   RO          656    i.TIM3_IRQHandler   stm32g4xx_it.o
    0x08003bfc   0x08003bfc   0x0000000c   Code   RO          657    i.TIM4_IRQHandler   stm32g4xx_it.o
    0x08003c08   0x08003c08   0x000000b0   Code   RO         3276    i.TIM_Base_SetConfig  stm32g4xx_hal_tim.o
    0x08003cb8   0x08003cb8   0x00000014   Code   RO         3287    i.TIM_ETR_SetConfig  stm32g4xx_hal_tim.o
    0x08003ccc   0x08003ccc   0x00000014   Code   RO         3288    i.TIM_ITRx_SetConfig  stm32g4xx_hal_tim.o
    0x08003ce0   0x08003ce0   0x00000022   Code   RO         3296    i.TIM_TI1_ConfigInputStage  stm32g4xx_hal_tim.o
    0x08003d02   0x08003d02   0x00000024   Code   RO         3298    i.TIM_TI2_ConfigInputStage  stm32g4xx_hal_tim.o
    0x08003d26   0x08003d26   0x00000002   PAD
    0x08003d28   0x08003d28   0x00000044   Code   RO         4759    i.UARTEx_SetNbDataToProcess  stm32g4xx_hal_uart_ex.o
    0x08003d6c   0x08003d6c   0x000000c8   Code   RO         4369    i.UART_AdvFeatureConfig  stm32g4xx_hal_uart.o
    0x08003e34   0x08003e34   0x00000060   Code   RO         4370    i.UART_CheckIdleState  stm32g4xx_hal_uart.o
    0x08003e94   0x08003e94   0x00000014   Code   RO         4371    i.UART_DMAAbortOnError  stm32g4xx_hal_uart.o
    0x08003ea8   0x08003ea8   0x00000054   Code   RO         4381    i.UART_EndRxTransfer  stm32g4xx_hal_uart.o
    0x08003efc   0x08003efc   0x000000a2   Code   RO         4383    i.UART_RxISR_16BIT  stm32g4xx_hal_uart.o
    0x08003f9e   0x08003f9e   0x00000002   PAD
    0x08003fa0   0x08003fa0   0x00000174   Code   RO         4384    i.UART_RxISR_16BIT_FIFOEN  stm32g4xx_hal_uart.o
    0x08004114   0x08004114   0x000000a2   Code   RO         4385    i.UART_RxISR_8BIT   stm32g4xx_hal_uart.o
    0x080041b6   0x080041b6   0x00000002   PAD
    0x080041b8   0x080041b8   0x00000174   Code   RO         4386    i.UART_RxISR_8BIT_FIFOEN  stm32g4xx_hal_uart.o
    0x0800432c   0x0800432c   0x00000274   Code   RO         4387    i.UART_SetConfig    stm32g4xx_hal_uart.o
    0x080045a0   0x080045a0   0x00000118   Code   RO         4389    i.UART_Start_Receive_IT  stm32g4xx_hal_uart.o
    0x080046b8   0x080046b8   0x000000c6   Code   RO         4394    i.UART_WaitOnFlagUntilTimeout  stm32g4xx_hal_uart.o
    0x0800477e   0x0800477e   0x00000002   PAD
    0x08004780   0x08004780   0x0000000c   Code   RO          658    i.USART1_IRQHandler  stm32g4xx_it.o
    0x0800478c   0x0800478c   0x00000002   Code   RO          659    i.UsageFault_Handler  stm32g4xx_it.o
    0x0800478e   0x0800478e   0x00000002   PAD
    0x08004790   0x08004790   0x00000028   Code   RO         5309    i.__0sprintf        mc_w.l(printfa.o)
    0x080047b8   0x080047b8   0x00000020   Code   RO         2609    i.__NVIC_SetPriority  stm32g4xx_hal_cortex.o
    0x080047d8   0x080047d8   0x0000000e   Code   RO         5387    i.__scatterload_copy  mc_w.l(handlers.o)
    0x080047e6   0x080047e6   0x00000002   Code   RO         5388    i.__scatterload_null  mc_w.l(handlers.o)
    0x080047e8   0x080047e8   0x0000000e   Code   RO         5389    i.__scatterload_zeroinit  mc_w.l(handlers.o)
    0x080047f6   0x080047f6   0x00000002   PAD
    0x080047f8   0x080047f8   0x00000184   Code   RO         5314    i._fp_digits        mc_w.l(printfa.o)
    0x0800497c   0x0800497c   0x000006dc   Code   RO         5315    i._printf_core      mc_w.l(printfa.o)
    0x08005058   0x08005058   0x00000024   Code   RO         5316    i._printf_post_padding  mc_w.l(printfa.o)
    0x0800507c   0x0800507c   0x0000002e   Code   RO         5317    i._printf_pre_padding  mc_w.l(printfa.o)
    0x080050aa   0x080050aa   0x0000000a   Code   RO         5319    i._sputc            mc_w.l(printfa.o)
    0x080050b4   0x080050b4   0x000000d8   Code   RO          363    i.adc_send          main.o
    0x0800518c   0x0800518c   0x0000000c   Code   RO         4936    i.delay1            i2c.o
    0x08005198   0x08005198   0x000002c8   Code   RO          364    i.disp_proc         main.o
    0x08005460   0x08005460   0x00000040   Code   RO         4937    i.eeprom_read       i2c.o
    0x080054a0   0x080054a0   0x00000030   Code   RO         4938    i.eeprom_write      i2c.o
    0x080054d0   0x080054d0   0x00000044   Code   RO         4858    i.get_adc           myadc.o
    0x08005514   0x08005514   0x000000bc   Code   RO          365    i.key_proc          main.o
    0x080055d0   0x080055d0   0x00000040   Code   RO         5035    i.ld1               led.o
    0x08005610   0x08005610   0x00000030   Code   RO         5036    i.led_init          led.o
    0x08005640   0x08005640   0x0000005c   Code   RO          366    i.led_proc          main.o
    0x0800569c   0x0800569c   0x000000e0   Code   RO          367    i.main              main.o
    0x0800577c   0x0800577c   0x000000f4   Code   RO          368    i.rx_proc           main.o
    0x08005870   0x08005870   0x000011d0   Data   RO           44    .constdata          lcd.o
    0x08006a40   0x08006a40   0x00000010   Data   RO          768    .constdata          system_stm32g4xx.o
    0x08006a50   0x08006a50   0x00000008   Data   RO          769    .constdata          system_stm32g4xx.o
    0x08006a58   0x08006a58   0x00000018   Data   RO         4395    .constdata          stm32g4xx_hal_uart.o
    0x08006a70   0x08006a70   0x00000010   Data   RO         4760    .constdata          stm32g4xx_hal_uart_ex.o
    0x08006a80   0x08006a80   0x00000020   Data   RO         5385    Region$$Table       anon$$obj.o


    Execution Region RW_IRAM1 (Exec base: 0x20000000, Load base: 0x08006aa0, Size: 0x00000638, Max: 0x00008000, ABSOLUTE)

    Exec Addr    Load Addr    Size         Type   Attr      Idx    E Section Name        Object

    0x20000000   0x08006aa0   0x00000006   Data   RW           45    .data               lcd.o
    0x20000006   0x08006aa6   0x00000002   PAD
    0x20000008   0x08006aa8   0x0000001c   Data   RW          370    .data               main.o
    0x20000024   0x08006ac4   0x00000004   Data   RW          770    .data               system_stm32g4xx.o
    0x20000028   0x08006ac8   0x0000000c   Data   RW         1286    .data               stm32g4xx_hal.o
    0x20000034   0x08006ad4   0x00000012   Data   RW         4888    .data               interrupt.o
    0x20000046   0x08006ae6   0x00000002   PAD
    0x20000048        -       0x00000014   Zero   RW          369    .bss                main.o
    0x2000005c        -       0x0000006c   Zero   RW          477    .bss                adc.o
    0x200000c8        -       0x00000028   Zero   RW          519    .bss                rtc.o
    0x200000f0        -       0x00000098   Zero   RW          562    .bss                tim.o
    0x20000188        -       0x00000090   Zero   RW          609    .bss                usart.o
    0x20000218        -       0x0000001e   Zero   RW         4887    .bss                interrupt.o
    0x20000236   0x08006ae6   0x00000002   PAD
    0x20000238        -       0x00000400   Zero   RW            1    STACK               startup_stm32g431xx.o


==============================================================================

Image component sizes


      Code (inc. data)   RO Data    RW Data    ZI Data      Debug   Object Name

       244         28          0          0        108       1685   adc.o
       284         16          0          0          0       1007   gpio.o
       628         22          0          0          0       7159   i2c.o
       276         38          0         18         30       2407   interrupt.o
      1766         76       4560          6          0     686475   lcd.o
       112         16          0          0          0        985   led.o
      1776        400          0         28         20       6056   main.o
        68         16          0          0          0        782   myadc.o
       232         20          0          0         40       1647   rtc.o
        36          8        472          0       1024        824   startup_stm32g431xx.o
       162         24          0         12          0       4229   stm32g4xx_hal.o
      1996        102          0          0          0      75711   stm32g4xx_hal_adc.o
       198         14          0          0          0      33751   stm32g4xx_hal_cortex.o
       226          0          0          0          0       1899   stm32g4xx_hal_dma.o
       604         34          0          0          0       2955   stm32g4xx_hal_gpio.o
        48          6          0          0          0        810   stm32g4xx_hal_msp.o
       204         18          0          0          0       1377   stm32g4xx_hal_pwr_ex.o
      1696         92          0          0          0       6196   stm32g4xx_hal_rcc.o
       648         10          0          0          0       1852   stm32g4xx_hal_rcc_ex.o
       914         28          0          0          0       8055   stm32g4xx_hal_rtc.o
      1276         78          0          0          0      10173   stm32g4xx_hal_tim.o
       170         24          0          0          0       5272   stm32g4xx_hal_tim_ex.o
      3694        124         24          0          0      36366   stm32g4xx_hal_uart.o
       288          6         16          0          0       5262   stm32g4xx_hal_uart_ex.o
        56         18          0          0          0       5302   stm32g4xx_it.o
        28          6         24          4          0       1095   system_stm32g4xx.o
       308         30          0          0        152       2307   tim.o
       244         18          0          0        144       1714   usart.o

    ----------------------------------------------------------------------
     18216       1272       5128         72       1520     913353   Object Totals
         0          0         32          0          0          0   (incl. Generated)
        34          0          0          4          2          0   (incl. Padding)

    ----------------------------------------------------------------------

      Code (inc. data)   RO Data    RW Data    ZI Data      Debug   Library Member Name

         0          0          0          0          0          0   entry.o
         0          0          0          0          0          0   entry10a.o
         0          0          0          0          0          0   entry11a.o
         8          4          0          0          0          0   entry2.o
         4          0          0          0          0          0   entry5.o
         0          0          0          0          0          0   entry7b.o
         0          0          0          0          0          0   entry8b.o
         8          4          0          0          0          0   entry9a.o
        30          0          0          0          0          0   handlers.o
        36          8          0          0          0         68   init.o
         0          0          0          0          0          0   iusefp.o
        30          0          0          0          0         68   llshl.o
        36          0          0          0          0         68   llsshr.o
        32          0          0          0          0         68   llushr.o
        36          0          0          0          0        108   memseta.o
      2276         86          0          0          0        520   printfa.o
        14          0          0          0          0         68   strlen.o
        44          0          0          0          0         80   uidiv.o
        98          0          0          0          0         92   uldiv.o
        48          0          0          0          0         68   cdrcmple.o
        56          0          0          0          0         88   d2f.o
       334          0          0          0          0        148   dadd.o
       222          0          0          0          0        100   ddiv.o
       186          0          0          0          0        176   depilogue.o
        48          0          0          0          0         68   dfixul.o
        26          0          0          0          0         76   dfltui.o
       228          0          0          0          0         96   dmul.o
        38          0          0          0          0         68   f2d.o
       110          0          0          0          0        168   fepilogue.o

    ----------------------------------------------------------------------
      3952        102          0          0          0       2196   Library Totals
         4          0          0          0          0          0   (incl. Padding)

    ----------------------------------------------------------------------

      Code (inc. data)   RO Data    RW Data    ZI Data      Debug   Library Name

      2652        102          0          0          0       1140   mc_w.l
      1296          0          0          0          0       1056   mf_w.l

    ----------------------------------------------------------------------
      3952        102          0          0          0       2196   Library Totals

    ----------------------------------------------------------------------

==============================================================================


      Code (inc. data)   RO Data    RW Data    ZI Data      Debug   

     22168       1374       5128         72       1520     899761   Grand Totals
     22168       1374       5128         72       1520     899761   ELF Image Totals
     22168       1374       5128         72          0          0   ROM Totals

==============================================================================

    Total RO  Size (Code + RO Data)                27296 (  26.66kB)
    Total RW  Size (RW Data + ZI Data)              1592 (   1.55kB)
    Total ROM Size (Code + RO Data + RW Data)      27368 (  26.73kB)

==============================================================================

