Component: ARM Compiler 5.06 update 6 (build 750) Tool: armlink [4d35ed]

==============================================================================

Section Cross References

    startup_stm32g431xx.o(RESET) refers to startup_stm32g431xx.o(STACK) for __initial_sp
    startup_stm32g431xx.o(RESET) refers to startup_stm32g431xx.o(.text) for Reset_Handler
    startup_stm32g431xx.o(RESET) refers to stm32g4xx_it.o(i.NMI_Handler) for NMI_Handler
    startup_stm32g431xx.o(RESET) refers to stm32g4xx_it.o(i.HardFault_Handler) for HardFault_Handler
    startup_stm32g431xx.o(RESET) refers to stm32g4xx_it.o(i.MemManage_Handler) for MemManage_Handler
    startup_stm32g431xx.o(RESET) refers to stm32g4xx_it.o(i.BusFault_Handler) for BusFault_Handler
    startup_stm32g431xx.o(RESET) refers to stm32g4xx_it.o(i.UsageFault_Handler) for UsageFault_Handler
    startup_stm32g431xx.o(RESET) refers to stm32g4xx_it.o(i.SVC_Handler) for SVC_Handler
    startup_stm32g431xx.o(RESET) refers to stm32g4xx_it.o(i.DebugMon_Handler) for DebugMon_Handler
    startup_stm32g431xx.o(RESET) refers to stm32g4xx_it.o(i.PendSV_Handler) for PendSV_Handler
    startup_stm32g431xx.o(RESET) refers to stm32g4xx_it.o(i.SysTick_Handler) for SysTick_Handler
    startup_stm32g431xx.o(RESET) refers to stm32g4xx_it.o(i.TIM3_IRQHandler) for TIM3_IRQHandler
    startup_stm32g431xx.o(RESET) refers to stm32g4xx_it.o(i.USART1_IRQHandler) for USART1_IRQHandler
    startup_stm32g431xx.o(.text) refers to system_stm32g4xx.o(i.SystemInit) for SystemInit
    startup_stm32g431xx.o(.text) refers to entry.o(.ARM.Collect$$$$00000000) for __main
    lcd.o(i.LCD_BusIn) refers to memseta.o(.text) for __aeabi_memclr4
    lcd.o(i.LCD_BusIn) refers to stm32g4xx_hal_gpio.o(i.HAL_GPIO_Init) for HAL_GPIO_Init
    lcd.o(i.LCD_BusOut) refers to memseta.o(.text) for __aeabi_memclr4
    lcd.o(i.LCD_BusOut) refers to stm32g4xx_hal_gpio.o(i.HAL_GPIO_Init) for HAL_GPIO_Init
    lcd.o(i.LCD_Clear) refers to lcd.o(i.LCD_SetCursor) for LCD_SetCursor
    lcd.o(i.LCD_Clear) refers to lcd.o(i.LCD_WriteRAM_Prepare) for LCD_WriteRAM_Prepare
    lcd.o(i.LCD_Clear) refers to lcd.o(i.LCD_WriteRAM) for LCD_WriteRAM
    lcd.o(i.LCD_ClearLine) refers to lcd.o(i.LCD_DisplayStringLine) for LCD_DisplayStringLine
    lcd.o(i.LCD_CtrlLinesConfig) refers to memseta.o(.text) for __aeabi_memclr4
    lcd.o(i.LCD_CtrlLinesConfig) refers to stm32g4xx_hal_gpio.o(i.HAL_GPIO_Init) for HAL_GPIO_Init
    lcd.o(i.LCD_CtrlLinesConfig) refers to lcd.o(i.LCD_BusOut) for LCD_BusOut
    lcd.o(i.LCD_DisplayChar) refers to lcd.o(i.LCD_DrawChar) for LCD_DrawChar
    lcd.o(i.LCD_DisplayChar) refers to lcd.o(.constdata) for .constdata
    lcd.o(i.LCD_DisplayOff) refers to lcd.o(i.LCD_WriteReg) for LCD_WriteReg
    lcd.o(i.LCD_DisplayOn) refers to lcd.o(i.LCD_WriteReg) for LCD_WriteReg
    lcd.o(i.LCD_DisplayStringLine) refers to lcd.o(i.LCD_DisplayChar) for LCD_DisplayChar
    lcd.o(i.LCD_DrawChar) refers to lcd.o(i.LCD_SetCursor) for LCD_SetCursor
    lcd.o(i.LCD_DrawChar) refers to lcd.o(i.LCD_WriteRAM_Prepare) for LCD_WriteRAM_Prepare
    lcd.o(i.LCD_DrawChar) refers to lcd.o(i.LCD_WriteRAM) for LCD_WriteRAM
    lcd.o(i.LCD_DrawChar) refers to lcd.o(.data) for .data
    lcd.o(i.LCD_DrawCircle) refers to lcd.o(i.LCD_SetCursor) for LCD_SetCursor
    lcd.o(i.LCD_DrawCircle) refers to lcd.o(i.LCD_WriteRAM_Prepare) for LCD_WriteRAM_Prepare
    lcd.o(i.LCD_DrawCircle) refers to lcd.o(i.LCD_WriteRAM) for LCD_WriteRAM
    lcd.o(i.LCD_DrawCircle) refers to lcd.o(.data) for .data
    lcd.o(i.LCD_DrawLine) refers to lcd.o(i.LCD_SetCursor) for LCD_SetCursor
    lcd.o(i.LCD_DrawLine) refers to lcd.o(i.LCD_WriteRAM_Prepare) for LCD_WriteRAM_Prepare
    lcd.o(i.LCD_DrawLine) refers to lcd.o(i.LCD_WriteRAM) for LCD_WriteRAM
    lcd.o(i.LCD_DrawLine) refers to lcd.o(.data) for .data
    lcd.o(i.LCD_DrawMonoPict) refers to lcd.o(i.LCD_SetCursor) for LCD_SetCursor
    lcd.o(i.LCD_DrawMonoPict) refers to lcd.o(i.LCD_WriteRAM_Prepare) for LCD_WriteRAM_Prepare
    lcd.o(i.LCD_DrawMonoPict) refers to lcd.o(i.LCD_WriteRAM) for LCD_WriteRAM
    lcd.o(i.LCD_DrawMonoPict) refers to lcd.o(.data) for .data
    lcd.o(i.LCD_DrawPicture) refers to lcd.o(i.LCD_SetCursor) for LCD_SetCursor
    lcd.o(i.LCD_DrawPicture) refers to lcd.o(i.LCD_WriteRAM_Prepare) for LCD_WriteRAM_Prepare
    lcd.o(i.LCD_DrawPicture) refers to lcd.o(i.LCD_WriteRAM) for LCD_WriteRAM
    lcd.o(i.LCD_DrawRect) refers to lcd.o(i.LCD_DrawLine) for LCD_DrawLine
    lcd.o(i.LCD_Init) refers to lcd.o(i.LCD_CtrlLinesConfig) for LCD_CtrlLinesConfig
    lcd.o(i.LCD_Init) refers to lcd.o(i.LCD_ReadReg) for LCD_ReadReg
    lcd.o(i.LCD_Init) refers to lcd.o(i.REG_932X_Init) for REG_932X_Init
    lcd.o(i.LCD_Init) refers to lcd.o(i.REG_8230_Init) for REG_8230_Init
    lcd.o(i.LCD_Init) refers to lcd.o(.data) for .data
    lcd.o(i.LCD_PowerOn) refers to lcd.o(i.LCD_WriteReg) for LCD_WriteReg
    lcd.o(i.LCD_PowerOn) refers to lcd.o(i.Delay_LCD) for Delay_LCD
[...]
    ../Drivers/STM32G4xx_HAL_Driver/Src/stm32g4xx_hal_pwr.c 0x00000000   Number         0  stm32g4xx_hal_pwr.o ABSOLUTE
    ../Drivers/STM32G4xx_HAL_Driver/Src/stm32g4xx_hal_pwr_ex.c 0x00000000   Number         0  stm32g4xx_hal_pwr_ex.o ABSOLUTE
    ../Drivers/STM32G4xx_HAL_Driver/Src/stm32g4xx_hal_rcc.c 0x00000000   Number         0  stm32g4xx_hal_rcc.o ABSOLUTE
    ../Drivers/STM32G4xx_HAL_Driver/Src/stm32g4xx_hal_rcc_ex.c 0x00000000   Number         0  stm32g4xx_hal_rcc_ex.o ABSOLUTE
    ../Drivers/STM32G4xx_HAL_Driver/Src/stm32g4xx_hal_tim.c 0x00000000   Number         0  stm32g4xx_hal_tim.o ABSOLUTE
    ../Drivers/STM32G4xx_HAL_Driver/Src/stm32g4xx_hal_tim_ex.c 0x00000000   Number         0  stm32g4xx_hal_tim_ex.o ABSOLUTE
    ../Drivers/STM32G4xx_HAL_Driver/Src/stm32g4xx_hal_uart.c 0x00000000   Number         0  stm32g4xx_hal_uart.o ABSOLUTE
    ../Drivers/STM32G4xx_HAL_Driver/Src/stm32g4xx_hal_uart_ex.c 0x00000000   Number         0  stm32g4xx_hal_uart_ex.o ABSOLUTE
    ../Src/gpio.c                            0x00000000   Number         0  gpio.o ABSOLUTE
    ../Src/main.c                            0x00000000   Number         0  main.o ABSOLUTE
    ../Src/stm32g4xx_hal_msp.c               0x00000000   Number         0  stm32g4xx_hal_msp.o ABSOLUTE
    ../Src/stm32g4xx_it.c                    0x00000000   Number         0  stm32g4xx_it.o ABSOLUTE
    ../Src/system_stm32g4xx.c                0x00000000   Number         0  system_stm32g4xx.o ABSOLUTE
    ../Src/tim.c                             0x00000000   Number         0  tim.o ABSOLUTE
    ../Src/usart.c                           0x00000000   Number         0  usart.o ABSOLUTE
    ../clib/microlib/division.c              0x00000000   Number         0  uldiv.o ABSOLUTE
    ../clib/microlib/division.c              0x00000000   Number         0  uidiv.o ABSOLUTE
    ../clib/microlib/init/entry.s            0x00000000   Number         0  entry8a.o ABSOLUTE
    ../clib/microlib/init/entry.s            0x00000000   Number         0  entry11a.o ABSOLUTE
    ../clib/microlib/init/entry.s            0x00000000   Number         0  entry10b.o ABSOLUTE
    ../clib/microlib/init/entry.s            0x00000000   Number         0  entry7b.o ABSOLUTE
    ../clib/microlib/init/entry.s            0x00000000   Number         0  entry7a.o ABSOLUTE
    ../clib/microlib/init/entry.s            0x00000000   Number         0  entry5.o ABSOLUTE
    ../clib/microlib/init/entry.s            0x00000000   Number         0  entry2.o ABSOLUTE
    ../clib/microlib/init/entry.s            0x00000000   Number         0  entry9a.o ABSOLUTE
    ../clib/microlib/init/entry.s            0x00000000   Number         0  entry10a.o ABSOLUTE
    ../clib/microlib/init/entry.s            0x00000000   Number         0  entry9b.o ABSOLUTE
    ../clib/microlib/init/entry.s            0x00000000   Number         0  entry8b.o ABSOLUTE
    ../clib/microlib/init/entry.s            0x00000000   Number         0  entry.o ABSOLUTE
    ../clib/microlib/init/entry.s            0x00000000   Number         0  entry11b.o ABSOLUTE
    ../clib/microlib/longlong.c              0x00000000   Number         0  llsshr.o ABSOLUTE
    ../clib/microlib/longlong.c              0x00000000   Number         0  llushr.o ABSOLUTE
    ../clib/microlib/longlong.c              0x00000000   Number         0  llshl.o ABSOLUTE
    ../clib/microlib/printf/printf.c         0x00000000   Number         0  printf2.o ABSOLUTE
    ../clib/microlib/printf/printf.c         0x00000000   Number         0  printf0.o ABSOLUTE
    ../clib/microlib/printf/printf.c         0x00000000   Number         0  printfb.o ABSOLUTE
    ../clib/microlib/printf/printf.c         0x00000000   Number         0  printf1.o ABSOLUTE
    ../clib/microlib/printf/printf.c         0x00000000   Number         0  printf3.o ABSOLUTE
    ../clib/microlib/printf/printf.c         0x00000000   Number         0  printf4.o ABSOLUTE
    ../clib/microlib/printf/printf.c         0x00000000   Number         0  printf8.o ABSOLUTE
    ../clib/microlib/printf/printf.c         0x00000000   Number         0  printf5.o ABSOLUTE
    ../clib/microlib/printf/printf.c         0x00000000   Number         0  printf6.o ABSOLUTE
    ../clib/microlib/printf/printf.c         0x00000000   Number         0  printf7.o ABSOLUTE
    ../clib/microlib/printf/printf.c         0x00000000   Number         0  printfa.o ABSOLUTE
    ../clib/microlib/printf/stubs.s          0x00000000   Number         0  stubs.o ABSOLUTE
    ../clib/microlib/stdio/fputc.c           0x00000000   Number         0  fputc.o ABSOLUTE
    ../clib/microlib/stdio/semi.s            0x00000000   Number         0  semi.o ABSOLUTE
    ../clib/microlib/stdio/streams.c         0x00000000   Number         0  stdout.o ABSOLUTE
    ../clib/microlib/string/memset.c         0x00000000   Number         0  memseta.o ABSOLUTE
    ../clib/microlib/string/strlen.c         0x00000000   Number         0  strlen.o ABSOLUTE
    ../clib/microlib/stubs.s                 0x00000000   Number         0  iusesemip.o ABSOLUTE
    ../clib/microlib/stubs.s                 0x00000000   Number         0  iusefp.o ABSOLUTE
    ../fplib/microlib/f2d.c                  0x00000000   Number         0  f2d.o ABSOLUTE
    ../fplib/microlib/fpadd.c                0x00000000   Number         0  dadd.o ABSOLUTE
    ../fplib/microlib/fpdiv.c                0x00000000   Number         0  ddiv.o ABSOLUTE
    ../fplib/microlib/fpepilogue.c           0x00000000   Number         0  depilogue.o ABSOLUTE
    ../fplib/microlib/fpfix.c                0x00000000   Number         0  dfixul.o ABSOLUTE
    ../fplib/microlib/fpmul.c                0x00000000   Number         0  dmul.o ABSOLUTE
    ..\Drivers\STM32G4xx_HAL_Driver\Src\stm32g4xx_hal.c 0x00000000   Number         0  stm32g4xx_hal.o ABSOLUTE
    ..\Drivers\STM32G4xx_HAL_Driver\Src\stm32g4xx_hal_cortex.c 0x00000000   Number         0  stm32g4xx_hal_cortex.o ABSOLUTE
    ..\Drivers\STM32G4xx_HAL_Driver\Src\stm32g4xx_hal_dma.c 0x00000000   Number         0  stm32g4xx_hal_dma.o ABSOLUTE
    ..\Drivers\STM32G4xx_HAL_Driver\Src\stm32g4xx_hal_dma_ex.c 0x00000000   Number         0  stm32g4xx_hal_dma_ex.o ABSOLUTE
    ..\Drivers\STM32G4xx_HAL_Driver\Src\stm32g4xx_hal_exti.c 0x00000000   Number         0  stm32g4xx_hal_exti.o ABSOLUTE
    ..\Drivers\STM32G4xx_HAL_Driver\Src\stm32g4xx_hal_flash.c 0x00000000   Number         0  stm32g4xx_hal_flash.o ABSOLUTE
    ..\Drivers\STM32G4xx_HAL_Driver\Src\stm32g4xx_hal_flash_ex.c 0x00000000   Number         0  stm32g4xx_hal_flash_ex.o ABSOLUTE
    ..\Drivers\STM32G4xx_HAL_Driver\Src\stm32g4xx_hal_flash_ramfunc.c 0x00000000   Number         0  stm32g4xx_hal_flash_ramfunc.o ABSOLUTE
    ..\Drivers\STM32G4xx_HAL_Driver\Src\stm32g4xx_hal_gpio.c 0x00000000   Number         0  stm32g4xx_hal_gpio.o ABSOLUTE
    ..\Drivers\STM32G4xx_HAL_Driver\Src\stm32g4xx_hal_pwr.c 0x00000000   Number         0  stm32g4xx_hal_pwr.o ABSOLUTE
    ..\Drivers\STM32G4xx_HAL_Driver\Src\stm32g4xx_hal_pwr_ex.c 0x00000000   Number         0  stm32g4xx_hal_pwr_ex.o ABSOLUTE
    ..\Drivers\STM32G4xx_HAL_Driver\Src\stm32g4xx_hal_rcc.c 0x00000000   Number         0  stm32g4xx_hal_rcc.o ABSOLUTE
    ..\Drivers\STM32G4xx_HAL_Driver\Src\stm32g4xx_hal_rcc_ex.c 0x00000000   Number         0  stm32g4xx_hal_rcc_ex.o ABSOLUTE
    ..\Drivers\STM32G4xx_HAL_Driver\Src\stm32g4xx_hal_tim.c 0x00000000   Number         0  stm32g4xx_hal_tim.o ABSOLUTE
    ..\Drivers\STM32G4xx_HAL_Driver\Src\stm32g4xx_hal_tim_ex.c 0x00000000   Number         0  stm32g4xx_hal_tim_ex.o ABSOLUTE
    ..\Drivers\STM32G4xx_HAL_Driver\Src\stm32g4xx_hal_uart.c 0x00000000   Number         0  stm32g4xx_hal_uart.o ABSOLUTE
    ..\Drivers\STM32G4xx_HAL_Driver\Src\stm32g4xx_hal_uart_ex.c 0x00000000   Number         0  stm32g4xx_hal_uart_ex.o ABSOLUTE
    ..\Src\gpio.c                            0x00000000   Number         0  gpio.o ABSOLUTE
    ..\Src\lcd.c                             0x00000000   Number         0  lcd.o ABSOLUTE
    ..\Src\main.c                            0x00000000   Number         0  main.o ABSOLUTE
    ..\Src\stm32g4xx_hal_msp.c               0x00000000   Number         0  stm32g4xx_hal_msp.o ABSOLUTE
    ..\Src\stm32g4xx_it.c                    0x00000000   Number         0  stm32g4xx_it.o ABSOLUTE
    ..\Src\system_stm32g4xx.c                0x00000000   Number         0  system_stm32g4xx.o ABSOLUTE
    ..\Src\tim.c                             0x00000000   Number         0  tim.o ABSOLUTE
    ..\Src\usart.c                           0x00000000   Number         0  usart.o ABSOLUTE
    ..\\Src\\lcd.c                           0x00000000   Number         0  lcd.o ABSOLUTE
    ..\\bsp\\interrupt.c                     0x00000000   Number         0  interrupt.o ABSOLUTE
    ..\\bsp\\led.c                           0x00000000   Number         0  led.o ABSOLUTE
    ..\bsp\interrupt.c                       0x00000000   Number         0  interrupt.o ABSOLUTE
    ..\bsp\led.c                             0x00000000   Number         0  led.o ABSOLUTE
    cdrcmple.s                               0x00000000   Number         0  cdrcmple.o ABSOLUTE
    dc.s                                     0x00000000   Number         0  dc.o ABSOLUTE
    handlers.s                               0x00000000   Number         0  handlers.o ABSOLUTE
    init.s                                   0x00000000   Number         0  init.o ABSOLUTE
    startup_stm32g431xx.s                    0x00000000   Number         0  startup_stm32g431xx.o ABSOLUTE
    RESET                                    0x08000000   Section      472  startup_stm32g431xx.o(RESET)
    .ARM.Collect$$$$00000000                 0x080001d8   Section        0  entry.o(.ARM.Collect$$$$00000000)
    .ARM.Collect$$$$00000001                 0x080001d8   Section        4  entry2.o(.ARM.Collect$$$$00000001)
    .ARM.Collect$$$$00000004                 0x080001dc   Section        4  entry5.o(.ARM.Collect$$$$00000004)
    .ARM.Collect$$$$00000008                 0x080001e0   Section        0  entry7b.o(.ARM.Collect$$$$00000008)
    .ARM.Collect$$$$0000000A                 0x080001e0   Section        0  entry8b.o(.ARM.Collect$$$$0000000A)
    .ARM.Collect$$$$0000000B                 0x080001e0   Section        8  entry9a.o(.ARM.Collect$$$$0000000B)
    .ARM.Collect$$$$0000000D                 0x080001e8   Section        0  entry10a.o(.ARM.Collect$$$$0000000D)
    .ARM.Collect$$$$0000000F                 0x080001e8   Section        0  entry11a.o(.ARM.Collect$$$$0000000F)
    .ARM.Collect$$$$00002712                 0x080001e8   Section        4  entry2.o(.ARM.Collect$$$$00002712)
    __lit__00000000                          0x080001e8   Data           4  entry2.o(.ARM.Collect$$$$00002712)
    .text                                    0x080001ec   Section       36  startup_stm32g431xx.o(.text)
    $v0                                      0x080001ec   Number         0  startup_stm32g431xx.o(.text)
    .text                                    0x08000210   Section        0  uldiv.o(.text)
    .text                                    0x08000272   Section        0  memseta.o(.text)
    .text                                    0x08000296   Section        0  strlen.o(.text)
    .text                                    0x080002a4   Section        0  f2d.o(.text)
    .text                                    0x080002ca   Section        0  uidiv.o(.text)
    .text                                    0x080002f6   Section        0  llshl.o(.text)
    .text                                    0x08000314   Section        0  llushr.o(.text)
    .text                                    0x08000334   Section        0  dadd.o(.text)
    .text                                    0x08000334   Section        0  iusefp.o(.text)
    .text                                    0x08000482   Section        0  dmul.o(.text)
    .text                                    0x08000566   Section        0  ddiv.o(.text)
    .text                                    0x08000644   Section        0  dfixul.o(.text)
    .text                                    0x08000674   Section       48  cdrcmple.o(.text)
    .text                                    0x080006a4   Section       36  init.o(.text)
    .text                                    0x080006c8   Section        0  llsshr.o(.text)
    .text                                    0x080006ec   Section        0  depilogue.o(.text)
    i.BusFault_Handler                       0x080007a6   Section        0  stm32g4xx_it.o(i.BusFault_Handler)
    i.DebugMon_Handler                       0x080007a8   Section        0  stm32g4xx_it.o(i.DebugMon_Handler)
    i.Delay_LCD                              0x080007aa   Section        0  lcd.o(i.Delay_LCD)
    i.Error_Handler                          0x080007c6   Section        0  main.o(i.Error_Handler)
    i.HAL_DMA_Abort                          0x080007c8   Section        0  stm32g4xx_hal_dma.o(i.HAL_DMA_Abort)
    i.HAL_DMA_Abort_IT                       0x08000832   Section        0  stm32g4xx_hal_dma.o(i.HAL_DMA_Abort_IT)
    i.HAL_Delay                              0x080008ac   Section        0  stm32g4xx_hal.o(i.HAL_Delay)
    i.HAL_GPIO_Init                          0x080008d0   Section        0  stm32g4xx_hal_gpio.o(i.HAL_GPIO_Init)
    i.HAL_GPIO_ReadPin                       0x08000b18   Section        0  stm32g4xx_hal_gpio.o(i.HAL_GPIO_ReadPin)
    i.HAL_GPIO_WritePin                      0x08000b22   Section        0  stm32g4xx_hal_gpio.o(i.HAL_GPIO_WritePin)
    i.HAL_GetTick                            0x08000b2c   Section        0  stm32g4xx_hal.o(i.HAL_GetTick)
    i.HAL_IncTick                            0x08000b38   Section        0  stm32g4xx_hal.o(i.HAL_IncTick)
    i.HAL_Init                               0x08000b48   Section        0  stm32g4xx_hal.o(i.HAL_Init)
    i.HAL_InitTick                           0x08000b68   Section        0  stm32g4xx_hal.o(i.HAL_InitTick)
    i.HAL_MspInit                            0x08000bac   Section        0  stm32g4xx_hal_msp.o(i.HAL_MspInit)
    i.HAL_NVIC_EnableIRQ                     0x08000bdc   Section        0  stm32g4xx_hal_cortex.o(i.HAL_NVIC_EnableIRQ)
    i.HAL_NVIC_SetPriority                   0x08000bf8   Section        0  stm32g4xx_hal_cortex.o(i.HAL_NVIC_SetPriority)
    i.HAL_NVIC_SetPriorityGrouping           0x08000c38   Section        0  stm32g4xx_hal_cortex.o(i.HAL_NVIC_SetPriorityGrouping)
    i.HAL_PWREx_ControlVoltageScaling        0x08000c5c   Section        0  stm32g4xx_hal_pwr_ex.o(i.HAL_PWREx_ControlVoltageScaling)
    i.HAL_PWREx_DisableUCPDDeadBattery       0x08000d18   Section        0  stm32g4xx_hal_pwr_ex.o(i.HAL_PWREx_DisableUCPDDeadBattery)
    i.HAL_RCCEx_PeriphCLKConfig              0x08000d28   Section        0  stm32g4xx_hal_rcc_ex.o(i.HAL_RCCEx_PeriphCLKConfig)
    i.HAL_RCC_ClockConfig                    0x08000fb0   Section        0  stm32g4xx_hal_rcc.o(i.HAL_RCC_ClockConfig)
    i.HAL_RCC_GetPCLK1Freq                   0x0800118c   Section        0  stm32g4xx_hal_rcc.o(i.HAL_RCC_GetPCLK1Freq)
    i.HAL_RCC_GetPCLK2Freq                   0x080011b0   Section        0  stm32g4xx_hal_rcc.o(i.HAL_RCC_GetPCLK2Freq)
    i.HAL_RCC_GetSysClockFreq                0x080011d4   Section        0  stm32g4xx_hal_rcc.o(i.HAL_RCC_GetSysClockFreq)
    i.HAL_RCC_OscConfig                      0x08001244   Section        0  stm32g4xx_hal_rcc.o(i.HAL_RCC_OscConfig)
    i.HAL_SYSTICK_Config                     0x08001650   Section        0  stm32g4xx_hal_cortex.o(i.HAL_SYSTICK_Config)
    i.HAL_TIMEx_Break2Callback               0x08001678   Section        0  stm32g4xx_hal_tim_ex.o(i.HAL_TIMEx_Break2Callback)
    i.HAL_TIMEx_BreakCallback                0x0800167a   Section        0  stm32g4xx_hal_tim_ex.o(i.HAL_TIMEx_BreakCallback)
    i.HAL_TIMEx_CommutCallback               0x0800167c   Section        0  stm32g4xx_hal_tim_ex.o(i.HAL_TIMEx_CommutCallback)
    i.HAL_TIMEx_ConfigBreakDeadTime          0x08001680   Section        0  stm32g4xx_hal_tim_ex.o(i.HAL_TIMEx_ConfigBreakDeadTime)
    i.HAL_TIMEx_DirectionChangeCallback      0x0800172c   Section        0  stm32g4xx_hal_tim_ex.o(i.HAL_TIMEx_DirectionChangeCallback)
    i.HAL_TIMEx_EncoderIndexCallback         0x0800172e   Section        0  stm32g4xx_hal_tim_ex.o(i.HAL_TIMEx_EncoderIndexCallback)
    i.HAL_TIMEx_IndexErrorCallback           0x08001730   Section        0  stm32g4xx_hal_tim_ex.o(i.HAL_TIMEx_IndexErrorCallback)
    i.HAL_TIMEx_MasterConfigSynchronization  0x08001734   Section        0  stm32g4xx_hal_tim_ex.o(i.HAL_TIMEx_MasterConfigSynchronization)
    i.HAL_TIMEx_TransitionErrorCallback      0x080017d0   Section        0  stm32g4xx_hal_tim_ex.o(i.HAL_TIMEx_TransitionErrorCallback)
    i.HAL_TIM_Base_Init                      0x080017d2   Section        0  stm32g4xx_hal_tim.o(i.HAL_TIM_Base_Init)
    i.HAL_TIM_Base_MspInit                   0x08001834   Section        0  tim.o(i.HAL_TIM_Base_MspInit)
    i.HAL_TIM_Base_Start_IT                  0x08001888   Section        0  stm32g4xx_hal_tim.o(i.HAL_TIM_Base_Start_IT)
    i.HAL_TIM_ConfigClockSource              0x08001900   Section        0  stm32g4xx_hal_tim.o(i.HAL_TIM_ConfigClockSource)
    i.HAL_TIM_IC_CaptureCallback             0x08001a00   Section        0  stm32g4xx_hal_tim.o(i.HAL_TIM_IC_CaptureCallback)
    i.HAL_TIM_IRQHandler                     0x08001a02   Section        0  stm32g4xx_hal_tim.o(i.HAL_TIM_IRQHandler)
    i.HAL_TIM_MspPostInit                    0x08001c00   Section        0  tim.o(i.HAL_TIM_MspPostInit)
    i.HAL_TIM_OC_DelayElapsedCallback        0x08001c50   Section        0  stm32g4xx_hal_tim.o(i.HAL_TIM_OC_DelayElapsedCallback)
    i.HAL_TIM_PWM_ConfigChannel              0x08001c52   Section        0  stm32g4xx_hal_tim.o(i.HAL_TIM_PWM_ConfigChannel)
    i.HAL_TIM_PWM_Init                       0x08001d76   Section        0  stm32g4xx_hal_tim.o(i.HAL_TIM_PWM_Init)
    i.HAL_TIM_PWM_MspInit                    0x08001dd8   Section        0  stm32g4xx_hal_tim.o(i.HAL_TIM_PWM_MspInit)
    i.HAL_TIM_PWM_PulseFinishedCallback      0x08001dda   Section        0  stm32g4xx_hal_tim.o(i.HAL_TIM_PWM_PulseFinishedCallback)
    i.HAL_TIM_PWM_Start                      0x08001ddc   Section        0  stm32g4xx_hal_tim.o(i.HAL_TIM_PWM_Start)
    i.HAL_TIM_PeriodElapsedCallback          0x08001ed8   Section        0  interrupt.o(i.HAL_TIM_PeriodElapsedCallback)
    i.HAL_TIM_TriggerCallback                0x08001f6c   Section        0  stm32g4xx_hal_tim.o(i.HAL_TIM_TriggerCallback)
    i.HAL_UARTEx_DisableFifoMode             0x08001f6e   Section        0  stm32g4xx_hal_uart_ex.o(i.HAL_UARTEx_DisableFifoMode)
    i.HAL_UARTEx_RxEventCallback             0x08001fac   Section        0  stm32g4xx_hal_uart.o(i.HAL_UARTEx_RxEventCallback)
    i.HAL_UARTEx_RxFifoFullCallback          0x08001fae   Section        0  stm32g4xx_hal_uart_ex.o(i.HAL_UARTEx_RxFifoFullCallback)
    i.HAL_UARTEx_SetRxFifoThreshold          0x08001fb0   Section        0  stm32g4xx_hal_uart_ex.o(i.HAL_UARTEx_SetRxFifoThreshold)
    i.HAL_UARTEx_SetTxFifoThreshold          0x08001ffc   Section        0  stm32g4xx_hal_uart_ex.o(i.HAL_UARTEx_SetTxFifoThreshold)
    i.HAL_UARTEx_TxFifoEmptyCallback         0x08002048   Section        0  stm32g4xx_hal_uart_ex.o(i.HAL_UARTEx_TxFifoEmptyCallback)
    i.HAL_UARTEx_WakeupCallback              0x0800204a   Section        0  stm32g4xx_hal_uart_ex.o(i.HAL_UARTEx_WakeupCallback)
    i.HAL_UART_ErrorCallback                 0x0800204c   Section        0  stm32g4xx_hal_uart.o(i.HAL_UART_ErrorCallback)
    i.HAL_UART_IRQHandler                    0x08002050   Section        0  stm32g4xx_hal_uart.o(i.HAL_UART_IRQHandler)
    i.HAL_UART_Init                          0x08002330   Section        0  stm32g4xx_hal_uart.o(i.HAL_UART_Init)
    i.HAL_UART_MspInit                       0x0800239c   Section        0  usart.o(i.HAL_UART_MspInit)
    i.HAL_UART_Receive_IT                    0x08002428   Section        0  stm32g4xx_hal_uart.o(i.HAL_UART_Receive_IT)
    i.HAL_UART_RxCpltCallback                0x0800247c   Section        0  interrupt.o(i.HAL_UART_RxCpltCallback)
    i.HAL_UART_Transmit                      0x080024a0   Section        0  stm32g4xx_hal_uart.o(i.HAL_UART_Transmit)
    i.HAL_UART_TxCpltCallback                0x0800255c   Section        0  stm32g4xx_hal_uart.o(i.HAL_UART_TxCpltCallback)
    i.HardFault_Handler                      0x0800255e   Section        0  stm32g4xx_it.o(i.HardFault_Handler)
    i.LCD_BusIn                              0x08002560   Section        0  lcd.o(i.LCD_BusIn)
    i.LCD_BusOut                             0x0800258c   Section        0  lcd.o(i.LCD_BusOut)
    i.LCD_Clear                              0x080025bc   Section        0  lcd.o(i.LCD_Clear)
    i.LCD_CtrlLinesConfig                    0x080025e0   Section        0  lcd.o(i.LCD_CtrlLinesConfig)
    i.LCD_DisplayChar                        0x08002670   Section        0  lcd.o(i.LCD_DisplayChar)
    i.LCD_DisplayStringLine                  0x08002688   Section        0  lcd.o(i.LCD_DisplayStringLine)
    i.LCD_DrawChar                           0x080026b4   Section        0  lcd.o(i.LCD_DrawChar)
    i.LCD_Init                               0x0800270c   Section        0  lcd.o(i.LCD_Init)
    i.LCD_ReadReg                            0x08002740   Section        0  lcd.o(i.LCD_ReadReg)
    i.LCD_SetBackColor                       0x080027c0   Section        0  lcd.o(i.LCD_SetBackColor)
    i.LCD_SetCursor                          0x080027d0   Section        0  lcd.o(i.LCD_SetCursor)
    i.LCD_SetTextColor                       0x080027e8   Section        0  lcd.o(i.LCD_SetTextColor)
    i.LCD_WriteRAM                           0x080027f8   Section        0  lcd.o(i.LCD_WriteRAM)
    i.LCD_WriteRAM_Prepare                   0x08002850   Section        0  lcd.o(i.LCD_WriteRAM_Prepare)
    i.LCD_WriteReg                           0x080028ac   Section        0  lcd.o(i.LCD_WriteReg)
    i.LD1_off                                0x08002918   Section        0  led.o(i.LD1_off)
    i.LD1_on                                 0x08002948   Section        0  led.o(i.LD1_on)
    i.LD2_off                                0x08002978   Section        0  led.o(i.LD2_off)
    i.LD2_on                                 0x080029a8   Section        0  led.o(i.LD2_on)
    i.MX_GPIO_Init                           0x080029d8   Section        0  gpio.o(i.MX_GPIO_Init)
    i.MX_TIM17_Init                          0x08002af4   Section        0  tim.o(i.MX_TIM17_Init)
    i.MX_TIM3_Init                           0x08002b8c   Section        0  tim.o(i.MX_TIM3_Init)
    i.MX_USART1_UART_Init                    0x08002bf4   Section        0  usart.o(i.MX_USART1_UART_Init)
    i.MemManage_Handler                      0x08002c5c   Section        0  stm32g4xx_it.o(i.MemManage_Handler)
    i.NMI_Handler                            0x08002c5e   Section        0  stm32g4xx_it.o(i.NMI_Handler)
    i.PendSV_Handler                         0x08002c60   Section        0  stm32g4xx_it.o(i.PendSV_Handler)
    i.REG_8230_Init                          0x08002c62   Section        0  lcd.o(i.REG_8230_Init)
    i.REG_932X_Init                          0x08002d74   Section        0  lcd.o(i.REG_932X_Init)
    i.SVC_Handler                            0x08002f76   Section        0  stm32g4xx_it.o(i.SVC_Handler)
    i.SysTick_Handler                        0x08002f78   Section        0  stm32g4xx_it.o(i.SysTick_Handler)
    i.SystemClock_Config                     0x08002f7c   Section        0  main.o(i.SystemClock_Config)
    i.SystemInit                             0x08002fd8   Section        0  system_stm32g4xx.o(i.SystemInit)
    i.TIM3_IRQHandler                        0x08002ff4   Section        0  stm32g4xx_it.o(i.TIM3_IRQHandler)
    i.TIM_Base_SetConfig                     0x08003000   Section        0  stm32g4xx_hal_tim.o(i.TIM_Base_SetConfig)
    i.TIM_CCxChannelCmd                      0x080030b0   Section        0  stm32g4xx_hal_tim.o(i.TIM_CCxChannelCmd)
    i.TIM_ETR_SetConfig                      0x080030ca   Section        0  stm32g4xx_hal_tim.o(i.TIM_ETR_SetConfig)
    i.TIM_ITRx_SetConfig                     0x080030e0   Section        0  stm32g4xx_hal_tim.o(i.TIM_ITRx_SetConfig)
    TIM_ITRx_SetConfig                       0x080030e1   Thumb Code    16  stm32g4xx_hal_tim.o(i.TIM_ITRx_SetConfig)
    i.TIM_OC1_SetConfig                      0x080030f4   Section        0  stm32g4xx_hal_tim.o(i.TIM_OC1_SetConfig)
    TIM_OC1_SetConfig                        0x080030f5   Thumb Code   132  stm32g4xx_hal_tim.o(i.TIM_OC1_SetConfig)
    i.TIM_OC2_SetConfig                      0x08003190   Section        0  stm32g4xx_hal_tim.o(i.TIM_OC2_SetConfig)
    i.TIM_OC3_SetConfig                      0x08003220   Section        0  stm32g4xx_hal_tim.o(i.TIM_OC3_SetConfig)
    TIM_OC3_SetConfig                        0x08003221   Thumb Code   118  stm32g4xx_hal_tim.o(i.TIM_OC3_SetConfig)
    i.TIM_OC4_SetConfig                      0x080032b0   Section        0  stm32g4xx_hal_tim.o(i.TIM_OC4_SetConfig)
    TIM_OC4_SetConfig                        0x080032b1   Thumb Code   120  stm32g4xx_hal_tim.o(i.TIM_OC4_SetConfig)
    i.TIM_OC5_SetConfig                      0x08003340   Section        0  stm32g4xx_hal_tim.o(i.TIM_OC5_SetConfig)
    TIM_OC5_SetConfig                        0x08003341   Thumb Code    86  stm32g4xx_hal_tim.o(i.TIM_OC5_SetConfig)
    i.TIM_OC6_SetConfig                      0x080033b0   Section        0  stm32g4xx_hal_tim.o(i.TIM_OC6_SetConfig)
    TIM_OC6_SetConfig                        0x080033b1   Thumb Code    88  stm32g4xx_hal_tim.o(i.TIM_OC6_SetConfig)
    i.TIM_TI1_ConfigInputStage               0x08003420   Section        0  stm32g4xx_hal_tim.o(i.TIM_TI1_ConfigInputStage)
    TIM_TI1_ConfigInputStage                 0x08003421   Thumb Code    34  stm32g4xx_hal_tim.o(i.TIM_TI1_ConfigInputStage)
    i.TIM_TI2_ConfigInputStage               0x08003442   Section        0  stm32g4xx_hal_tim.o(i.TIM_TI2_ConfigInputStage)
    TIM_TI2_ConfigInputStage                 0x08003443   Thumb Code    36  stm32g4xx_hal_tim.o(i.TIM_TI2_ConfigInputStage)
    i.UARTEx_SetNbDataToProcess              0x08003468   Section        0  stm32g4xx_hal_uart_ex.o(i.UARTEx_SetNbDataToProcess)
    UARTEx_SetNbDataToProcess                0x08003469   Thumb Code    62  stm32g4xx_hal_uart_ex.o(i.UARTEx_SetNbDataToProcess)
    i.UART_AdvFeatureConfig                  0x080034ac   Section        0  stm32g4xx_hal_uart.o(i.UART_AdvFeatureConfig)
    i.UART_CheckIdleState                    0x08003574   Section        0  stm32g4xx_hal_uart.o(i.UART_CheckIdleState)
    i.UART_DMAAbortOnError                   0x080035d4   Section        0  stm32g4xx_hal_uart.o(i.UART_DMAAbortOnError)
    UART_DMAAbortOnError                     0x080035d5   Thumb Code    20  stm32g4xx_hal_uart.o(i.UART_DMAAbortOnError)
    i.UART_EndRxTransfer                     0x080035e8   Section        0  stm32g4xx_hal_uart.o(i.UART_EndRxTransfer)
    UART_EndRxTransfer                       0x080035e9   Thumb Code    78  stm32g4xx_hal_uart.o(i.UART_EndRxTransfer)
    i.UART_RxISR_16BIT                       0x0800363c   Section        0  stm32g4xx_hal_uart.o(i.UART_RxISR_16BIT)
    UART_RxISR_16BIT                         0x0800363d   Thumb Code   162  stm32g4xx_hal_uart.o(i.UART_RxISR_16BIT)
    i.UART_RxISR_16BIT_FIFOEN                0x080036e0   Section        0  stm32g4xx_hal_uart.o(i.UART_RxISR_16BIT_FIFOEN)
    UART_RxISR_16BIT_FIFOEN                  0x080036e1   Thumb Code   364  stm32g4xx_hal_uart.o(i.UART_RxISR_16BIT_FIFOEN)
    i.UART_RxISR_8BIT                        0x08003854   Section        0  stm32g4xx_hal_uart.o(i.UART_RxISR_8BIT)
    UART_RxISR_8BIT                          0x08003855   Thumb Code   162  stm32g4xx_hal_uart.o(i.UART_RxISR_8BIT)
    i.UART_RxISR_8BIT_FIFOEN                 0x080038f8   Section        0  stm32g4xx_hal_uart.o(i.UART_RxISR_8BIT_FIFOEN)
    UART_RxISR_8BIT_FIFOEN                   0x080038f9   Thumb Code   364  stm32g4xx_hal_uart.o(i.UART_RxISR_8BIT_FIFOEN)
    i.UART_SetConfig                         0x08003a6c   Section        0  stm32g4xx_hal_uart.o(i.UART_SetConfig)
    i.UART_Start_Receive_IT                  0x08003ce0   Section        0  stm32g4xx_hal_uart.o(i.UART_Start_Receive_IT)
    i.UART_WaitOnFlagUntilTimeout            0x08003df8   Section        0  stm32g4xx_hal_uart.o(i.UART_WaitOnFlagUntilTimeout)
    i.USART1_IRQHandler                      0x08003ec0   Section        0  stm32g4xx_it.o(i.USART1_IRQHandler)
    i.UsageFault_Handler                     0x08003ecc   Section        0  stm32g4xx_it.o(i.UsageFault_Handler)
    i.__0sprintf                             0x08003ed0   Section        0  printfa.o(i.__0sprintf)
    i.__NVIC_SetPriority                     0x08003ef8   Section        0  stm32g4xx_hal_cortex.o(i.__NVIC_SetPriority)
    __NVIC_SetPriority                       0x08003ef9   Thumb Code    32  stm32g4xx_hal_cortex.o(i.__NVIC_SetPriority)
    i.__scatterload_copy                     0x08003f18   Section       14  handlers.o(i.__scatterload_copy)
    i.__scatterload_null                     0x08003f26   Section        2  handlers.o(i.__scatterload_null)
    i.__scatterload_zeroinit                 0x08003f28   Section       14  handlers.o(i.__scatterload_zeroinit)
    i._fp_digits                             0x08003f38   Section        0  printfa.o(i._fp_digits)
    _fp_digits                               0x08003f39   Thumb Code   366  printfa.o(i._fp_digits)
    i._printf_core                           0x080040bc   Section        0  printfa.o(i._printf_core)
    _printf_core                             0x080040bd   Thumb Code  1744  printfa.o(i._printf_core)
    i._printf_post_padding                   0x08004798   Section        0  printfa.o(i._printf_post_padding)
    _printf_post_padding                     0x08004799   Thumb Code    36  printfa.o(i._printf_post_padding)
    i._printf_pre_padding                    0x080047bc   Section        0  printfa.o(i._printf_pre_padding)
    _printf_pre_padding                      0x080047bd   Thumb Code    46  printfa.o(i._printf_pre_padding)
    i._sputc                                 0x080047ea   Section        0  printfa.o(i._sputc)
    _sputc                                   0x080047eb   Thumb Code    10  printfa.o(i._sputc)
    i.disp_proc                              0x080047f4   Section        0  main.o(i.disp_proc)
    i.inputdata_proc                         0x08004940   Section        0  main.o(i.inputdata_proc)
    i.key_proc                               0x08004d50   Section        0  main.o(i.key_proc)
    i.led_init                               0x08004df0   Section        0  led.o(i.led_init)
    i.led_proc                               0x08004e20   Section        0  main.o(i.led_proc)
    i.main                                   0x08004e58   Section        0  main.o(i.main)
    i.pwm_proc                               0x08004ee4   Section        0  main.o(i.pwm_proc)
    i.rx_proc                                0x08004efc   Section        0  main.o(i.rx_proc)
    .constdata                               0x08005048   Section     4560  lcd.o(.constdata)
    .constdata                               0x08006218   Section       16  system_stm32g4xx.o(.constdata)
    .constdata                               0x08006228   Section        8  system_stm32g4xx.o(.constdata)
    .constdata                               0x08006230   Section       24  stm32g4xx_hal_uart.o(.constdata)
    .constdata                               0x08006248   Section       16  stm32g4xx_hal_uart_ex.o(.constdata)
    numerator                                0x08006248   Data           8  stm32g4xx_hal_uart_ex.o(.constdata)
    denominator                              0x08006250   Data           8  stm32g4xx_hal_uart_ex.o(.constdata)
    .data                                    0x20000000   Section        6  lcd.o(.data)
    TextColor                                0x20000000   Data           2  lcd.o(.data)
    BackColor                                0x20000002   Data           2  lcd.o(.data)
    .data                                    0x20000008   Section       42  main.o(.data)
    .data                                    0x20000034   Section        4  system_stm32g4xx.o(.data)
    .data                                    0x20000038   Section       14  interrupt.o(.data)
    .data                                    0x20000048   Section       12  stm32g4xx_hal.o(.data)
    .bss                                     0x20000054   Section      136  main.o(.bss)
    .bss                                     0x200000dc   Section      152  tim.o(.bss)
    .bss                                     0x20000174   Section      144  usart.o(.bss)
    .bss                                     0x20000204   Section       30  interrupt.o(.bss)
    STACK                                    0x20000228   Section     1024  startup_stm32g431xx.o(STACK)

    Global Symbols

    Symbol Name                              Value     Ov Type        Size  Object(Section)

    BuildAttributes$$THM_ISAv4$E$P$D$K$B$S$7EM$VFPi3$EXTD16$VFPS$VFMA$PE$A:L22UL41UL21$X:L11$S22US41US21$IEEE1$IW$USESV6$~STKCKD$USESV7$~SHL$OSPACE$ROPI$EBA8$MICROLIB$REQ8$PRES8$EABIv2 0x00000000   Number         0  anon$$obj.o ABSOLUTE
    __ARM_use_no_argv                        0x00000000   Number         0  main.o ABSOLUTE
    _printf_a                                0x00000000   Number         0  stubs.o ABSOLUTE
    _printf_c                                0x00000000   Number         0  stubs.o ABSOLUTE
    _printf_charcount                        0x00000000   Number         0  stubs.o ABSOLUTE
    _printf_d                                0x00000000   Number         0  stubs.o ABSOLUTE
    _printf_e                                0x00000000   Number         0  stubs.o ABSOLUTE
    _printf_f                                0x00000000   Number         0  stubs.o ABSOLUTE
    _printf_flags                            0x00000000   Number         0  stubs.o ABSOLUTE
    _printf_fp_dec                           0x00000000   Number         0  stubs.o ABSOLUTE
    _printf_fp_hex                           0x00000000   Number         0  stubs.o ABSOLUTE
    _printf_g                                0x00000000   Number         0  stubs.o ABSOLUTE
    _printf_i                                0x00000000   Number         0  stubs.o ABSOLUTE
    _printf_int_dec                          0x00000000   Number         0  stubs.o ABSOLUTE
    _printf_l                                0x00000000   Number         0  stubs.o ABSOLUTE
    _printf_lc                               0x00000000   Number         0  stubs.o ABSOLUTE
    _printf_ll                               0x00000000   Number         0  stubs.o ABSOLUTE
    _printf_lld                              0x00000000   Number         0  stubs.o ABSOLUTE
    _printf_lli                              0x00000000   Number         0  stubs.o ABSOLUTE
    _printf_llo                              0x00000000   Number         0  stubs.o ABSOLUTE
    _printf_llu                              0x00000000   Number         0  stubs.o ABSOLUTE
    _printf_llx                              0x00000000   Number         0  stubs.o ABSOLUTE
    _printf_longlong_dec                     0x00000000   Number         0  stubs.o ABSOLUTE
    _printf_longlong_hex                     0x00000000   Number         0  stubs.o ABSOLUTE
    _printf_longlong_oct                     0x00000000   Number         0  stubs.o ABSOLUTE
    _printf_ls                               0x00000000   Number         0  stubs.o ABSOLUTE
    _printf_mbtowc                           0x00000000   Number         0  stubs.o ABSOLUTE
    _printf_n                                0x00000000   Number         0  stubs.o ABSOLUTE
    _printf_o                                0x00000000   Number         0  stubs.o ABSOLUTE
    _printf_p                                0x00000000   Number         0  stubs.o ABSOLUTE
    _printf_percent                          0x00000000   Number         0  stubs.o ABSOLUTE
    _printf_pre_padding                      0x00000000   Number         0  stubs.o ABSOLUTE
    _printf_return_value                     0x00000000   Number         0  stubs.o ABSOLUTE
    _printf_s                                0x00000000   Number         0  stubs.o ABSOLUTE
    _printf_sizespec                         0x00000000   Number         0  stubs.o ABSOLUTE
    _printf_str                              0x00000000   Number         0  stubs.o ABSOLUTE
    _printf_truncate_signed                  0x00000000   Number         0  stubs.o ABSOLUTE
    _printf_truncate_unsigned                0x00000000   Number         0  stubs.o ABSOLUTE
    _printf_u                                0x00000000   Number         0  stubs.o ABSOLUTE
    _printf_wc                               0x00000000   Number         0  stubs.o ABSOLUTE
    _printf_wctomb                           0x00000000   Number         0  stubs.o ABSOLUTE
    _printf_widthprec                        0x00000000   Number         0  stubs.o ABSOLUTE
    _printf_x                                0x00000000   Number         0  stubs.o ABSOLUTE
    __cpp_initialize__aeabi_                  - Undefined Weak Reference
    __cxa_finalize                            - Undefined Weak Reference
    __decompress                              - Undefined Weak Reference
    _clock_init                               - Undefined Weak Reference
    _microlib_exit                            - Undefined Weak Reference
    __Vectors_Size                           0x000001d8   Number         0  startup_stm32g431xx.o ABSOLUTE
    __Vectors                                0x08000000   Data           4  startup_stm32g431xx.o(RESET)
    __Vectors_End                            0x080001d8   Data           0  startup_stm32g431xx.o(RESET)
    __main                                   0x080001d9   Thumb Code     0  entry.o(.ARM.Collect$$$$00000000)
    _main_stk                                0x080001d9   Thumb Code     0  entry2.o(.ARM.Collect$$$$00000001)
    _main_scatterload                        0x080001dd   Thumb Code     0  entry5.o(.ARM.Collect$$$$00000004)
    __main_after_scatterload                 0x080001e1   Thumb Code     0  entry5.o(.ARM.Collect$$$$00000004)
    _main_clock                              0x080001e1   Thumb Code     0  entry7b.o(.ARM.Collect$$$$00000008)
    _main_cpp_init                           0x080001e1   Thumb Code     0  entry8b.o(.ARM.Collect$$$$0000000A)
    _main_init                               0x080001e1   Thumb Code     0  entry9a.o(.ARM.Collect$$$$0000000B)
    __rt_final_cpp                           0x080001e9   Thumb Code     0  entry10a.o(.ARM.Collect$$$$0000000D)
    __rt_final_exit                          0x080001e9   Thumb Code     0  entry11a.o(.ARM.Collect$$$$0000000F)
    Reset_Handler                            0x080001ed   Thumb Code     8  startup_stm32g431xx.o(.text)
    ADC1_2_IRQHandler                        0x08000207   Thumb Code     0  startup_stm32g431xx.o(.text)
    COMP1_2_3_IRQHandler                     0x08000207   Thumb Code     0  startup_stm32g431xx.o(.text)
    COMP4_IRQHandler                         0x08000207   Thumb Code     0  startup_stm32g431xx.o(.text)
    CORDIC_IRQHandler                        0x08000207   Thumb Code     0  startup_stm32g431xx.o(.text)
    CRS_IRQHandler                           0x08000207   Thumb Code     0  startup_stm32g431xx.o(.text)
    DMA1_Channel1_IRQHandler                 0x08000207   Thumb Code     0  startup_stm32g431xx.o(.text)
    DMA1_Channel2_IRQHandler                 0x08000207   Thumb Code     0  startup_stm32g431xx.o(.text)
    DMA1_Channel3_IRQHandler                 0x08000207   Thumb Code     0  startup_stm32g431xx.o(.text)
    DMA1_Channel4_IRQHandler                 0x08000207   Thumb Code     0  startup_stm32g431xx.o(.text)
    DMA1_Channel5_IRQHandler                 0x08000207   Thumb Code     0  startup_stm32g431xx.o(.text)
    DMA1_Channel6_IRQHandler                 0x08000207   Thumb Code     0  startup_stm32g431xx.o(.text)
    DMA2_Channel1_IRQHandler                 0x08000207   Thumb Code     0  startup_stm32g431xx.o(.text)
    DMA2_Channel2_IRQHandler                 0x08000207   Thumb Code     0  startup_stm32g431xx.o(.text)
    DMA2_Channel3_IRQHandler                 0x08000207   Thumb Code     0  startup_stm32g431xx.o(.text)
    DMA2_Channel4_IRQHandler                 0x08000207   Thumb Code     0  startup_stm32g431xx.o(.text)
    DMA2_Channel5_IRQHandler                 0x08000207   Thumb Code     0  startup_stm32g431xx.o(.text)
    DMA2_Channel6_IRQHandler                 0x08000207   Thumb Code     0  startup_stm32g431xx.o(.text)
    DMAMUX_OVR_IRQHandler                    0x08000207   Thumb Code     0  startup_stm32g431xx.o(.text)
    EXTI0_IRQHandler                         0x08000207   Thumb Code     0  startup_stm32g431xx.o(.text)
    EXTI15_10_IRQHandler                     0x08000207   Thumb Code     0  startup_stm32g431xx.o(.text)
    EXTI1_IRQHandler                         0x08000207   Thumb Code     0  startup_stm32g431xx.o(.text)
    EXTI2_IRQHandler                         0x08000207   Thumb Code     0  startup_stm32g431xx.o(.text)
    EXTI3_IRQHandler                         0x08000207   Thumb Code     0  startup_stm32g431xx.o(.text)
    EXTI4_IRQHandler                         0x08000207   Thumb Code     0  startup_stm32g431xx.o(.text)
    EXTI9_5_IRQHandler                       0x08000207   Thumb Code     0  startup_stm32g431xx.o(.text)
    FDCAN1_IT0_IRQHandler                    0x08000207   Thumb Code     0  startup_stm32g431xx.o(.text)
    FDCAN1_IT1_IRQHandler                    0x08000207   Thumb Code     0  startup_stm32g431xx.o(.text)
    FLASH_IRQHandler                         0x08000207   Thumb Code     0  startup_stm32g431xx.o(.text)
    FMAC_IRQHandler                          0x08000207   Thumb Code     0  startup_stm32g431xx.o(.text)
    FPU_IRQHandler                           0x08000207   Thumb Code     0  startup_stm32g431xx.o(.text)
    I2C1_ER_IRQHandler                       0x08000207   Thumb Code     0  startup_stm32g431xx.o(.text)
    I2C1_EV_IRQHandler                       0x08000207   Thumb Code     0  startup_stm32g431xx.o(.text)
    I2C2_ER_IRQHandler                       0x08000207   Thumb Code     0  startup_stm32g431xx.o(.text)
    I2C2_EV_IRQHandler                       0x08000207   Thumb Code     0  startup_stm32g431xx.o(.text)
    I2C3_ER_IRQHandler                       0x08000207   Thumb Code     0  startup_stm32g431xx.o(.text)
    I2C3_EV_IRQHandler                       0x08000207   Thumb Code     0  startup_stm32g431xx.o(.text)
    LPTIM1_IRQHandler                        0x08000207   Thumb Code     0  startup_stm32g431xx.o(.text)
    LPUART1_IRQHandler                       0x08000207   Thumb Code     0  startup_stm32g431xx.o(.text)
    PVD_PVM_IRQHandler                       0x08000207   Thumb Code     0  startup_stm32g431xx.o(.text)
    RCC_IRQHandler                           0x08000207   Thumb Code     0  startup_stm32g431xx.o(.text)
    RNG_IRQHandler                           0x08000207   Thumb Code     0  startup_stm32g431xx.o(.text)
    RTC_Alarm_IRQHandler                     0x08000207   Thumb Code     0  startup_stm32g431xx.o(.text)
    RTC_TAMP_LSECSS_IRQHandler               0x08000207   Thumb Code     0  startup_stm32g431xx.o(.text)
    RTC_WKUP_IRQHandler                      0x08000207   Thumb Code     0  startup_stm32g431xx.o(.text)
    SAI1_IRQHandler                          0x08000207   Thumb Code     0  startup_stm32g431xx.o(.text)
    SPI1_IRQHandler                          0x08000207   Thumb Code     0  startup_stm32g431xx.o(.text)
    SPI2_IRQHandler                          0x08000207   Thumb Code     0  startup_stm32g431xx.o(.text)
    SPI3_IRQHandler                          0x08000207   Thumb Code     0  startup_stm32g431xx.o(.text)
    TIM1_BRK_TIM15_IRQHandler                0x08000207   Thumb Code     0  startup_stm32g431xx.o(.text)
    TIM1_CC_IRQHandler                       0x08000207   Thumb Code     0  startup_stm32g431xx.o(.text)
    TIM1_TRG_COM_TIM17_IRQHandler            0x08000207   Thumb Code     0  startup_stm32g431xx.o(.text)
    TIM1_UP_TIM16_IRQHandler                 0x08000207   Thumb Code     0  startup_stm32g431xx.o(.text)
    TIM2_IRQHandler                          0x08000207   Thumb Code     0  startup_stm32g431xx.o(.text)
    TIM4_IRQHandler                          0x08000207   Thumb Code     0  startup_stm32g431xx.o(.text)
    TIM6_DAC_IRQHandler                      0x08000207   Thumb Code     0  startup_stm32g431xx.o(.text)
    TIM7_DAC_IRQHandler                      0x08000207   Thumb Code     0  startup_stm32g431xx.o(.text)
    TIM8_BRK_IRQHandler                      0x08000207   Thumb Code     0  startup_stm32g431xx.o(.text)
    TIM8_CC_IRQHandler                       0x08000207   Thumb Code     0  startup_stm32g431xx.o(.text)
    TIM8_TRG_COM_IRQHandler                  0x08000207   Thumb Code     0  startup_stm32g431xx.o(.text)
    TIM8_UP_IRQHandler                       0x08000207   Thumb Code     0  startup_stm32g431xx.o(.text)
    UART4_IRQHandler                         0x08000207   Thumb Code     0  startup_stm32g431xx.o(.text)
    UCPD1_IRQHandler                         0x08000207   Thumb Code     0  startup_stm32g431xx.o(.text)
    USART2_IRQHandler                        0x08000207   Thumb Code     0  startup_stm32g431xx.o(.text)
    USART3_IRQHandler                        0x08000207   Thumb Code     0  startup_stm32g431xx.o(.text)
    USBWakeUp_IRQHandler                     0x08000207   Thumb Code     0  startup_stm32g431xx.o(.text)
    USB_HP_IRQHandler                        0x08000207   Thumb Code     0  startup_stm32g431xx.o(.text)
    USB_LP_IRQHandler                        0x08000207   Thumb Code     0  startup_stm32g431xx.o(.text)
    WWDG_IRQHandler                          0x08000207   Thumb Code     0  startup_stm32g431xx.o(.text)
    __aeabi_uldivmod                         0x08000211   Thumb Code    98  uldiv.o(.text)
    __aeabi_memset                           0x08000273   Thumb Code    14  memseta.o(.text)
    __aeabi_memset4                          0x08000273   Thumb Code     0  memseta.o(.text)
    __aeabi_memset8                          0x08000273   Thumb Code     0  memseta.o(.text)
    __aeabi_memclr                           0x08000281   Thumb Code     4  memseta.o(.text)
    __aeabi_memclr4                          0x08000281   Thumb Code     0  memseta.o(.text)
    __aeabi_memclr8                          0x08000281   Thumb Code     0  memseta.o(.text)
    _memset$wrapper                          0x08000285   Thumb Code    18  memseta.o(.text)
    strlen                                   0x08000297   Thumb Code    14  strlen.o(.text)
    __aeabi_f2d                              0x080002a5   Thumb Code    38  f2d.o(.text)
    __aeabi_uidiv                            0x080002cb   Thumb Code     0  uidiv.o(.text)
    __aeabi_uidivmod                         0x080002cb   Thumb Code    44  uidiv.o(.text)
    __aeabi_llsl                             0x080002f7   Thumb Code    30  llshl.o(.text)
    _ll_shift_l                              0x080002f7   Thumb Code     0  llshl.o(.text)
    __aeabi_llsr                             0x08000315   Thumb Code    32  llushr.o(.text)
    _ll_ushift_r                             0x08000315   Thumb Code     0  llushr.o(.text)
    __I$use$fp                               0x08000335   Thumb Code     0  iusefp.o(.text)
    __aeabi_dadd                             0x08000335   Thumb Code   322  dadd.o(.text)
    __aeabi_dsub                             0x08000477   Thumb Code     6  dadd.o(.text)
    __aeabi_drsub                            0x0800047d   Thumb Code     6  dadd.o(.text)
    __aeabi_dmul                             0x08000483   Thumb Code   228  dmul.o(.text)
    __aeabi_ddiv                             0x08000567   Thumb Code   222  ddiv.o(.text)
    __aeabi_d2ulz                            0x08000645   Thumb Code    48  dfixul.o(.text)
    __aeabi_cdrcmple                         0x08000675   Thumb Code    48  cdrcmple.o(.text)
    __scatterload                            0x080006a5   Thumb Code    28  init.o(.text)
    __scatterload_rt2                        0x080006a5   Thumb Code     0  init.o(.text)
    __aeabi_lasr                             0x080006c9   Thumb Code    36  llsshr.o(.text)
    _ll_sshift_r                             0x080006c9   Thumb Code     0  llsshr.o(.text)
    _double_round                            0x080006ed   Thumb Code    30  depilogue.o(.text)
    _double_epilogue                         0x0800070b   Thumb Code   156  depilogue.o(.text)
    BusFault_Handler                         0x080007a7   Thumb Code     2  stm32g4xx_it.o(i.BusFault_Handler)
    DebugMon_Handler                         0x080007a9   Thumb Code     2  stm32g4xx_it.o(i.DebugMon_Handler)
    Delay_LCD                                0x080007ab   Thumb Code    28  lcd.o(i.Delay_LCD)
    Error_Handler                            0x080007c7   Thumb Code     2  main.o(i.Error_Handler)
    HAL_DMA_Abort                            0x080007c9   Thumb Code   106  stm32g4xx_hal_dma.o(i.HAL_DMA_Abort)
    HAL_DMA_Abort_IT                         0x08000833   Thumb Code   120  stm32g4xx_hal_dma.o(i.HAL_DMA_Abort_IT)
    HAL_Delay                                0x080008ad   Thumb Code    32  stm32g4xx_hal.o(i.HAL_Delay)
    HAL_GPIO_Init                            0x080008d1   Thumb Code   550  stm32g4xx_hal_gpio.o(i.HAL_GPIO_Init)
    HAL_GPIO_ReadPin                         0x08000b19   Thumb Code    10  stm32g4xx_hal_gpio.o(i.HAL_GPIO_ReadPin)
    HAL_GPIO_WritePin                        0x08000b23   Thumb Code    10  stm32g4xx_hal_gpio.o(i.HAL_GPIO_WritePin)
    HAL_GetTick                              0x08000b2d   Thumb Code     6  stm32g4xx_hal.o(i.HAL_GetTick)
    HAL_IncTick                              0x08000b39   Thumb Code    12  stm32g4xx_hal.o(i.HAL_IncTick)
    HAL_Init                                 0x08000b49   Thumb Code    30  stm32g4xx_hal.o(i.HAL_Init)
    HAL_InitTick                             0x08000b69   Thumb Code    58  stm32g4xx_hal.o(i.HAL_InitTick)
    HAL_MspInit                              0x08000bad   Thumb Code    42  stm32g4xx_hal_msp.o(i.HAL_MspInit)
    HAL_NVIC_EnableIRQ                       0x08000bdd   Thumb Code    26  stm32g4xx_hal_cortex.o(i.HAL_NVIC_EnableIRQ)
    HAL_NVIC_SetPriority                     0x08000bf9   Thumb Code    60  stm32g4xx_hal_cortex.o(i.HAL_NVIC_SetPriority)
    HAL_NVIC_SetPriorityGrouping             0x08000c39   Thumb Code    26  stm32g4xx_hal_cortex.o(i.HAL_NVIC_SetPriorityGrouping)
    HAL_PWREx_ControlVoltageScaling          0x08000c5d   Thumb Code   174  stm32g4xx_hal_pwr_ex.o(i.HAL_PWREx_ControlVoltageScaling)
    HAL_PWREx_DisableUCPDDeadBattery         0x08000d19   Thumb Code    12  stm32g4xx_hal_pwr_ex.o(i.HAL_PWREx_DisableUCPDDeadBattery)
    HAL_RCCEx_PeriphCLKConfig                0x08000d29   Thumb Code   638  stm32g4xx_hal_rcc_ex.o(i.HAL_RCCEx_PeriphCLKConfig)
    HAL_RCC_ClockConfig                      0x08000fb1   Thumb Code   444  stm32g4xx_hal_rcc.o(i.HAL_RCC_ClockConfig)
    HAL_RCC_GetPCLK1Freq                     0x0800118d   Thumb Code    24  stm32g4xx_hal_rcc.o(i.HAL_RCC_GetPCLK1Freq)
    HAL_RCC_GetPCLK2Freq                     0x080011b1   Thumb Code    24  stm32g4xx_hal_rcc.o(i.HAL_RCC_GetPCLK2Freq)
    HAL_RCC_GetSysClockFreq                  0x080011d5   Thumb Code    98  stm32g4xx_hal_rcc.o(i.HAL_RCC_GetSysClockFreq)
    HAL_RCC_OscConfig                        0x08001245   Thumb Code  1036  stm32g4xx_hal_rcc.o(i.HAL_RCC_OscConfig)
    HAL_SYSTICK_Config                       0x08001651   Thumb Code    40  stm32g4xx_hal_cortex.o(i.HAL_SYSTICK_Config)
    HAL_TIMEx_Break2Callback                 0x08001679   Thumb Code     2  stm32g4xx_hal_tim_ex.o(i.HAL_TIMEx_Break2Callback)
    HAL_TIMEx_BreakCallback                  0x0800167b   Thumb Code     2  stm32g4xx_hal_tim_ex.o(i.HAL_TIMEx_BreakCallback)
    HAL_TIMEx_CommutCallback                 0x0800167d   Thumb Code     2  stm32g4xx_hal_tim_ex.o(i.HAL_TIMEx_CommutCallback)
    HAL_TIMEx_ConfigBreakDeadTime            0x08001681   Thumb Code   164  stm32g4xx_hal_tim_ex.o(i.HAL_TIMEx_ConfigBreakDeadTime)
    HAL_TIMEx_DirectionChangeCallback        0x0800172d   Thumb Code     2  stm32g4xx_hal_tim_ex.o(i.HAL_TIMEx_DirectionChangeCallback)
    HAL_TIMEx_EncoderIndexCallback           0x0800172f   Thumb Code     2  stm32g4xx_hal_tim_ex.o(i.HAL_TIMEx_EncoderIndexCallback)
    HAL_TIMEx_IndexErrorCallback             0x08001731   Thumb Code     2  stm32g4xx_hal_tim_ex.o(i.HAL_TIMEx_IndexErrorCallback)
    HAL_TIMEx_MasterConfigSynchronization    0x08001735   Thumb Code   132  stm32g4xx_hal_tim_ex.o(i.HAL_TIMEx_MasterConfigSynchronization)
    HAL_TIMEx_TransitionErrorCallback        0x080017d1   Thumb Code     2  stm32g4xx_hal_tim_ex.o(i.HAL_TIMEx_TransitionErrorCallback)
    HAL_TIM_Base_Init                        0x080017d3   Thumb Code    98  stm32g4xx_hal_tim.o(i.HAL_TIM_Base_Init)
    HAL_TIM_Base_MspInit                     0x08001835   Thumb Code    72  tim.o(i.HAL_TIM_Base_MspInit)
    HAL_TIM_Base_Start_IT                    0x08001889   Thumb Code    94  stm32g4xx_hal_tim.o(i.HAL_TIM_Base_Start_IT)
    HAL_TIM_ConfigClockSource                0x08001901   Thumb Code   246  stm32g4xx_hal_tim.o(i.HAL_TIM_ConfigClockSource)
    HAL_TIM_IC_CaptureCallback               0x08001a01   Thumb Code     2  stm32g4xx_hal_tim.o(i.HAL_TIM_IC_CaptureCallback)
    HAL_TIM_IRQHandler                       0x08001a03   Thumb Code   508  stm32g4xx_hal_tim.o(i.HAL_TIM_IRQHandler)
    HAL_TIM_MspPostInit                      0x08001c01   Thumb Code    72  tim.o(i.HAL_TIM_MspPostInit)
    HAL_TIM_OC_DelayElapsedCallback          0x08001c51   Thumb Code     2  stm32g4xx_hal_tim.o(i.HAL_TIM_OC_DelayElapsedCallback)
    HAL_TIM_PWM_ConfigChannel                0x08001c53   Thumb Code   292  stm32g4xx_hal_tim.o(i.HAL_TIM_PWM_ConfigChannel)
    HAL_TIM_PWM_Init                         0x08001d77   Thumb Code    98  stm32g4xx_hal_tim.o(i.HAL_TIM_PWM_Init)
    HAL_TIM_PWM_MspInit                      0x08001dd9   Thumb Code     2  stm32g4xx_hal_tim.o(i.HAL_TIM_PWM_MspInit)
    HAL_TIM_PWM_PulseFinishedCallback        0x08001ddb   Thumb Code     2  stm32g4xx_hal_tim.o(i.HAL_TIM_PWM_PulseFinishedCallback)
    HAL_TIM_PWM_Start                        0x08001ddd   Thumb Code   218  stm32g4xx_hal_tim.o(i.HAL_TIM_PWM_Start)
    HAL_TIM_PeriodElapsedCallback            0x08001ed9   Thumb Code   136  interrupt.o(i.HAL_TIM_PeriodElapsedCallback)
    HAL_TIM_TriggerCallback                  0x08001f6d   Thumb Code     2  stm32g4xx_hal_tim.o(i.HAL_TIM_TriggerCallback)
    HAL_UARTEx_DisableFifoMode               0x08001f6f   Thumb Code    62  stm32g4xx_hal_uart_ex.o(i.HAL_UARTEx_DisableFifoMode)
    HAL_UARTEx_RxEventCallback               0x08001fad   Thumb Code     2  stm32g4xx_hal_uart.o(i.HAL_UARTEx_RxEventCallback)
    HAL_UARTEx_RxFifoFullCallback            0x08001faf   Thumb Code     2  stm32g4xx_hal_uart_ex.o(i.HAL_UARTEx_RxFifoFullCallback)
    HAL_UARTEx_SetRxFifoThreshold            0x08001fb1   Thumb Code    76  stm32g4xx_hal_uart_ex.o(i.HAL_UARTEx_SetRxFifoThreshold)
    HAL_UARTEx_SetTxFifoThreshold            0x08001ffd   Thumb Code    76  stm32g4xx_hal_uart_ex.o(i.HAL_UARTEx_SetTxFifoThreshold)
    HAL_UARTEx_TxFifoEmptyCallback           0x08002049   Thumb Code     2  stm32g4xx_hal_uart_ex.o(i.HAL_UARTEx_TxFifoEmptyCallback)
    HAL_UARTEx_WakeupCallback                0x0800204b   Thumb Code     2  stm32g4xx_hal_uart_ex.o(i.HAL_UARTEx_WakeupCallback)
    HAL_UART_ErrorCallback                   0x0800204d   Thumb Code     2  stm32g4xx_hal_uart.o(i.HAL_UART_ErrorCallback)
    HAL_UART_IRQHandler                      0x08002051   Thumb Code   722  stm32g4xx_hal_uart.o(i.HAL_UART_IRQHandler)
    HAL_UART_Init                            0x08002331   Thumb Code   106  stm32g4xx_hal_uart.o(i.HAL_UART_Init)
    HAL_UART_MspInit                         0x0800239d   Thumb Code   132  usart.o(i.HAL_UART_MspInit)
    HAL_UART_Receive_IT                      0x08002429   Thumb Code    80  stm32g4xx_hal_uart.o(i.HAL_UART_Receive_IT)
    HAL_UART_RxCpltCallback                  0x0800247d   Thumb Code    22  interrupt.o(i.HAL_UART_RxCpltCallback)
    HAL_UART_Transmit                        0x080024a1   Thumb Code   188  stm32g4xx_hal_uart.o(i.HAL_UART_Transmit)
    HAL_UART_TxCpltCallback                  0x0800255d   Thumb Code     2  stm32g4xx_hal_uart.o(i.HAL_UART_TxCpltCallback)
    HardFault_Handler                        0x0800255f   Thumb Code     2  stm32g4xx_it.o(i.HardFault_Handler)
    LCD_BusIn                                0x08002561   Thumb Code    40  lcd.o(i.LCD_BusIn)
    LCD_BusOut                               0x0800258d   Thumb Code    42  lcd.o(i.LCD_BusOut)
    LCD_Clear                                0x080025bd   Thumb Code    36  lcd.o(i.LCD_Clear)
    LCD_CtrlLinesConfig                      0x080025e1   Thumb Code   136  lcd.o(i.LCD_CtrlLinesConfig)
    LCD_DisplayChar                          0x08002671   Thumb Code    18  lcd.o(i.LCD_DisplayChar)
    LCD_DisplayStringLine                    0x08002689   Thumb Code    42  lcd.o(i.LCD_DisplayStringLine)
    LCD_DrawChar                             0x080026b5   Thumb Code    84  lcd.o(i.LCD_DrawChar)
    LCD_Init                                 0x0800270d   Thumb Code    46  lcd.o(i.LCD_Init)
    LCD_ReadReg                              0x08002741   Thumb Code   120  lcd.o(i.LCD_ReadReg)
    LCD_SetBackColor                         0x080027c1   Thumb Code    12  lcd.o(i.LCD_SetBackColor)
    LCD_SetCursor                            0x080027d1   Thumb Code    24  lcd.o(i.LCD_SetCursor)
    LCD_SetTextColor                         0x080027e9   Thumb Code    12  lcd.o(i.LCD_SetTextColor)
    LCD_WriteRAM                             0x080027f9   Thumb Code    80  lcd.o(i.LCD_WriteRAM)
    LCD_WriteRAM_Prepare                     0x08002851   Thumb Code    82  lcd.o(i.LCD_WriteRAM_Prepare)
    LCD_WriteReg                             0x080028ad   Thumb Code   100  lcd.o(i.LCD_WriteReg)
    LD1_off                                  0x08002919   Thumb Code    38  led.o(i.LD1_off)
    LD1_on                                   0x08002949   Thumb Code    40  led.o(i.LD1_on)
    LD2_off                                  0x08002979   Thumb Code    38  led.o(i.LD2_off)
    LD2_on                                   0x080029a9   Thumb Code    40  led.o(i.LD2_on)
    MX_GPIO_Init                             0x080029d9   Thumb Code   268  gpio.o(i.MX_GPIO_Init)
    MX_TIM17_Init                            0x08002af5   Thumb Code   144  tim.o(i.MX_TIM17_Init)
    MX_TIM3_Init                             0x08002b8d   Thumb Code    96  tim.o(i.MX_TIM3_Init)
    MX_USART1_UART_Init                      0x08002bf5   Thumb Code    94  usart.o(i.MX_USART1_UART_Init)
    MemManage_Handler                        0x08002c5d   Thumb Code     2  stm32g4xx_it.o(i.MemManage_Handler)
    NMI_Handler                              0x08002c5f   Thumb Code     2  stm32g4xx_it.o(i.NMI_Handler)
    PendSV_Handler                           0x08002c61   Thumb Code     2  stm32g4xx_it.o(i.PendSV_Handler)
    REG_8230_Init                            0x08002c63   Thumb Code   274  lcd.o(i.REG_8230_Init)
    REG_932X_Init                            0x08002d75   Thumb Code   514  lcd.o(i.REG_932X_Init)
    SVC_Handler                              0x08002f77   Thumb Code     2  stm32g4xx_it.o(i.SVC_Handler)
    SysTick_Handler                          0x08002f79   Thumb Code     4  stm32g4xx_it.o(i.SysTick_Handler)
    SystemClock_Config                       0x08002f7d   Thumb Code    90  main.o(i.SystemClock_Config)
    SystemInit                               0x08002fd9   Thumb Code    22  system_stm32g4xx.o(i.SystemInit)
    TIM3_IRQHandler                          0x08002ff5   Thumb Code     6  stm32g4xx_it.o(i.TIM3_IRQHandler)
    TIM_Base_SetConfig                       0x08003001   Thumb Code   146  stm32g4xx_hal_tim.o(i.TIM_Base_SetConfig)
    TIM_CCxChannelCmd                        0x080030b1   Thumb Code    26  stm32g4xx_hal_tim.o(i.TIM_CCxChannelCmd)
    TIM_ETR_SetConfig                        0x080030cb   Thumb Code    20  stm32g4xx_hal_tim.o(i.TIM_ETR_SetConfig)
    TIM_OC2_SetConfig                        0x08003191   Thumb Code   120  stm32g4xx_hal_tim.o(i.TIM_OC2_SetConfig)
    UART_AdvFeatureConfig                    0x080034ad   Thumb Code   200  stm32g4xx_hal_uart.o(i.UART_AdvFeatureConfig)
    UART_CheckIdleState                      0x08003575   Thumb Code    96  stm32g4xx_hal_uart.o(i.UART_CheckIdleState)
    UART_SetConfig                           0x08003a6d   Thumb Code   582  stm32g4xx_hal_uart.o(i.UART_SetConfig)
    UART_Start_Receive_IT                    0x08003ce1   Thumb Code   262  stm32g4xx_hal_uart.o(i.UART_Start_Receive_IT)
    UART_WaitOnFlagUntilTimeout              0x08003df9   Thumb Code   198  stm32g4xx_hal_uart.o(i.UART_WaitOnFlagUntilTimeout)
    USART1_IRQHandler                        0x08003ec1   Thumb Code     6  stm32g4xx_it.o(i.USART1_IRQHandler)
    UsageFault_Handler                       0x08003ecd   Thumb Code     2  stm32g4xx_it.o(i.UsageFault_Handler)
    __0sprintf                               0x08003ed1   Thumb Code    34  printfa.o(i.__0sprintf)
    __1sprintf                               0x08003ed1   Thumb Code     0  printfa.o(i.__0sprintf)
    __2sprintf                               0x08003ed1   Thumb Code     0  printfa.o(i.__0sprintf)
    __c89sprintf                             0x08003ed1   Thumb Code     0  printfa.o(i.__0sprintf)
    sprintf                                  0x08003ed1   Thumb Code     0  printfa.o(i.__0sprintf)
    __scatterload_copy                       0x08003f19   Thumb Code    14  handlers.o(i.__scatterload_copy)
    __scatterload_null                       0x08003f27   Thumb Code     2  handlers.o(i.__scatterload_null)
    __scatterload_zeroinit                   0x08003f29   Thumb Code    14  handlers.o(i.__scatterload_zeroinit)
    disp_proc                                0x080047f5   Thumb Code   192  main.o(i.disp_proc)
    inputdata_proc                           0x08004941   Thumb Code   934  main.o(i.inputdata_proc)
    key_proc                                 0x08004d51   Thumb Code   148  main.o(i.key_proc)
    led_init                                 0x08004df1   Thumb Code    40  led.o(i.led_init)
    led_proc                                 0x08004e21   Thumb Code    50  main.o(i.led_proc)
    main                                     0x08004e59   Thumb Code   120  main.o(i.main)
    pwm_proc                                 0x08004ee5   Thumb Code    16  main.o(i.pwm_proc)
    rx_proc                                  0x08004efd   Thumb Code   308  main.o(i.rx_proc)
    ASCII_Table                              0x08005048   Data        4560  lcd.o(.constdata)
    AHBPrescTable                            0x08006218   Data          16  system_stm32g4xx.o(.constdata)
    APBPrescTable                            0x08006228   Data           8  system_stm32g4xx.o(.constdata)
    UARTPrescTable                           0x08006230   Data          24  stm32g4xx_hal_uart.o(.constdata)
    Region$$Table$$Base                      0x08006258   Number         0  anon$$obj.o(Region$$Table)
    Region$$Table$$Limit                     0x08006278   Number         0  anon$$obj.o(Region$$Table)
    dummy                                    0x20000004   Data           2  lcd.o(.data)
    view                                     0x20000008   Data           1  main.o(.data)
    pwm_sta                                  0x20000009   Data           1  main.o(.data)
    cnbr_num                                 0x2000000a   Data           1  main.o(.data)
    vnbr_num                                 0x2000000b   Data           1  main.o(.data)
    ok_flag                                  0x2000000c   Data           1  main.o(.data)
    Y                                        0x2000000d   Data           1  main.o(.data)
    M                                        0x2000000e   Data           1  main.o(.data)
    D                                        0x2000000f   Data           1  main.o(.data)
    h                                        0x20000010   Data           1  main.o(.data)
    m                                        0x20000011   Data           1  main.o(.data)
    s                                        0x20000012   Data           1  main.o(.data)
    cnbr                                     0x20000014   Data           4  main.o(.data)
    vnbr                                     0x20000018   Data           4  main.o(.data)
    car_time                                 0x2000001c   Data           4  main.o(.data)
    now_time                                 0x20000020   Data           4  main.o(.data)
    difference_time                          0x20000024   Data           4  main.o(.data)
    car_type                                 0x20000028   Data           5  main.o(.data)
    car_name                                 0x2000002d   Data           5  main.o(.data)
    SystemCoreClock                          0x20000034   Data           4  system_stm32g4xx.o(.data)
    rxbuf                                    0x20000038   Data           1  interrupt.o(.data)
    rxpointer                                0x20000039   Data           1  interrupt.o(.data)
    key                                      0x2000003a   Data          12  interrupt.o(.data)
    uwTickPrio                               0x20000048   Data           4  stm32g4xx_hal.o(.data)
    uwTickFreq                               0x2000004c   Data           4  stm32g4xx_hal.o(.data)
    uwTick                                   0x20000050   Data           4  stm32g4xx_hal.o(.data)
    car                                      0x20000054   Data         136  main.o(.bss)
    htim3                                    0x200000dc   Data          76  tim.o(.bss)
    htim17                                   0x20000128   Data          76  tim.o(.bss)
    huart1                                   0x20000174   Data         144  usart.o(.bss)
    rxdata                                   0x20000204   Data          30  interrupt.o(.bss)
    __initial_sp                             0x20000628   Data           0  startup_stm32g431xx.o(STACK)



==============================================================================

Memory Map of the image

  Image Entry point : 0x080001d9

  Load Region LR_IROM1 (Base: 0x08000000, Size: 0x000062cc, Max: 0x00020000, ABSOLUTE)

    Execution Region ER_IROM1 (Exec base: 0x08000000, Load base: 0x08000000, Size: 0x00006278, Max: 0x00020000, ABSOLUTE)

    Exec Addr    Load Addr    Size         Type   Attr      Idx    E Section Name        Object

    0x08000000   0x08000000   0x000001d8   Data   RO            3    RESET               startup_stm32g431xx.o
    0x080001d8   0x080001d8   0x00000000   Code   RO         3936  * .ARM.Collect$$$$00000000  mc_w.l(entry.o)
    0x080001d8   0x080001d8   0x00000004   Code   RO         4208    .ARM.Collect$$$$00000001  mc_w.l(entry2.o)
    0x080001dc   0x080001dc   0x00000004   Code   RO         4211    .ARM.Collect$$$$00000004  mc_w.l(entry5.o)
    0x080001e0   0x080001e0   0x00000000   Code   RO         4213    .ARM.Collect$$$$00000008  mc_w.l(entry7b.o)
    0x080001e0   0x080001e0   0x00000000   Code   RO         4215    .ARM.Collect$$$$0000000A  mc_w.l(entry8b.o)
    0x080001e0   0x080001e0   0x00000008   Code   RO         4216    .ARM.Collect$$$$0000000B  mc_w.l(entry9a.o)
    0x080001e8   0x080001e8   0x00000000   Code   RO         4218    .ARM.Collect$$$$0000000D  mc_w.l(entry10a.o)
    0x080001e8   0x080001e8   0x00000000   Code   RO         4220    .ARM.Collect$$$$0000000F  mc_w.l(entry11a.o)
    0x080001e8   0x080001e8   0x00000004   Code   RO         4209    .ARM.Collect$$$$00002712  mc_w.l(entry2.o)
    0x080001ec   0x080001ec   0x00000024   Code   RO            4    .text               startup_stm32g431xx.o
    0x08000210   0x08000210   0x00000062   Code   RO         3939    .text               mc_w.l(uldiv.o)
    0x08000272   0x08000272   0x00000024   Code   RO         3941    .text               mc_w.l(memseta.o)
    0x08000296   0x08000296   0x0000000e   Code   RO         3943    .text               mc_w.l(strlen.o)
    0x080002a4   0x080002a4   0x00000026   Code   RO         4206    .text               mf_w.l(f2d.o)
    0x080002ca   0x080002ca   0x0000002c   Code   RO         4225    .text               mc_w.l(uidiv.o)
    0x080002f6   0x080002f6   0x0000001e   Code   RO         4227    .text               mc_w.l(llshl.o)
    0x08000314   0x08000314   0x00000020   Code   RO         4229    .text               mc_w.l(llushr.o)
    0x08000334   0x08000334   0x00000000   Code   RO         4231    .text               mc_w.l(iusefp.o)
    0x08000334   0x08000334   0x0000014e   Code   RO         4232    .text               mf_w.l(dadd.o)
    0x08000482   0x08000482   0x000000e4   Code   RO         4234    .text               mf_w.l(dmul.o)
    0x08000566   0x08000566   0x000000de   Code   RO         4236    .text               mf_w.l(ddiv.o)
    0x08000644   0x08000644   0x00000030   Code   RO         4238    .text               mf_w.l(dfixul.o)
    0x08000674   0x08000674   0x00000030   Code   RO         4240    .text               mf_w.l(cdrcmple.o)
    0x080006a4   0x080006a4   0x00000024   Code   RO         4242    .text               mc_w.l(init.o)
    0x080006c8   0x080006c8   0x00000024   Code   RO         4245    .text               mc_w.l(llsshr.o)
    0x080006ec   0x080006ec   0x000000ba   Code   RO         4248    .text               mf_w.l(depilogue.o)
    0x080007a6   0x080007a6   0x00000002   Code   RO          549    i.BusFault_Handler  stm32g4xx_it.o
    0x080007a8   0x080007a8   0x00000002   Code   RO          550    i.DebugMon_Handler  stm32g4xx_it.o
    0x080007aa   0x080007aa   0x0000001c   Code   RO           13    i.Delay_LCD         lcd.o
    0x080007c6   0x080007c6   0x00000002   Code   RO          347    i.Error_Handler     main.o
    0x080007c8   0x080007c8   0x0000006a   Code   RO         3008    i.HAL_DMA_Abort     stm32g4xx_hal_dma.o
    0x08000832   0x08000832   0x00000078   Code   RO         3009    i.HAL_DMA_Abort_IT  stm32g4xx_hal_dma.o
    0x080008aa   0x080008aa   0x00000002   PAD
    0x080008ac   0x080008ac   0x00000024   Code   RO         2179    i.HAL_Delay         stm32g4xx_hal.o
    0x080008d0   0x080008d0   0x00000248   Code   RO         2870    i.HAL_GPIO_Init     stm32g4xx_hal_gpio.o
    0x08000b18   0x08000b18   0x0000000a   Code   RO         2872    i.HAL_GPIO_ReadPin  stm32g4xx_hal_gpio.o
    0x08000b22   0x08000b22   0x0000000a   Code   RO         2874    i.HAL_GPIO_WritePin  stm32g4xx_hal_gpio.o
    0x08000b2c   0x08000b2c   0x0000000c   Code   RO         2183    i.HAL_GetTick       stm32g4xx_hal.o
    0x08000b38   0x08000b38   0x00000010   Code   RO         2186    i.HAL_IncTick       stm32g4xx_hal.o
    0x08000b48   0x08000b48   0x0000001e   Code   RO         2187    i.HAL_Init          stm32g4xx_hal.o
    0x08000b66   0x08000b66   0x00000002   PAD
    0x08000b68   0x08000b68   0x00000044   Code   RO         2188    i.HAL_InitTick      stm32g4xx_hal.o
    0x08000bac   0x08000bac   0x00000030   Code   RO          637    i.HAL_MspInit       stm32g4xx_hal_msp.o
    0x08000bdc   0x08000bdc   0x0000001a   Code   RO         3277    i.HAL_NVIC_EnableIRQ  stm32g4xx_hal_cortex.o
    0x08000bf6   0x08000bf6   0x00000002   PAD
    0x08000bf8   0x08000bf8   0x00000040   Code   RO         3283    i.HAL_NVIC_SetPriority  stm32g4xx_hal_cortex.o
    0x08000c38   0x08000c38   0x00000024   Code   RO         3284    i.HAL_NVIC_SetPriorityGrouping  stm32g4xx_hal_cortex.o
    0x08000c5c   0x08000c5c   0x000000bc   Code   RO         1933    i.HAL_PWREx_ControlVoltageScaling  stm32g4xx_hal_pwr_ex.o
    0x08000d18   0x08000d18   0x00000010   Code   RO         1945    i.HAL_PWREx_DisableUCPDDeadBattery  stm32g4xx_hal_pwr_ex.o
    0x08000d28   0x08000d28   0x00000288   Code   RO         2532    i.HAL_RCCEx_PeriphCLKConfig  stm32g4xx_hal_rcc_ex.o
    0x08000fb0   0x08000fb0   0x000001dc   Code   RO         2407    i.HAL_RCC_ClockConfig  stm32g4xx_hal_rcc.o
    0x0800118c   0x0800118c   0x00000024   Code   RO         2415    i.HAL_RCC_GetPCLK1Freq  stm32g4xx_hal_rcc.o
    0x080011b0   0x080011b0   0x00000024   Code   RO         2416    i.HAL_RCC_GetPCLK2Freq  stm32g4xx_hal_rcc.o
    0x080011d4   0x080011d4   0x00000070   Code   RO         2417    i.HAL_RCC_GetSysClockFreq  stm32g4xx_hal_rcc.o
    0x08001244   0x08001244   0x0000040c   Code   RO         2420    i.HAL_RCC_OscConfig  stm32g4xx_hal_rcc.o
    0x08001650   0x08001650   0x00000028   Code   RO         3288    i.HAL_SYSTICK_Config  stm32g4xx_hal_cortex.o
    0x08001678   0x08001678   0x00000002   Code   RO         1503    i.HAL_TIMEx_Break2Callback  stm32g4xx_hal_tim_ex.o
    0x0800167a   0x0800167a   0x00000002   Code   RO         1504    i.HAL_TIMEx_BreakCallback  stm32g4xx_hal_tim_ex.o
    0x0800167c   0x0800167c   0x00000002   Code   RO         1505    i.HAL_TIMEx_CommutCallback  stm32g4xx_hal_tim_ex.o
    0x0800167e   0x0800167e   0x00000002   PAD
    0x08001680   0x08001680   0x000000ac   Code   RO         1508    i.HAL_TIMEx_ConfigBreakDeadTime  stm32g4xx_hal_tim_ex.o
    0x0800172c   0x0800172c   0x00000002   Code   RO         1516    i.HAL_TIMEx_DirectionChangeCallback  stm32g4xx_hal_tim_ex.o
    0x0800172e   0x0800172e   0x00000002   Code   RO         1530    i.HAL_TIMEx_EncoderIndexCallback  stm32g4xx_hal_tim_ex.o
    0x08001730   0x08001730   0x00000002   Code   RO         1544    i.HAL_TIMEx_IndexErrorCallback  stm32g4xx_hal_tim_ex.o
    0x08001732   0x08001732   0x00000002   PAD
    0x08001734   0x08001734   0x0000009c   Code   RO         1545    i.HAL_TIMEx_MasterConfigSynchronization  stm32g4xx_hal_tim_ex.o
    0x080017d0   0x080017d0   0x00000002   Code   RO         1566    i.HAL_TIMEx_TransitionErrorCallback  stm32g4xx_hal_tim_ex.o
    0x080017d2   0x080017d2   0x00000062   Code   RO          789    i.HAL_TIM_Base_Init  stm32g4xx_hal_tim.o
    0x08001834   0x08001834   0x00000054   Code   RO          454    i.HAL_TIM_Base_MspInit  tim.o
    0x08001888   0x08001888   0x00000078   Code   RO          794    i.HAL_TIM_Base_Start_IT  stm32g4xx_hal_tim.o
    0x08001900   0x08001900   0x00000100   Code   RO          798    i.HAL_TIM_ConfigClockSource  stm32g4xx_hal_tim.o
    0x08001a00   0x08001a00   0x00000002   Code   RO          823    i.HAL_TIM_IC_CaptureCallback  stm32g4xx_hal_tim.o
    0x08001a02   0x08001a02   0x000001fc   Code   RO          837    i.HAL_TIM_IRQHandler  stm32g4xx_hal_tim.o
    0x08001bfe   0x08001bfe   0x00000002   PAD
    0x08001c00   0x08001c00   0x00000050   Code   RO          455    i.HAL_TIM_MspPostInit  tim.o
    0x08001c50   0x08001c50   0x00000002   Code   RO          840    i.HAL_TIM_OC_DelayElapsedCallback  stm32g4xx_hal_tim.o
    0x08001c52   0x08001c52   0x00000124   Code   RO          861    i.HAL_TIM_PWM_ConfigChannel  stm32g4xx_hal_tim.o
    0x08001d76   0x08001d76   0x00000062   Code   RO          864    i.HAL_TIM_PWM_Init  stm32g4xx_hal_tim.o
    0x08001dd8   0x08001dd8   0x00000002   Code   RO          866    i.HAL_TIM_PWM_MspInit  stm32g4xx_hal_tim.o
    0x08001dda   0x08001dda   0x00000002   Code   RO          867    i.HAL_TIM_PWM_PulseFinishedCallback  stm32g4xx_hal_tim.o
    0x08001ddc   0x08001ddc   0x000000fc   Code   RO          869    i.HAL_TIM_PWM_Start  stm32g4xx_hal_tim.o
    0x08001ed8   0x08001ed8   0x00000094   Code   RO          699    i.HAL_TIM_PeriodElapsedCallback  interrupt.o
    0x08001f6c   0x08001f6c   0x00000002   Code   RO          880    i.HAL_TIM_TriggerCallback  stm32g4xx_hal_tim.o
    0x08001f6e   0x08001f6e   0x0000003e   Code   RO         3827    i.HAL_UARTEx_DisableFifoMode  stm32g4xx_hal_uart_ex.o
    0x08001fac   0x08001fac   0x00000002   Code   RO         3416    i.HAL_UARTEx_RxEventCallback  stm32g4xx_hal_uart.o
    0x08001fae   0x08001fae   0x00000002   Code   RO         3834    i.HAL_UARTEx_RxFifoFullCallback  stm32g4xx_hal_uart_ex.o
    0x08001fb0   0x08001fb0   0x0000004c   Code   RO         3835    i.HAL_UARTEx_SetRxFifoThreshold  stm32g4xx_hal_uart_ex.o
    0x08001ffc   0x08001ffc   0x0000004c   Code   RO         3836    i.HAL_UARTEx_SetTxFifoThreshold  stm32g4xx_hal_uart_ex.o
    0x08002048   0x08002048   0x00000002   Code   RO         3838    i.HAL_UARTEx_TxFifoEmptyCallback  stm32g4xx_hal_uart_ex.o
    0x0800204a   0x0800204a   0x00000002   Code   RO         3839    i.HAL_UARTEx_WakeupCallback  stm32g4xx_hal_uart_ex.o
    0x0800204c   0x0800204c   0x00000002   Code   RO         3432    i.HAL_UART_ErrorCallback  stm32g4xx_hal_uart.o
    0x0800204e   0x0800204e   0x00000002   PAD
    0x08002050   0x08002050   0x000002e0   Code   RO         3435    i.HAL_UART_IRQHandler  stm32g4xx_hal_uart.o
    0x08002330   0x08002330   0x0000006a   Code   RO         3436    i.HAL_UART_Init     stm32g4xx_hal_uart.o
    0x0800239a   0x0800239a   0x00000002   PAD
    0x0800239c   0x0800239c   0x0000008c   Code   RO          508    i.HAL_UART_MspInit  usart.o
    0x08002428   0x08002428   0x00000054   Code   RO         3441    i.HAL_UART_Receive_IT  stm32g4xx_hal_uart.o
    0x0800247c   0x0800247c   0x00000024   Code   RO          700    i.HAL_UART_RxCpltCallback  interrupt.o
    0x080024a0   0x080024a0   0x000000bc   Code   RO         3445    i.HAL_UART_Transmit  stm32g4xx_hal_uart.o
    0x0800255c   0x0800255c   0x00000002   Code   RO         3448    i.HAL_UART_TxCpltCallback  stm32g4xx_hal_uart.o
    0x0800255e   0x0800255e   0x00000002   Code   RO          551    i.HardFault_Handler  stm32g4xx_it.o
    0x08002560   0x08002560   0x0000002c   Code   RO           14    i.LCD_BusIn         lcd.o
    0x0800258c   0x0800258c   0x00000030   Code   RO           15    i.LCD_BusOut        lcd.o
    0x080025bc   0x080025bc   0x00000024   Code   RO           16    i.LCD_Clear         lcd.o
    0x080025e0   0x080025e0   0x00000090   Code   RO           18    i.LCD_CtrlLinesConfig  lcd.o
    0x08002670   0x08002670   0x00000018   Code   RO           19    i.LCD_DisplayChar   lcd.o
    0x08002688   0x08002688   0x0000002a   Code   RO           22    i.LCD_DisplayStringLine  lcd.o
    0x080026b2   0x080026b2   0x00000002   PAD
    0x080026b4   0x080026b4   0x00000058   Code   RO           23    i.LCD_DrawChar      lcd.o
    0x0800270c   0x0800270c   0x00000034   Code   RO           29    i.LCD_Init          lcd.o
    0x08002740   0x08002740   0x00000080   Code   RO           32    i.LCD_ReadReg       lcd.o
    0x080027c0   0x080027c0   0x00000010   Code   RO           33    i.LCD_SetBackColor  lcd.o
    0x080027d0   0x080027d0   0x00000018   Code   RO           34    i.LCD_SetCursor     lcd.o
    0x080027e8   0x080027e8   0x00000010   Code   RO           36    i.LCD_SetTextColor  lcd.o
    0x080027f8   0x080027f8   0x00000058   Code   RO           39    i.LCD_WriteRAM      lcd.o
    0x08002850   0x08002850   0x0000005c   Code   RO           40    i.LCD_WriteRAM_Prepare  lcd.o
    0x080028ac   0x080028ac   0x0000006c   Code   RO           41    i.LCD_WriteReg      lcd.o
    0x08002918   0x08002918   0x00000030   Code   RO          736    i.LD1_off           led.o
    0x08002948   0x08002948   0x00000030   Code   RO          737    i.LD1_on            led.o
    0x08002978   0x08002978   0x00000030   Code   RO          738    i.LD2_off           led.o
    0x080029a8   0x080029a8   0x00000030   Code   RO          739    i.LD2_on            led.o
    0x080029d8   0x080029d8   0x0000011c   Code   RO          429    i.MX_GPIO_Init      gpio.o
    0x08002af4   0x08002af4   0x00000098   Code   RO          456    i.MX_TIM17_Init     tim.o
    0x08002b8c   0x08002b8c   0x00000068   Code   RO          457    i.MX_TIM3_Init      tim.o
    0x08002bf4   0x08002bf4   0x00000068   Code   RO          509    i.MX_USART1_UART_Init  usart.o
    0x08002c5c   0x08002c5c   0x00000002   Code   RO          552    i.MemManage_Handler  stm32g4xx_it.o
    0x08002c5e   0x08002c5e   0x00000002   Code   RO          553    i.NMI_Handler       stm32g4xx_it.o
    0x08002c60   0x08002c60   0x00000002   Code   RO          554    i.PendSV_Handler    stm32g4xx_it.o
    0x08002c62   0x08002c62   0x00000112   Code   RO           42    i.REG_8230_Init     lcd.o
    0x08002d74   0x08002d74   0x00000202   Code   RO           43    i.REG_932X_Init     lcd.o
    0x08002f76   0x08002f76   0x00000002   Code   RO          555    i.SVC_Handler       stm32g4xx_it.o
    0x08002f78   0x08002f78   0x00000004   Code   RO          556    i.SysTick_Handler   stm32g4xx_it.o
    0x08002f7c   0x08002f7c   0x0000005a   Code   RO          348    i.SystemClock_Config  main.o
    0x08002fd6   0x08002fd6   0x00000002   PAD
    0x08002fd8   0x08002fd8   0x0000001c   Code   RO          662    i.SystemInit        system_stm32g4xx.o
    0x08002ff4   0x08002ff4   0x0000000c   Code   RO          557    i.TIM3_IRQHandler   stm32g4xx_it.o
    0x08003000   0x08003000   0x000000b0   Code   RO          882    i.TIM_Base_SetConfig  stm32g4xx_hal_tim.o
    0x080030b0   0x080030b0   0x0000001a   Code   RO          883    i.TIM_CCxChannelCmd  stm32g4xx_hal_tim.o
    0x080030ca   0x080030ca   0x00000014   Code   RO          893    i.TIM_ETR_SetConfig  stm32g4xx_hal_tim.o
    0x080030de   0x080030de   0x00000002   PAD
    0x080030e0   0x080030e0   0x00000014   Code   RO          894    i.TIM_ITRx_SetConfig  stm32g4xx_hal_tim.o
    0x080030f4   0x080030f4   0x0000009c   Code   RO          895    i.TIM_OC1_SetConfig  stm32g4xx_hal_tim.o
    0x08003190   0x08003190   0x00000090   Code   RO          896    i.TIM_OC2_SetConfig  stm32g4xx_hal_tim.o
    0x08003220   0x08003220   0x00000090   Code   RO          897    i.TIM_OC3_SetConfig  stm32g4xx_hal_tim.o
    0x080032b0   0x080032b0   0x00000090   Code   RO          898    i.TIM_OC4_SetConfig  stm32g4xx_hal_tim.o
    0x08003340   0x08003340   0x00000070   Code   RO          899    i.TIM_OC5_SetConfig  stm32g4xx_hal_tim.o
    0x080033b0   0x080033b0   0x00000070   Code   RO          900    i.TIM_OC6_SetConfig  stm32g4xx_hal_tim.o
    0x08003420   0x08003420   0x00000022   Code   RO          902    i.TIM_TI1_ConfigInputStage  stm32g4xx_hal_tim.o
    0x08003442   0x08003442   0x00000024   Code   RO          904    i.TIM_TI2_ConfigInputStage  stm32g4xx_hal_tim.o
    0x08003466   0x08003466   0x00000002   PAD
    0x08003468   0x08003468   0x00000044   Code   RO         3840    i.UARTEx_SetNbDataToProcess  stm32g4xx_hal_uart_ex.o
    0x080034ac   0x080034ac   0x000000c8   Code   RO         3450    i.UART_AdvFeatureConfig  stm32g4xx_hal_uart.o
    0x08003574   0x08003574   0x00000060   Code   RO         3451    i.UART_CheckIdleState  stm32g4xx_hal_uart.o
    0x080035d4   0x080035d4   0x00000014   Code   RO         3452    i.UART_DMAAbortOnError  stm32g4xx_hal_uart.o
    0x080035e8   0x080035e8   0x00000054   Code   RO         3462    i.UART_EndRxTransfer  stm32g4xx_hal_uart.o
    0x0800363c   0x0800363c   0x000000a2   Code   RO         3464    i.UART_RxISR_16BIT  stm32g4xx_hal_uart.o
    0x080036de   0x080036de   0x00000002   PAD
    0x080036e0   0x080036e0   0x00000174   Code   RO         3465    i.UART_RxISR_16BIT_FIFOEN  stm32g4xx_hal_uart.o
    0x08003854   0x08003854   0x000000a2   Code   RO         3466    i.UART_RxISR_8BIT   stm32g4xx_hal_uart.o
    0x080038f6   0x080038f6   0x00000002   PAD
    0x080038f8   0x080038f8   0x00000174   Code   RO         3467    i.UART_RxISR_8BIT_FIFOEN  stm32g4xx_hal_uart.o
    0x08003a6c   0x08003a6c   0x00000274   Code   RO         3468    i.UART_SetConfig    stm32g4xx_hal_uart.o
    0x08003ce0   0x08003ce0   0x00000118   Code   RO         3470    i.UART_Start_Receive_IT  stm32g4xx_hal_uart.o
    0x08003df8   0x08003df8   0x000000c6   Code   RO         3475    i.UART_WaitOnFlagUntilTimeout  stm32g4xx_hal_uart.o
    0x08003ebe   0x08003ebe   0x00000002   PAD
    0x08003ec0   0x08003ec0   0x0000000c   Code   RO          558    i.USART1_IRQHandler  stm32g4xx_it.o
    0x08003ecc   0x08003ecc   0x00000002   Code   RO          559    i.UsageFault_Handler  stm32g4xx_it.o
    0x08003ece   0x08003ece   0x00000002   PAD
    0x08003ed0   0x08003ed0   0x00000028   Code   RO         4180    i.__0sprintf        mc_w.l(printfa.o)
    0x08003ef8   0x08003ef8   0x00000020   Code   RO         3290    i.__NVIC_SetPriority  stm32g4xx_hal_cortex.o
    0x08003f18   0x08003f18   0x0000000e   Code   RO         4252    i.__scatterload_copy  mc_w.l(handlers.o)
    0x08003f26   0x08003f26   0x00000002   Code   RO         4253    i.__scatterload_null  mc_w.l(handlers.o)
    0x08003f28   0x08003f28   0x0000000e   Code   RO         4254    i.__scatterload_zeroinit  mc_w.l(handlers.o)
    0x08003f36   0x08003f36   0x00000002   PAD
    0x08003f38   0x08003f38   0x00000184   Code   RO         4185    i._fp_digits        mc_w.l(printfa.o)
    0x080040bc   0x080040bc   0x000006dc   Code   RO         4186    i._printf_core      mc_w.l(printfa.o)
    0x08004798   0x08004798   0x00000024   Code   RO         4187    i._printf_post_padding  mc_w.l(printfa.o)
    0x080047bc   0x080047bc   0x0000002e   Code   RO         4188    i._printf_pre_padding  mc_w.l(printfa.o)
    0x080047ea   0x080047ea   0x0000000a   Code   RO         4190    i._sputc            mc_w.l(printfa.o)
    0x080047f4   0x080047f4   0x0000014c   Code   RO          349    i.disp_proc         main.o
    0x08004940   0x08004940   0x00000410   Code   RO          350    i.inputdata_proc    main.o
    0x08004d50   0x08004d50   0x000000a0   Code   RO          351    i.key_proc          main.o
    0x08004df0   0x08004df0   0x00000030   Code   RO          740    i.led_init          led.o
    0x08004e20   0x08004e20   0x00000038   Code   RO          352    i.led_proc          main.o
    0x08004e58   0x08004e58   0x0000008c   Code   RO          353    i.main              main.o
    0x08004ee4   0x08004ee4   0x00000018   Code   RO          354    i.pwm_proc          main.o
    0x08004efc   0x08004efc   0x0000014c   Code   RO          355    i.rx_proc           main.o
    0x08005048   0x08005048   0x000011d0   Data   RO           44    .constdata          lcd.o
    0x08006218   0x08006218   0x00000010   Data   RO          663    .constdata          system_stm32g4xx.o
    0x08006228   0x08006228   0x00000008   Data   RO          664    .constdata          system_stm32g4xx.o
    0x08006230   0x08006230   0x00000018   Data   RO         3476    .constdata          stm32g4xx_hal_uart.o
    0x08006248   0x08006248   0x00000010   Data   RO         3841    .constdata          stm32g4xx_hal_uart_ex.o
    0x08006258   0x08006258   0x00000020   Data   RO         4250    Region$$Table       anon$$obj.o


    Execution Region RW_IRAM1 (Exec base: 0x20000000, Load base: 0x08006278, Size: 0x00000628, Max: 0x00008000, ABSOLUTE)

    Exec Addr    Load Addr    Size         Type   Attr      Idx    E Section Name        Object

    0x20000000   0x08006278   0x00000006   Data   RW           45    .data               lcd.o
    0x20000006   0x0800627e   0x00000002   PAD
    0x20000008   0x08006280   0x0000002a   Data   RW          357    .data               main.o
    0x20000032   0x080062aa   0x00000002   PAD
    0x20000034   0x080062ac   0x00000004   Data   RW          665    .data               system_stm32g4xx.o
    0x20000038   0x080062b0   0x0000000e   Data   RW          702    .data               interrupt.o
    0x20000046   0x080062be   0x00000002   PAD
    0x20000048   0x080062c0   0x0000000c   Data   RW         2207    .data               stm32g4xx_hal.o
    0x20000054        -       0x00000088   Zero   RW          356    .bss                main.o
    0x200000dc        -       0x00000098   Zero   RW          458    .bss                tim.o
    0x20000174        -       0x00000090   Zero   RW          510    .bss                usart.o
    0x20000204        -       0x0000001e   Zero   RW          701    .bss                interrupt.o
    0x20000222   0x080062cc   0x00000006   PAD
    0x20000228        -       0x00000400   Zero   RW            1    STACK               startup_stm32g431xx.o


==============================================================================

Image component sizes


      Code (inc. data)   RO Data    RW Data    ZI Data      Debug   Object Name

       284         16          0          0          0       1007   gpio.o
       184         26          0         14         30       2103   interrupt.o
      1766         76       4560          6          0     654803   lcd.o
       240         44          0          0          0       2273   led.o
      2176        330          0         42        136       7352   main.o
        36          8        472          0       1024        824   startup_stm32g431xx.o
       162         24          0         12          0       4229   stm32g4xx_hal.o
       198         14          0          0          0      33751   stm32g4xx_hal_cortex.o
       226          0          0          0          0       1899   stm32g4xx_hal_dma.o
       604         34          0          0          0       2955   stm32g4xx_hal_gpio.o
        48          6          0          0          0        810   stm32g4xx_hal_msp.o
       204         18          0          0          0       1377   stm32g4xx_hal_pwr_ex.o
      1696         92          0          0          0       6196   stm32g4xx_hal_rcc.o
       648         10          0          0          0       1852   stm32g4xx_hal_rcc_ex.o
      2758        260          0          0          0      18426   stm32g4xx_hal_tim.o
       342         32          0          0          0       6192   stm32g4xx_hal_tim_ex.o
      3694        124         24          0          0      36366   stm32g4xx_hal_uart.o
       288          6         16          0          0       5262   stm32g4xx_hal_uart_ex.o
        44         12          0          0          0       4860   stm32g4xx_it.o
        28          6         24          4          0       1095   system_stm32g4xx.o
       420         36          0          0        152       2971   tim.o
       244         18          0          0        144       1714   usart.o

    ----------------------------------------------------------------------
     16322       1192       5128         84       1492     798317   Object Totals
         0          0         32          0          0          0   (incl. Generated)
        32          0          0          6          6          0   (incl. Padding)

    ----------------------------------------------------------------------

      Code (inc. data)   RO Data    RW Data    ZI Data      Debug   Library Member Name

         0          0          0          0          0          0   entry.o
         0          0          0          0          0          0   entry10a.o
         0          0          0          0          0          0   entry11a.o
         8          4          0          0          0          0   entry2.o
         4          0          0          0          0          0   entry5.o
         0          0          0          0          0          0   entry7b.o
         0          0          0          0          0          0   entry8b.o
         8          4          0          0          0          0   entry9a.o
        30          0          0          0          0          0   handlers.o
        36          8          0          0          0         68   init.o
         0          0          0          0          0          0   iusefp.o
        30          0          0          0          0         68   llshl.o
        36          0          0          0          0         68   llsshr.o
        32          0          0          0          0         68   llushr.o
        36          0          0          0          0        108   memseta.o
      2276         86          0          0          0        520   printfa.o
        14          0          0          0          0         68   strlen.o
        44          0          0          0          0         80   uidiv.o
        98          0          0          0          0         92   uldiv.o
        48          0          0          0          0         68   cdrcmple.o
       334          0          0          0          0        148   dadd.o
       222          0          0          0          0        100   ddiv.o
       186          0          0          0          0        176   depilogue.o
        48          0          0          0          0         68   dfixul.o
       228          0          0          0          0         96   dmul.o
        38          0          0          0          0         68   f2d.o

    ----------------------------------------------------------------------
      3758        102          0          0          0       1864   Library Totals
         2          0          0          0          0          0   (incl. Padding)

    ----------------------------------------------------------------------

      Code (inc. data)   RO Data    RW Data    ZI Data      Debug   Library Name

      2652        102          0          0          0       1140   mc_w.l
      1104          0          0          0          0        724   mf_w.l

    ----------------------------------------------------------------------
      3758        102          0          0          0       1864   Library Totals

    ----------------------------------------------------------------------

==============================================================================


      Code (inc. data)   RO Data    RW Data    ZI Data      Debug   

     20080       1294       5128         84       1492     786749   Grand Totals
     20080       1294       5128         84       1492     786749   ELF Image Totals
     20080       1294       5128         84          0          0   ROM Totals

==============================================================================

    Total RO  Size (Code + RO Data)                25208 (  24.62kB)
    Total RW  Size (RW Data + ZI Data)              1576 (   1.54kB)
    Total ROM Size (Code + RO Data + RW Data)      25292 (  24.70kB)

==============================================================================

